Archive member included to satisfy reference by file (symbol)

/Users/aaronrice/Documents/GitHub/Lab-Assignment-Watchdogs/toolchains/mac/gcc-arm-none-eabi-8-2019-q3-update/bin/../lib/gcc/arm-none-eabi/8.3.1/thumb/v7e-m+fp/hard/libgcc.a(_arm_addsubdf3.o)
                              _build_lpc40xx_freertos/objects/player1053.o (__aeabi_ui2d)
/Users/aaronrice/Documents/GitHub/Lab-Assignment-Watchdogs/toolchains/mac/gcc-arm-none-eabi-8-2019-q3-update/bin/../lib/gcc/arm-none-eabi/8.3.1/thumb/v7e-m+fp/hard/libgcc.a(_arm_muldivdf3.o)
                              _build_lpc40xx_freertos/objects/player1053.o (__aeabi_dmul)
/Users/aaronrice/Documents/GitHub/Lab-Assignment-Watchdogs/toolchains/mac/gcc-arm-none-eabi-8-2019-q3-update/bin/../lib/gcc/arm-none-eabi/8.3.1/thumb/v7e-m+fp/hard/libgcc.a(_aeabi_ldivmod.o)
                              _build_lpc40xx_freertos/objects/tasks.o (__aeabi_ldivmod)
/Users/aaronrice/Documents/GitHub/Lab-Assignment-Watchdogs/toolchains/mac/gcc-arm-none-eabi-8-2019-q3-update/bin/../lib/gcc/arm-none-eabi/8.3.1/thumb/v7e-m+fp/hard/libgcc.a(_aeabi_uldivmod.o)
                              _build_lpc40xx_freertos/objects/delay.o (__aeabi_uldivmod)
/Users/aaronrice/Documents/GitHub/Lab-Assignment-Watchdogs/toolchains/mac/gcc-arm-none-eabi-8-2019-q3-update/bin/../lib/gcc/arm-none-eabi/8.3.1/thumb/v7e-m+fp/hard/libgcc.a(_udivmoddi4.o)
                              /Users/aaronrice/Documents/GitHub/Lab-Assignment-Watchdogs/toolchains/mac/gcc-arm-none-eabi-8-2019-q3-update/bin/../lib/gcc/arm-none-eabi/8.3.1/thumb/v7e-m+fp/hard/libgcc.a(_aeabi_ldivmod.o) (__udivmoddi4)
/Users/aaronrice/Documents/GitHub/Lab-Assignment-Watchdogs/toolchains/mac/gcc-arm-none-eabi-8-2019-q3-update/bin/../lib/gcc/arm-none-eabi/8.3.1/thumb/v7e-m+fp/hard/libgcc.a(_dvmd_tls.o)
                              /Users/aaronrice/Documents/GitHub/Lab-Assignment-Watchdogs/toolchains/mac/gcc-arm-none-eabi-8-2019-q3-update/bin/../lib/gcc/arm-none-eabi/8.3.1/thumb/v7e-m+fp/hard/libgcc.a(_aeabi_ldivmod.o) (__aeabi_ldiv0)
/Users/aaronrice/Documents/GitHub/Lab-Assignment-Watchdogs/toolchains/mac/gcc-arm-none-eabi-8-2019-q3-update/bin/../lib/gcc/arm-none-eabi/8.3.1/../../../../arm-none-eabi/lib/thumb/v7e-m+fp/hard/libg_nano.a(lib_a-atoi.o)
                              _build_lpc40xx_freertos/objects/esp32_task.o (atoi)
/Users/aaronrice/Documents/GitHub/Lab-Assignment-Watchdogs/toolchains/mac/gcc-arm-none-eabi-8-2019-q3-update/bin/../lib/gcc/arm-none-eabi/8.3.1/../../../../arm-none-eabi/lib/thumb/v7e-m+fp/hard/libg_nano.a(lib_a-ctype_.o)
                              _build_lpc40xx_freertos/objects/sl_string.o (_ctype_)
/Users/aaronrice/Documents/GitHub/Lab-Assignment-Watchdogs/toolchains/mac/gcc-arm-none-eabi-8-2019-q3-update/bin/../lib/gcc/arm-none-eabi/8.3.1/../../../../arm-none-eabi/lib/thumb/v7e-m+fp/hard/libg_nano.a(lib_a-fflush.o)
                              _build_lpc40xx_freertos/objects/player1053.o (fflush)
/Users/aaronrice/Documents/GitHub/Lab-Assignment-Watchdogs/toolchains/mac/gcc-arm-none-eabi-8-2019-q3-update/bin/../lib/gcc/arm-none-eabi/8.3.1/../../../../arm-none-eabi/lib/thumb/v7e-m+fp/hard/libg_nano.a(lib_a-findfp.o)
                              /Users/aaronrice/Documents/GitHub/Lab-Assignment-Watchdogs/toolchains/mac/gcc-arm-none-eabi-8-2019-q3-update/bin/../lib/gcc/arm-none-eabi/8.3.1/../../../../arm-none-eabi/lib/thumb/v7e-m+fp/hard/libg_nano.a(lib_a-fflush.o) (__sinit)
/Users/aaronrice/Documents/GitHub/Lab-Assignment-Watchdogs/toolchains/mac/gcc-arm-none-eabi-8-2019-q3-update/bin/../lib/gcc/arm-none-eabi/8.3.1/../../../../arm-none-eabi/lib/thumb/v7e-m+fp/hard/libg_nano.a(lib_a-fopen.o)
                              _build_lpc40xx_freertos/objects/player1053.o (fopen)
/Users/aaronrice/Documents/GitHub/Lab-Assignment-Watchdogs/toolchains/mac/gcc-arm-none-eabi-8-2019-q3-update/bin/../lib/gcc/arm-none-eabi/8.3.1/../../../../arm-none-eabi/lib/thumb/v7e-m+fp/hard/libg_nano.a(lib_a-fprintf.o)
                              _build_lpc40xx_freertos/objects/interrupt_vector_table.o (fprintf)
/Users/aaronrice/Documents/GitHub/Lab-Assignment-Watchdogs/toolchains/mac/gcc-arm-none-eabi-8-2019-q3-update/bin/../lib/gcc/arm-none-eabi/8.3.1/../../../../arm-none-eabi/lib/thumb/v7e-m+fp/hard/libg_nano.a(lib_a-fputs.o)
                              _build_lpc40xx_freertos/objects/entry_point.o (fputs)
/Users/aaronrice/Documents/GitHub/Lab-Assignment-Watchdogs/toolchains/mac/gcc-arm-none-eabi-8-2019-q3-update/bin/../lib/gcc/arm-none-eabi/8.3.1/../../../../arm-none-eabi/lib/thumb/v7e-m+fp/hard/libg_nano.a(lib_a-fseek.o)
                              /Users/aaronrice/Documents/GitHub/Lab-Assignment-Watchdogs/toolchains/mac/gcc-arm-none-eabi-8-2019-q3-update/bin/../lib/gcc/arm-none-eabi/8.3.1/../../../../arm-none-eabi/lib/thumb/v7e-m+fp/hard/libg_nano.a(lib_a-fopen.o) (_fseek_r)
[...]
Memory Configuration

Name             Origin             Length             Attributes
flash_512k       0x0000000000000000 0x0000000000080000 xr
ram_64k          0x0000000010000000 0x0000000000010000 xrw
ram_32k          0x0000000020000000 0x0000000000008000 xrw
*default*        0x0000000000000000 0xffffffffffffffff

Linker script and memory map

LOAD _build_lpc40xx_freertos/objects/entry_point.o
LOAD _build_lpc40xx_freertos/objects/interrupt_vector_table.o
LOAD _build_lpc40xx_freertos/objects/clock.o
LOAD _build_lpc40xx_freertos/objects/crash.o
LOAD _build_lpc40xx_freertos/objects/sbrk.o
LOAD _build_lpc40xx_freertos/objects/startup.o
LOAD _build_lpc40xx_freertos/objects/acceleration.o
LOAD _build_lpc40xx_freertos/objects/sensors.o
LOAD _build_lpc40xx_freertos/objects/ff.o
LOAD _build_lpc40xx_freertos/objects/ffsystem.o
LOAD _build_lpc40xx_freertos/objects/ffunicode.o
LOAD _build_lpc40xx_freertos/objects/disk_glue_logic.o
LOAD _build_lpc40xx_freertos/objects/fatfs_time.o
LOAD _build_lpc40xx_freertos/objects/sd_card.o
LOAD _build_lpc40xx_freertos/objects/system_calls.o
LOAD _build_lpc40xx_freertos/objects/app_cli.o
LOAD _build_lpc40xx_freertos/objects/sj2_cli.o
LOAD _build_lpc40xx_freertos/objects/handler_i2c.o
LOAD _build_lpc40xx_freertos/objects/handlers_general.o
LOAD _build_lpc40xx_freertos/objects/esp32.o
LOAD _build_lpc40xx_freertos/objects/esp32_task.o
LOAD _build_lpc40xx_freertos/objects/file_io_example.o
LOAD _build_lpc40xx_freertos/objects/delay.o
LOAD _build_lpc40xx_freertos/objects/peripherals_init.o
LOAD _build_lpc40xx_freertos/objects/ssp2_mutex.o
LOAD _build_lpc40xx_freertos/objects/sys_time.o
LOAD _build_lpc40xx_freertos/objects/uart_printf.o
LOAD _build_lpc40xx_freertos/objects/rtos_hooks.o
LOAD _build_lpc40xx_freertos/objects/periodic_callbacks.o
LOAD _build_lpc40xx_freertos/objects/periodic_scheduler.o
LOAD _build_lpc40xx_freertos/objects/player1053.o
LOAD _build_lpc40xx_freertos/objects/vs1053b-patches-flac.o
LOAD _build_lpc40xx_freertos/objects/song_list.o
LOAD _build_lpc40xx_freertos/objects/LCD_draw.o
LOAD _build_lpc40xx_freertos/objects/ssd1309.o
LOAD _build_lpc40xx_freertos/objects/leightweight_lock.o
LOAD _build_lpc40xx_freertos/objects/sl_string.o
LOAD _build_lpc40xx_freertos/objects/freertos_interrupt_handlers.o
LOAD _build_lpc40xx_freertos/objects/heap_selector.o
LOAD _build_lpc40xx_freertos/objects/trcKernelPort.o
LOAD _build_lpc40xx_freertos/objects/trcSnapshotRecorder.o
LOAD _build_lpc40xx_freertos/objects/trcStreamingPort.o
LOAD _build_lpc40xx_freertos/objects/trcStreamingRecorder.o
LOAD _build_lpc40xx_freertos/objects/port.o
LOAD _build_lpc40xx_freertos/objects/croutine.o
LOAD _build_lpc40xx_freertos/objects/event_groups.o
LOAD _build_lpc40xx_freertos/objects/list.o
LOAD _build_lpc40xx_freertos/objects/queue.o
LOAD _build_lpc40xx_freertos/objects/stream_buffer.o
LOAD _build_lpc40xx_freertos/objects/tasks.o
LOAD _build_lpc40xx_freertos/objects/timers.o
LOAD _build_lpc40xx_freertos/objects/adc.o
LOAD _build_lpc40xx_freertos/objects/board_io.o
LOAD _build_lpc40xx_freertos/objects/can_bus.o
LOAD _build_lpc40xx_freertos/objects/gpio.o
LOAD _build_lpc40xx_freertos/objects/hw_timer.o
LOAD _build_lpc40xx_freertos/objects/i2c.o
LOAD _build_lpc40xx_freertos/objects/lpc_peripherals.o
LOAD _build_lpc40xx_freertos/objects/pwm1.o
LOAD _build_lpc40xx_freertos/objects/ssp2.o
LOAD _build_lpc40xx_freertos/objects/uart.o
LOAD _build_lpc40xx_freertos/objects/main.o
LOAD /Users/aaronrice/Documents/GitHub/Lab-Assignment-Watchdogs/toolchains/mac/gcc-arm-none-eabi-8-2019-q3-update/bin/../lib/gcc/arm-none-eabi/8.3.1/../../../../arm-none-eabi/lib/thumb/v7e-m+fp/hard/libm.a
START GROUP
LOAD /Users/aaronrice/Documents/GitHub/Lab-Assignment-Watchdogs/toolchains/mac/gcc-arm-none-eabi-8-2019-q3-update/bin/../lib/gcc/arm-none-eabi/8.3.1/thumb/v7e-m+fp/hard/libgcc.a
LOAD /Users/aaronrice/Documents/GitHub/Lab-Assignment-Watchdogs/toolchains/mac/gcc-arm-none-eabi-8-2019-q3-update/bin/../lib/gcc/arm-none-eabi/8.3.1/../../../../arm-none-eabi/lib/thumb/v7e-m+fp/hard/libg_nano.a
LOAD /Users/aaronrice/Documents/GitHub/Lab-Assignment-Watchdogs/toolchains/mac/gcc-arm-none-eabi-8-2019-q3-update/bin/../lib/gcc/arm-none-eabi/8.3.1/../../../../arm-none-eabi/lib/thumb/v7e-m+fp/hard/libc_nano.a
END GROUP
START GROUP
LOAD /Users/aaronrice/Documents/GitHub/Lab-Assignment-Watchdogs/toolchains/mac/gcc-arm-none-eabi-8-2019-q3-update/bin/../lib/gcc/arm-none-eabi/8.3.1/thumb/v7e-m+fp/hard/libgcc.a
LOAD /Users/aaronrice/Documents/GitHub/Lab-Assignment-Watchdogs/toolchains/mac/gcc-arm-none-eabi-8-2019-q3-update/bin/../lib/gcc/arm-none-eabi/8.3.1/../../../../arm-none-eabi/lib/thumb/v7e-m+fp/hard/libc_nano.a
END GROUP
                0x0000000000000000                __base_flash = ORIGIN (flash_512k)
                0x0000000000080000                __top_flash = (__base_flash + LENGTH (flash_512k))
                0x0000000010000000                __base_ram_64k = ORIGIN (ram_64k)
                0x0000000010010000                __top_ram_64k = (__base_ram_64k + LENGTH (ram_64k))
                0x0000000020000000                __base_ram_32k = ORIGIN (ram_32k)
                0x0000000020008000                __top_ram_32k = (__base_ram_32k + LENGTH (ram_32k))

.text           0x0000000000000000    0x1658c
 FILL mask 0xff
 *(.interrupt_vector_table)
 .interrupt_vector_table
                0x0000000000000000       0xe4 _build_lpc40xx_freertos/objects/interrupt_vector_table.o
                0x0000000000000000                interrupt_vector_table
                0x00000000000000e4                . = ALIGN (0x4)
 *(.init)
                0x00000000000000e4                . = ALIGN (0x4)
                0x00000000000000e4                __preinit_array_start = .
 *(.preinit_array)
                0x00000000000000e4                __preinit_array_end = .
                0x00000000000000e4                . = ALIGN (0x4)
                0x00000000000000e4                __init_array_start = .
 *(SORT_BY_NAME(.init_array.*))
 *(.init_array)
                0x00000000000000e4                __init_array_end = .
 *(.fini)
                0x00000000000000e4                . = ALIGN (0x4)
 *crtbegin.o(.ctors)
 *(EXCLUDE_FILE(*crtend.o) .ctors)
 *(SORT_BY_NAME(.ctors.*))
 *crtend.o(.ctors)
                0x00000000000000e4                . = ALIGN (0x4)
 *crtbegin.o(.dtors)
 *(EXCLUDE_FILE(*crtend.o) .dtors)
 *(SORT_BY_NAME(.dtors.*))
 *crtend.o(.dtors)
 *(.text*)
 .text.entry_point
                0x00000000000000e4       0x74 _build_lpc40xx_freertos/objects/entry_point.o
                0x00000000000000e4                entry_point
 .text.isr_hard_fault
                0x0000000000000158       0x1a _build_lpc40xx_freertos/objects/interrupt_vector_table.o
 *fill*         0x0000000000000172        0x2 ff
 .text.halt     0x0000000000000174       0x5c _build_lpc40xx_freertos/objects/interrupt_vector_table.o
 .text.isr_hard_fault_handler
                0x00000000000001d0       0x4c _build_lpc40xx_freertos/objects/interrupt_vector_table.o
                0x00000000000001d0                isr_hard_fault_handler
 .text.clock__get_core_clock_hz
                0x000000000000021c        0x8 _build_lpc40xx_freertos/objects/clock.o
                0x000000000000021c                clock__get_core_clock_hz
 .text.clock__get_peripheral_clock_hz
                0x0000000000000224        0x8 _build_lpc40xx_freertos/objects/clock.o
                0x0000000000000224                clock__get_peripheral_clock_hz
 .text.clock__initialize_system_clock_96mhz
                0x000000000000022c       0x40 _build_lpc40xx_freertos/objects/clock.o
                0x000000000000022c                clock__initialize_system_clock_96mhz
 .text.crash__record_get
                0x000000000000026c       0x18 _build_lpc40xx_freertos/objects/crash.o
                0x000000000000026c                crash__record_get
 .text.crash__report_if_occurred
                0x0000000000000284       0xc0 _build_lpc40xx_freertos/objects/crash.o
                0x0000000000000284                crash__report_if_occurred
 .text._sbrk    0x0000000000000344       0x54 _build_lpc40xx_freertos/objects/sbrk.o
                0x0000000000000344                _sbrk
 .text.startup__initialize_ram
                0x0000000000000398       0x3c _build_lpc40xx_freertos/objects/startup.o
                0x0000000000000398                startup__initialize_ram
 .text.startup__initialize_fpu
                0x00000000000003d4       0x14 _build_lpc40xx_freertos/objects/startup.o
                0x00000000000003d4                startup__initialize_fpu
 .text.startup__initialize_interrupts
                0x00000000000003e8       0x18 _build_lpc40xx_freertos/objects/startup.o
                0x00000000000003e8                startup__initialize_interrupts
 .text.acceleration__init
                0x0000000000000400       0x22 _build_lpc40xx_freertos/objects/acceleration.o
                0x0000000000000400                acceleration__init
 .text.sensors__init
                0x0000000000000422        0x4 _build_lpc40xx_freertos/objects/sensors.o
                0x0000000000000422                sensors__init
 .text.ld_dword
                0x0000000000000426       0x10 _build_lpc40xx_freertos/objects/ff.o
 .text.st_dword
                0x0000000000000436       0x10 _build_lpc40xx_freertos/objects/ff.o
 .text.mem_cmp  0x0000000000000446       0x1c _build_lpc40xx_freertos/objects/ff.o
 .text.clst2sect
                0x0000000000000462       0x16 _build_lpc40xx_freertos/objects/ff.o
 .text.sum_sfn  0x0000000000000478       0x1e _build_lpc40xx_freertos/objects/ff.o
 .text.get_ldnumber
                0x0000000000000496       0x2a _build_lpc40xx_freertos/objects/ff.o
 .text.mem_cpy.part.0
                0x00000000000004c0       0x12 _build_lpc40xx_freertos/objects/ff.o
 .text.ld_clust.isra.3
                0x00000000000004d2       0x1c _build_lpc40xx_freertos/objects/ff.o
 .text.st_clust.isra.4
                0x00000000000004ee       0x18 _build_lpc40xx_freertos/objects/ff.o
 .text.sync_window.part.6
                0x0000000000000506       0x40 _build_lpc40xx_freertos/objects/ff.o
 .text.move_window
                0x0000000000000546       0x44 _build_lpc40xx_freertos/objects/ff.o
 *fill*         0x000000000000058a        0x2 ff
 .text.check_fs
                0x000000000000058c       0x74 _build_lpc40xx_freertos/objects/ff.o
 .text.find_volume
                0x0000000000000600      0x2c0 _build_lpc40xx_freertos/objects/ff.o
 .text.put_fat  0x00000000000008c0       0xf8 _build_lpc40xx_freertos/objects/ff.o
 .text.get_fat.isra.10
                0x00000000000009b8       0xb4 _build_lpc40xx_freertos/objects/ff.o
 .text.dir_sdi  0x0000000000000a6c       0x82 _build_lpc40xx_freertos/objects/ff.o
 .text.create_chain
                0x0000000000000aee       0xe8 _build_lpc40xx_freertos/objects/ff.o
 .text.remove_chain
                0x0000000000000bd6       0x6e _build_lpc40xx_freertos/objects/ff.o
 .text.unlock_fs
                0x0000000000000c44       0x16 _build_lpc40xx_freertos/objects/ff.o
 .text.validate
                0x0000000000000c5a       0x50 _build_lpc40xx_freertos/objects/ff.o
 .text.get_fileinfo
                0x0000000000000caa      0x13c _build_lpc40xx_freertos/objects/ff.o
 .text.dir_clear
                0x0000000000000de6       0x5c _build_lpc40xx_freertos/objects/ff.o
 .text.dir_next
                0x0000000000000e42       0xaa _build_lpc40xx_freertos/objects/ff.o
 .text.dir_find
                0x0000000000000eec      0x148 _build_lpc40xx_freertos/objects/ff.o
 .text.dir_read.constprop.15
                0x0000000000001034      0x11c _build_lpc40xx_freertos/objects/ff.o
 .text.follow_path
                0x0000000000001150      0x294 _build_lpc40xx_freertos/objects/ff.o
 .text.sync_fs  0x00000000000013e4       0xa0 _build_lpc40xx_freertos/objects/ff.o
 .text.dir_register
                0x0000000000001484      0x288 _build_lpc40xx_freertos/objects/ff.o
 .text.f_mount  0x000000000000170c       0x70 _build_lpc40xx_freertos/objects/ff.o
                0x000000000000170c                f_mount
 .text.f_open   0x000000000000177c      0x1cc _build_lpc40xx_freertos/objects/ff.o
                0x000000000000177c                f_open
 .text.f_read   0x0000000000001948      0x17c _build_lpc40xx_freertos/objects/ff.o
                0x0000000000001948                f_read
 .text.f_sync   0x0000000000001ac4       0xa2 _build_lpc40xx_freertos/objects/ff.o
                0x0000000000001ac4                f_sync
 .text.f_close  0x0000000000001b66       0x28 _build_lpc40xx_freertos/objects/ff.o
                0x0000000000001b66                f_close
 .text.f_opendir
                0x0000000000001b8e       0x7e _build_lpc40xx_freertos/objects/ff.o
                0x0000000000001b8e                f_opendir
 .text.f_closedir
                0x0000000000001c0c       0x1e _build_lpc40xx_freertos/objects/ff.o
                0x0000000000001c0c                f_closedir
 .text.f_readdir
                0x0000000000001c2a       0x5a _build_lpc40xx_freertos/objects/ff.o
                0x0000000000001c2a                f_readdir
 .text.ff_cre_syncobj
                0x0000000000001c84       0x1c _build_lpc40xx_freertos/objects/ffsystem.o
                0x0000000000001c84                ff_cre_syncobj
 .text.ff_del_syncobj
                0x0000000000001ca0        0xa _build_lpc40xx_freertos/objects/ffsystem.o
                0x0000000000001ca0                ff_del_syncobj
 .text.ff_req_grant
                0x0000000000001caa       0x12 _build_lpc40xx_freertos/objects/ffsystem.o
                0x0000000000001caa                ff_req_grant
 .text.ff_rel_grant
                0x0000000000001cbc        0xa _build_lpc40xx_freertos/objects/ffsystem.o
                0x0000000000001cbc                ff_rel_grant
 *fill*         0x0000000000001cc6        0x2 ff
 .text.ff_uni2oem
                0x0000000000001cc8       0x40 _build_lpc40xx_freertos/objects/ffunicode.o
                0x0000000000001cc8                ff_uni2oem
 .text.ff_oem2uni
                0x0000000000001d08       0x28 _build_lpc40xx_freertos/objects/ffunicode.o
                0x0000000000001d08                ff_oem2uni
 .text.ff_wtoupper
                0x0000000000001d30       0x8c _build_lpc40xx_freertos/objects/ffunicode.o
                0x0000000000001d30                ff_wtoupper
 .text.disk_initialize
                0x0000000000001dbc       0x1c _build_lpc40xx_freertos/objects/disk_glue_logic.o
                0x0000000000001dbc                disk_initialize
 .text.disk_status
                0x0000000000001dd8        0xa _build_lpc40xx_freertos/objects/disk_glue_logic.o
                0x0000000000001dd8                disk_status
 .text.disk_read
                0x0000000000001de2       0x28 _build_lpc40xx_freertos/objects/disk_glue_logic.o
                0x0000000000001de2                disk_read
 .text.disk_write
                0x0000000000001e0a       0x28 _build_lpc40xx_freertos/objects/disk_glue_logic.o
                0x0000000000001e0a                disk_write
 .text.disk_ioctl
                0x0000000000001e32       0x24 _build_lpc40xx_freertos/objects/disk_glue_logic.o
                0x0000000000001e32                disk_ioctl
 .text.get_fattime
                0x0000000000001e56        0x4 _build_lpc40xx_freertos/objects/fatfs_time.o
                0x0000000000001e56                get_fattime
 .text.sd_card__wait_for_ready
                0x0000000000001e5a       0x28 _build_lpc40xx_freertos/objects/sd_card.o
 *fill*         0x0000000000001e82        0x2 ff
 .text.sd_card__power_off
                0x0000000000001e84       0x20 _build_lpc40xx_freertos/objects/sd_card.o
 .text.sd_card__transmit_datablock
                0x0000000000001ea4       0x5a _build_lpc40xx_freertos/objects/sd_card.o
 .text.sd_card__send_command
                0x0000000000001efe       0x86 _build_lpc40xx_freertos/objects/sd_card.o
 .text.sd_card__read_datablock
                0x0000000000001f84       0x42 _build_lpc40xx_freertos/objects/sd_card.o
 *fill*         0x0000000000001fc6        0x2 ff
 .text.sd_card__update_status
                0x0000000000001fc8       0x20 _build_lpc40xx_freertos/objects/sd_card.o
                0x0000000000001fc8                sd_card__update_status
 .text.sd_card__initialize
                0x0000000000001fe8      0x13c _build_lpc40xx_freertos/objects/sd_card.o
                0x0000000000001fe8                sd_card__initialize
 .text.sd_card__status
                0x0000000000002124       0x10 _build_lpc40xx_freertos/objects/sd_card.o
                0x0000000000002124                sd_card__status
 .text.sd_card__read
                0x0000000000002134       0x8c _build_lpc40xx_freertos/objects/sd_card.o
                0x0000000000002134                sd_card__read
 .text.sd_card__write
                0x00000000000021c0       0xa8 _build_lpc40xx_freertos/objects/sd_card.o
                0x00000000000021c0                sd_card__write
 .text.sd_card__ioctl
                0x0000000000002268      0x200 _build_lpc40xx_freertos/objects/sd_card.o
                0x0000000000002268                sd_card__ioctl
 .text.system_calls__print_and_halt
                0x0000000000002468       0x1e _build_lpc40xx_freertos/objects/system_calls.o
 *fill*         0x0000000000002486        0x2 ff
 .text._isatty  0x0000000000002488       0x28 _build_lpc40xx_freertos/objects/system_calls.o
                0x0000000000002488                _isatty
 .text._open    0x00000000000024b0       0x10 _build_lpc40xx_freertos/objects/system_calls.o
                0x00000000000024b0                _open
 .text._close   0x00000000000024c0        0xc _build_lpc40xx_freertos/objects/system_calls.o
                0x00000000000024c0                _close
 .text._fstat   0x00000000000024cc        0x4 _build_lpc40xx_freertos/objects/system_calls.o
                0x00000000000024cc                _fstat
 .text._lseek   0x00000000000024d0        0x4 _build_lpc40xx_freertos/objects/system_calls.o
                0x00000000000024d0                _lseek
 .text._write   0x00000000000024d4       0x70 _build_lpc40xx_freertos/objects/system_calls.o
                0x00000000000024d4                _write
 .text._read    0x0000000000002544       0x40 _build_lpc40xx_freertos/objects/system_calls.o
                0x0000000000002544                _read
 .text.app_cli__private_print_list_of_all_commands
                0x0000000000002584       0xbc _build_lpc40xx_freertos/objects/app_cli.o
 .text.app_cli__initialize
                0x0000000000002640       0x16 _build_lpc40xx_freertos/objects/app_cli.o
                0x0000000000002640                app_cli__initialize
 .text.app_cli__add_command_handler
                0x0000000000002656        0xa _build_lpc40xx_freertos/objects/app_cli.o
                0x0000000000002656                app_cli__add_command_handler
 .text.app_cli__process_input
                0x0000000000002660      0x1b8 _build_lpc40xx_freertos/objects/app_cli.o
                0x0000000000002660                app_cli__process_input
 .text.sj2_cli__output_function
                0x0000000000002818       0x12 _build_lpc40xx_freertos/objects/sj2_cli.o
 *fill*         0x000000000000282a        0x2 ff
 .text.sj2_cli__task
                0x000000000000282c       0x98 _build_lpc40xx_freertos/objects/sj2_cli.o
 .text.sj2_cli__init
                0x00000000000028c4       0xa0 _build_lpc40xx_freertos/objects/sj2_cli.o
                0x00000000000028c4                sj2_cli__init
 .text.cli__i2c_read
                0x0000000000002964      0x104 _build_lpc40xx_freertos/objects/handler_i2c.o
 .text.cli__i2c_write
                0x0000000000002a68      0x12c _build_lpc40xx_freertos/objects/handler_i2c.o
 .text.cli__i2c
                0x0000000000002b94       0x68 _build_lpc40xx_freertos/objects/handler_i2c.o
                0x0000000000002b94                cli__i2c
 .text.cli__uart3_transmit
                0x0000000000002bfc       0x44 _build_lpc40xx_freertos/objects/handlers_general.o
                0x0000000000002bfc                cli__uart3_transmit
 .text.cli__mp3_play
                0x0000000000002c40       0x34 _build_lpc40xx_freertos/objects/handlers_general.o
                0x0000000000002c40                cli__mp3_play
 .text.cli__mp3_control
                0x0000000000002c74       0x34 _build_lpc40xx_freertos/objects/handlers_general.o
                0x0000000000002c74                cli__mp3_control
 .text.cli__crash_me
                0x0000000000002ca8       0x18 _build_lpc40xx_freertos/objects/handlers_general.o
                0x0000000000002ca8                cli__crash_me
 .text.cli__task_list
                0x0000000000002cc0      0x10c _build_lpc40xx_freertos/objects/handlers_general.o
                0x0000000000002cc0                cli__task_list
 .text.delay__us
                0x0000000000002dcc       0x40 _build_lpc40xx_freertos/objects/delay.o
                0x0000000000002dcc                delay__us
 .text.delay__ms
                0x0000000000002e0c        0xc _build_lpc40xx_freertos/objects/delay.o
                0x0000000000002e0c                delay__ms
 .text.peripherals_init
                0x0000000000002e18      0x12c _build_lpc40xx_freertos/objects/peripherals_init.o
                0x0000000000002e18                peripherals_init
 .text.spi2_mutex__acquire
                0x0000000000002f44       0x34 _build_lpc40xx_freertos/objects/ssp2_mutex.o
                0x0000000000002f44                spi2_mutex__acquire
 .text.spi2_mutex__release
                0x0000000000002f78       0x24 _build_lpc40xx_freertos/objects/ssp2_mutex.o
                0x0000000000002f78                spi2_mutex__release
 .text.sys_time__one_minute_isr
                0x0000000000002f9c       0x24 _build_lpc40xx_freertos/objects/sys_time.o
 .text.sys_time__init
                0x0000000000002fc0       0x2c _build_lpc40xx_freertos/objects/sys_time.o
                0x0000000000002fc0                sys_time__init
 .text.sys_time__get_uptime_us
                0x0000000000002fec       0x2c _build_lpc40xx_freertos/objects/sys_time.o
                0x0000000000002fec                sys_time__get_uptime_us
 .text.sys_time__get_uptime_ms
                0x0000000000003018       0x12 _build_lpc40xx_freertos/objects/sys_time.o
                0x0000000000003018                sys_time__get_uptime_ms
 .text.uart_puts
                0x000000000000302a       0x3a _build_lpc40xx_freertos/objects/uart_printf.o
                0x000000000000302a                uart_puts
 .text.uart_puts__polled
                0x0000000000003064       0x2a _build_lpc40xx_freertos/objects/uart_printf.o
                0x0000000000003064                uart_puts__polled
 *fill*         0x000000000000308e        0x2 ff
 .text.vApplicationStackOverflowHook
                0x0000000000003090       0x1c _build_lpc40xx_freertos/objects/rtos_hooks.o
                0x0000000000003090                vApplicationStackOverflowHook
 .text.vApplicationMallocFailedHook
                0x00000000000030ac       0x10 _build_lpc40xx_freertos/objects/rtos_hooks.o
                0x00000000000030ac                vApplicationMallocFailedHook
 .text.vApplicationIdleHook
                0x00000000000030bc       0x10 _build_lpc40xx_freertos/objects/rtos_hooks.o
                0x00000000000030bc                vApplicationIdleHook
 .text.configASSERT_callback
                0x00000000000030cc       0x40 _build_lpc40xx_freertos/objects/rtos_hooks.o
                0x00000000000030cc                configASSERT_callback
 .text.vApplicationGetIdleTaskMemory
                0x000000000000310c       0x18 _build_lpc40xx_freertos/objects/rtos_hooks.o
                0x000000000000310c                vApplicationGetIdleTaskMemory
 .text.freertos_hooks__get_run_time_counter_value
                0x0000000000003124       0x14 _build_lpc40xx_freertos/objects/rtos_hooks.o
                0x0000000000003124                freertos_hooks__get_run_time_counter_value
 .text.freertos_hooks__reset_run_time_stats
                0x0000000000003138       0x14 _build_lpc40xx_freertos/objects/rtos_hooks.o
                0x0000000000003138                freertos_hooks__reset_run_time_stats
 .text.LinToDB  0x000000000000314c       0x30 _build_lpc40xx_freertos/objects/player1053.o
 .text.BootSpi  0x000000000000317c       0x4c _build_lpc40xx_freertos/objects/player1053.o
                0x000000000000317c                BootSpi
 .text.WriteSci
                0x00000000000031c8       0x56 _build_lpc40xx_freertos/objects/player1053.o
                0x00000000000031c8                WriteSci
 .text.ReadSci  0x000000000000321e       0x5c _build_lpc40xx_freertos/objects/player1053.o
                0x000000000000321e                ReadSci
 .text.WriteSdi
                0x000000000000327a       0x64 _build_lpc40xx_freertos/objects/player1053.o
                0x000000000000327a                WriteSdi
 .text.ReadVS10xxMem32Counter
                0x00000000000032de       0x3a _build_lpc40xx_freertos/objects/player1053.o
                0x00000000000032de                ReadVS10xxMem32Counter
 .text.ReadVS10xxMem32
                0x0000000000003318       0x1e _build_lpc40xx_freertos/objects/player1053.o
                0x0000000000003318                ReadVS10xxMem32
 .text.ReadVS10xxMem
                0x0000000000003336       0x14 _build_lpc40xx_freertos/objects/player1053.o
                0x0000000000003336                ReadVS10xxMem
 .text.WriteVS10xxMem
                0x000000000000334a       0x18 _build_lpc40xx_freertos/objects/player1053.o
                0x000000000000334a                WriteVS10xxMem
 .text.LoadPlugin
                0x0000000000003362       0x6c _build_lpc40xx_freertos/objects/player1053.o
                0x0000000000003362                LoadPlugin
 *fill*         0x00000000000033ce        0x2 ff
 .text.VS1053PlayFile
                0x00000000000033d0      0x2d4 _build_lpc40xx_freertos/objects/player1053.o
                0x00000000000033d0                VS1053PlayFile
 .text.Set32    0x00000000000036a4       0x10 _build_lpc40xx_freertos/objects/player1053.o
                0x00000000000036a4                Set32
 .text.VSTestInitHardware
                0x00000000000036b4       0xd8 _build_lpc40xx_freertos/objects/player1053.o
                0x00000000000036b4                VSTestInitHardware
 .text.VSTestInitSoftware
                0x000000000000378c      0x104 _build_lpc40xx_freertos/objects/player1053.o
                0x000000000000378c                VSTestInitSoftware
 .text.VS1053RecordFile
                0x0000000000003890      0x2e8 _build_lpc40xx_freertos/objects/player1053.o
                0x0000000000003890                VS1053RecordFile
 .text.VSTestHandleFile
                0x0000000000003b78       0x80 _build_lpc40xx_freertos/objects/player1053.o
                0x0000000000003b78                VSTestHandleFile
 .text.song_list__populate
                0x0000000000003bf8       0x74 _build_lpc40xx_freertos/objects/song_list.o
                0x0000000000003bf8                song_list__populate
 .text.song_list__get_item_count
                0x0000000000003c6c        0xc _build_lpc40xx_freertos/objects/song_list.o
                0x0000000000003c6c                song_list__get_item_count
 .text.song_list__get_name_for_item
                0x0000000000003c78       0x20 _build_lpc40xx_freertos/objects/song_list.o
                0x0000000000003c78                song_list__get_name_for_item
 .text.draw_volume_on
                0x0000000000003c98       0x18 _build_lpc40xx_freertos/objects/LCD_draw.o
                0x0000000000003c98                draw_volume_on
 .text.draw_volume_mute
                0x0000000000003cb0       0x18 _build_lpc40xx_freertos/objects/LCD_draw.o
                0x0000000000003cb0                draw_volume_mute
 .text.draw_play_pause
                0x0000000000003cc8       0x18 _build_lpc40xx_freertos/objects/LCD_draw.o
                0x0000000000003cc8                draw_play_pause
 .text.draw_next_skip
                0x0000000000003ce0       0x18 _build_lpc40xx_freertos/objects/LCD_draw.o
                0x0000000000003ce0                draw_next_skip
 .text.draw_previous_rewind
                0x0000000000003cf8       0x18 _build_lpc40xx_freertos/objects/LCD_draw.o
                0x0000000000003cf8                draw_previous_rewind
 .text.draw_settings
                0x0000000000003d10       0x18 _build_lpc40xx_freertos/objects/LCD_draw.o
                0x0000000000003d10                draw_settings
 .text.draw_columns
                0x0000000000003d28       0x1c _build_lpc40xx_freertos/objects/LCD_draw.o
                0x0000000000003d28                draw_columns
 .text.draw_volume
                0x0000000000003d44       0x42 _build_lpc40xx_freertos/objects/LCD_draw.o
                0x0000000000003d44                draw_volume
 .text.draw_hamburger
                0x0000000000003d86        0x8 _build_lpc40xx_freertos/objects/LCD_draw.o
                0x0000000000003d86                draw_hamburger
 *fill*         0x0000000000003d8e        0x2 ff
 .text.draw_return_icon
                0x0000000000003d90       0x38 _build_lpc40xx_freertos/objects/LCD_draw.o
                0x0000000000003d90                draw_return_icon
 .text.LCD_Write_String
                0x0000000000003dc8       0x6c _build_lpc40xx_freertos/objects/LCD_draw.o
                0x0000000000003dc8                LCD_Write_String
 .text.draw_up_icon
                0x0000000000003e34       0x18 _build_lpc40xx_freertos/objects/LCD_draw.o
                0x0000000000003e34                draw_up_icon
 .text.draw_down_icon
                0x0000000000003e4c       0x18 _build_lpc40xx_freertos/objects/LCD_draw.o
                0x0000000000003e4c                draw_down_icon
 .text.draw_settings_menu
                0x0000000000003e64       0xf4 _build_lpc40xx_freertos/objects/LCD_draw.o
                0x0000000000003e64                draw_settings_menu
 .text.draw_list_menu
                0x0000000000003f58       0xb8 _build_lpc40xx_freertos/objects/LCD_draw.o
                0x0000000000003f58                draw_list_menu
 .text.space_invader
                0x0000000000004010       0x4c _build_lpc40xx_freertos/objects/LCD_draw.o
                0x0000000000004010                space_invader
 .text.space_invader_row
                0x000000000000405c       0x52 _build_lpc40xx_freertos/objects/LCD_draw.o
                0x000000000000405c                space_invader_row
 *fill*         0x00000000000040ae        0x2 ff
 .text.draw_main_menu
                0x00000000000040b0       0xac _build_lpc40xx_freertos/objects/LCD_draw.o
                0x00000000000040b0                draw_main_menu
 .text.LCD_CS   0x000000000000415c       0x12 _build_lpc40xx_freertos/objects/ssd1309.o
                0x000000000000415c                LCD_CS
 .text.LCD_DS   0x000000000000416e       0x12 _build_lpc40xx_freertos/objects/ssd1309.o
                0x000000000000416e                LCD_DS
 .text.LCD_Command_Mode
                0x0000000000004180       0x12 _build_lpc40xx_freertos/objects/ssd1309.o
                0x0000000000004180                LCD_Command_Mode
 .text.LCD_Data_Mode
                0x0000000000004192       0x12 _build_lpc40xx_freertos/objects/ssd1309.o
                0x0000000000004192                LCD_Data_Mode
 .text.LCD_Write
                0x00000000000041a4        0x4 _build_lpc40xx_freertos/objects/ssd1309.o
                0x00000000000041a4                LCD_Write
 .text.LCD_Set_Contrast
                0x00000000000041a8       0x18 _build_lpc40xx_freertos/objects/ssd1309.o
                0x00000000000041a8                LCD_Set_Contrast
 .text.LCD_Cont_Horiz_Scroll_Setup
                0x00000000000041c0       0x5a _build_lpc40xx_freertos/objects/ssd1309.o
                0x00000000000041c0                LCD_Cont_Horiz_Scroll_Setup
 .text.CMD_Set_Higher_Column_Start_Address
                0x000000000000421a        0x8 _build_lpc40xx_freertos/objects/ssd1309.o
                0x000000000000421a                CMD_Set_Higher_Column_Start_Address
 .text.CMD_Set_Column_Start_Address
                0x0000000000004222       0x16 _build_lpc40xx_freertos/objects/ssd1309.o
                0x0000000000004222                CMD_Set_Column_Start_Address
 .text.CMD_Set_Page_Start_Address
                0x0000000000004238        0x8 _build_lpc40xx_freertos/objects/ssd1309.o
                0x0000000000004238                CMD_Set_Page_Start_Address
 .text.LCD_Set_Starting_RAM_Access_Pointer
                0x0000000000004240       0x1e _build_lpc40xx_freertos/objects/ssd1309.o
                0x0000000000004240                LCD_Set_Starting_RAM_Access_Pointer
 .text.LCD_clear
                0x000000000000425e       0x24 _build_lpc40xx_freertos/objects/ssd1309.o
                0x000000000000425e                LCD_clear
 .text.LCD_Init
                0x0000000000004282       0x52 _build_lpc40xx_freertos/objects/ssd1309.o
                0x0000000000004282                LCD_Init
 .text.sl_utils__pointer_distance
                0x00000000000042d4        0xc _build_lpc40xx_freertos/objects/sl_string.o
                0x00000000000042d4                sl_utils__pointer_distance
 .text.sl_string__initialize
                0x00000000000042e0       0x26 _build_lpc40xx_freertos/objects/sl_string.o
                0x00000000000042e0                sl_string__initialize
 .text.sl_string__get_capacity
                0x0000000000004306       0x1a _build_lpc40xx_freertos/objects/sl_string.o
                0x0000000000004306                sl_string__get_capacity
 .text.sl_string__get_length
                0x0000000000004320       0x16 _build_lpc40xx_freertos/objects/sl_string.o
                0x0000000000004320                sl_string__get_length
 .text.sl_string__is_full
                0x0000000000004336       0x32 _build_lpc40xx_freertos/objects/sl_string.o
                0x0000000000004336                sl_string__is_full
 .text.sl_string__c_str
                0x0000000000004368        0xe _build_lpc40xx_freertos/objects/sl_string.o
                0x0000000000004368                sl_string__c_str
 .text.sl_string__clear
                0x0000000000004376       0x1e _build_lpc40xx_freertos/objects/sl_string.o
                0x0000000000004376                sl_string__clear
 .text.sl_string__vprintf
                0x0000000000004394       0x24 _build_lpc40xx_freertos/objects/sl_string.o
                0x0000000000004394                sl_string__vprintf
 .text.sl_string__printf
                0x00000000000043b8       0x2e _build_lpc40xx_freertos/objects/sl_string.o
                0x00000000000043b8                sl_string__printf
 .text.sl_string__scanf
                0x00000000000043e6       0x28 _build_lpc40xx_freertos/objects/sl_string.o
                0x00000000000043e6                sl_string__scanf
 .text.sl_string__set
                0x000000000000440e       0x3c _build_lpc40xx_freertos/objects/sl_string.o
                0x000000000000440e                sl_string__set
 .text.sl_string__initialize_from
                0x000000000000444a       0x26 _build_lpc40xx_freertos/objects/sl_string.o
                0x000000000000444a                sl_string__initialize_from
 .text.sl_string__insert_at
                0x0000000000004470       0x8e _build_lpc40xx_freertos/objects/sl_string.o
                0x0000000000004470                sl_string__insert_at
 .text.sl_string__append
                0x00000000000044fe       0x4e _build_lpc40xx_freertos/objects/sl_string.o
                0x00000000000044fe                sl_string__append
 .text.sl_string__append_char
                0x000000000000454c       0x28 _build_lpc40xx_freertos/objects/sl_string.o
                0x000000000000454c                sl_string__append_char
 .text.sl_string__equals_to_ignore_case
                0x0000000000004574       0x24 _build_lpc40xx_freertos/objects/sl_string.o
                0x0000000000004574                sl_string__equals_to_ignore_case
 .text.sl_string__begins_with_limited_chars
                0x0000000000004598       0x36 _build_lpc40xx_freertos/objects/sl_string.o
                0x0000000000004598                sl_string__begins_with_limited_chars
 .text.sl_string__begins_with_ignore_case
                0x00000000000045ce       0x3c _build_lpc40xx_freertos/objects/sl_string.o
                0x00000000000045ce                sl_string__begins_with_ignore_case
 *fill*         0x000000000000460a        0x2 ff
 .text.sl_string__to_int
                0x000000000000460c       0x34 _build_lpc40xx_freertos/objects/sl_string.o
                0x000000000000460c                sl_string__to_int
 .text.sl_string__begins_with_whole_word
                0x0000000000004640       0x52 _build_lpc40xx_freertos/objects/sl_string.o
                0x0000000000004640                sl_string__begins_with_whole_word
 .text.sl_string__ends_with_newline
                0x0000000000004692       0x30 _build_lpc40xx_freertos/objects/sl_string.o
                0x0000000000004692                sl_string__ends_with_newline
 .text.sl_string__erase_after
                0x00000000000046c2       0x40 _build_lpc40xx_freertos/objects/sl_string.o
                0x00000000000046c2                sl_string__erase_after
 .text.sl_string__erase_first
                0x0000000000004702       0x28 _build_lpc40xx_freertos/objects/sl_string.o
                0x0000000000004702                sl_string__erase_first
 .text.sl_string__erase_last
                0x000000000000472a       0x36 _build_lpc40xx_freertos/objects/sl_string.o
                0x000000000000472a                sl_string__erase_last
 .text.sl_string__erase_at_substring
                0x0000000000004760       0x34 _build_lpc40xx_freertos/objects/sl_string.o
                0x0000000000004760                sl_string__erase_at_substring
 .text.sl_string__erase_first_word
                0x0000000000004794       0x32 _build_lpc40xx_freertos/objects/sl_string.o
                0x0000000000004794                sl_string__erase_first_word
 *fill*         0x00000000000047c6        0x2 ff
 .text.sl_string__erase_int
                0x00000000000047c8       0x70 _build_lpc40xx_freertos/objects/sl_string.o
                0x00000000000047c8                sl_string__erase_int
 .text.sl_string__trim_end
                0x0000000000004838       0x52 _build_lpc40xx_freertos/objects/sl_string.o
                0x0000000000004838                sl_string__trim_end
 .text.vPortSVCHandler_wrapper
                0x000000000000488a        0x4 _build_lpc40xx_freertos/objects/freertos_interrupt_handlers.o
                0x000000000000488a                vPortSVCHandler_wrapper
 .text.xPortPendSVHandler_wrapper
                0x000000000000488e        0x4 _build_lpc40xx_freertos/objects/freertos_interrupt_handlers.o
                0x000000000000488e                xPortPendSVHandler_wrapper
 .text.xPortSysTickHandler_wrapper
                0x0000000000004892        0x4 _build_lpc40xx_freertos/objects/freertos_interrupt_handlers.o
                0x0000000000004892                xPortSysTickHandler_wrapper
 .text.pvPortMalloc
                0x0000000000004896       0x1e _build_lpc40xx_freertos/objects/heap_selector.o
                0x0000000000004896                pvPortMalloc
 .text.vPortFree
                0x00000000000048b4       0x1a _build_lpc40xx_freertos/objects/heap_selector.o
                0x00000000000048b4                vPortFree
 *fill*         0x00000000000048ce        0x2 ff
 .text.prvPortStartFirstTask
                0x00000000000048d0       0x28 _build_lpc40xx_freertos/objects/port.o
 .text.vPortEnableVFP
                0x00000000000048f8       0x14 _build_lpc40xx_freertos/objects/port.o
 .text.prvTaskExitError
                0x000000000000490c       0x3c _build_lpc40xx_freertos/objects/port.o
 .text.pxPortInitialiseStack
                0x0000000000004948       0x2c _build_lpc40xx_freertos/objects/port.o
                0x0000000000004948                pxPortInitialiseStack
 *fill*         0x0000000000004974        0xc ff
 .text.vPortSVCHandler
                0x0000000000004980       0x24 _build_lpc40xx_freertos/objects/port.o
                0x0000000000004980                vPortSVCHandler
 .text.vPortEnterCritical
                0x00000000000049a4       0x44 _build_lpc40xx_freertos/objects/port.o
                0x00000000000049a4                vPortEnterCritical
 .text.vPortExitCritical
                0x00000000000049e8       0x28 _build_lpc40xx_freertos/objects/port.o
                0x00000000000049e8                vPortExitCritical
 .text.xPortPendSVHandler
                0x0000000000004a10       0x64 _build_lpc40xx_freertos/objects/port.o
                0x0000000000004a10                xPortPendSVHandler
 .text.xPortSysTickHandler
                0x0000000000004a74       0x2c _build_lpc40xx_freertos/objects/port.o
                0x0000000000004a74                xPortSysTickHandler
 .text.vPortSetupTimerInterrupt
                0x0000000000004aa0       0x30 _build_lpc40xx_freertos/objects/port.o
                0x0000000000004aa0                vPortSetupTimerInterrupt
 .text.xPortStartScheduler
                0x0000000000004ad0      0x100 _build_lpc40xx_freertos/objects/port.o
                0x0000000000004ad0                xPortStartScheduler
 .text.vPortValidateInterruptPriority
                0x0000000000004bd0       0x58 _build_lpc40xx_freertos/objects/port.o
                0x0000000000004bd0                vPortValidateInterruptPriority
 .text.vListInitialise
                0x0000000000004c28       0x16 _build_lpc40xx_freertos/objects/list.o
                0x0000000000004c28                vListInitialise
 .text.vListInitialiseItem
                0x0000000000004c3e        0x6 _build_lpc40xx_freertos/objects/list.o
                0x0000000000004c3e                vListInitialiseItem
 .text.vListInsertEnd
                0x0000000000004c44       0x18 _build_lpc40xx_freertos/objects/list.o
                0x0000000000004c44                vListInsertEnd
 .text.vListInsert
                0x0000000000004c5c       0x2e _build_lpc40xx_freertos/objects/list.o
                0x0000000000004c5c                vListInsert
 .text.uxListRemove
                0x0000000000004c8a       0x20 _build_lpc40xx_freertos/objects/list.o
                0x0000000000004c8a                uxListRemove
 .text.prvIsQueueEmpty
                0x0000000000004caa       0x16 _build_lpc40xx_freertos/objects/queue.o
 .text.prvCopyDataToQueue
                0x0000000000004cc0       0x6a _build_lpc40xx_freertos/objects/queue.o
 .text.prvCopyDataFromQueue
                0x0000000000004d2a       0x2a _build_lpc40xx_freertos/objects/queue.o
 .text.prvUnlockQueue
                0x0000000000004d54       0x70 _build_lpc40xx_freertos/objects/queue.o
 .text.xQueueGenericReset
                0x0000000000004dc4       0x7c _build_lpc40xx_freertos/objects/queue.o
                0x0000000000004dc4                xQueueGenericReset
 .text.xQueueGenericCreateStatic
                0x0000000000004e40       0x94 _build_lpc40xx_freertos/objects/queue.o
                0x0000000000004e40                xQueueGenericCreateStatic
 .text.xQueueGenericCreate
                0x0000000000004ed4       0x4c _build_lpc40xx_freertos/objects/queue.o
                0x0000000000004ed4                xQueueGenericCreate
 .text.xQueueGenericSend
                0x0000000000004f20      0x15c _build_lpc40xx_freertos/objects/queue.o
                0x0000000000004f20                xQueueGenericSend
 .text.xQueueCreateMutexStatic
                0x000000000000507c       0x2a _build_lpc40xx_freertos/objects/queue.o
                0x000000000000507c                xQueueCreateMutexStatic
 *fill*         0x00000000000050a6        0x2 ff
 .text.xQueueGenericSendFromISR
                0x00000000000050a8       0xbc _build_lpc40xx_freertos/objects/queue.o
                0x00000000000050a8                xQueueGenericSendFromISR
 .text.xQueueGiveFromISR
                0x0000000000005164       0xa4 _build_lpc40xx_freertos/objects/queue.o
                0x0000000000005164                xQueueGiveFromISR
 .text.xQueueReceive
                0x0000000000005208      0x13c _build_lpc40xx_freertos/objects/queue.o
                0x0000000000005208                xQueueReceive
 .text.xQueueSemaphoreTake
                0x0000000000005344      0x180 _build_lpc40xx_freertos/objects/queue.o
                0x0000000000005344                xQueueSemaphoreTake
 .text.xQueueReceiveFromISR
                0x00000000000054c4       0x9c _build_lpc40xx_freertos/objects/queue.o
                0x00000000000054c4                xQueueReceiveFromISR
 .text.vQueueDelete
                0x0000000000005560       0x24 _build_lpc40xx_freertos/objects/queue.o
                0x0000000000005560                vQueueDelete
 .text.prvResetRunTimeStatsInList
                0x0000000000005584       0x2e _build_lpc40xx_freertos/objects/tasks.o
 *fill*         0x00000000000055b2        0x2 ff
 .text.prvAddNewTaskToReadyList
                0x00000000000055b4       0xf4 _build_lpc40xx_freertos/objects/tasks.o
 .text.prvIdleTask
                0x00000000000056a8       0x28 _build_lpc40xx_freertos/objects/tasks.o
 .text.prvResetNextTaskUnblockTime
                0x00000000000056d0       0x24 _build_lpc40xx_freertos/objects/tasks.o
 .text.prvInitialiseNewTask.isra.2
                0x00000000000056f4       0x98 _build_lpc40xx_freertos/objects/tasks.o
 .text.prvAddCurrentTaskToDelayedList
                0x000000000000578c       0x8c _build_lpc40xx_freertos/objects/tasks.o
 .text.xTaskCreateStatic
                0x0000000000005818       0x6c _build_lpc40xx_freertos/objects/tasks.o
                0x0000000000005818                xTaskCreateStatic
 .text.xTaskCreate
                0x0000000000005884       0x5a _build_lpc40xx_freertos/objects/tasks.o
                0x0000000000005884                xTaskCreate
 *fill*         0x00000000000058de        0x2 ff
 .text.eTaskGetState
                0x00000000000058e0       0x6c _build_lpc40xx_freertos/objects/tasks.o
                0x00000000000058e0                eTaskGetState
 .text.vTaskStartScheduler
                0x000000000000594c       0x74 _build_lpc40xx_freertos/objects/tasks.o
                0x000000000000594c                vTaskStartScheduler
 .text.vTaskSuspendAll
                0x00000000000059c0       0x10 _build_lpc40xx_freertos/objects/tasks.o
                0x00000000000059c0                vTaskSuspendAll
 .text.xTaskIncrementTick
                0x00000000000059d0      0x124 _build_lpc40xx_freertos/objects/tasks.o
                0x00000000000059d0                xTaskIncrementTick
 .text.xTaskResumeAll
                0x0000000000005af4       0xec _build_lpc40xx_freertos/objects/tasks.o
                0x0000000000005af4                xTaskResumeAll
 .text.vTaskDelay
                0x0000000000005be0       0x48 _build_lpc40xx_freertos/objects/tasks.o
                0x0000000000005be0                vTaskDelay
 .text.vTaskSwitchContext
                0x0000000000005c28       0xbc _build_lpc40xx_freertos/objects/tasks.o
                0x0000000000005c28                vTaskSwitchContext
 .text.vTaskPlaceOnEventList
                0x0000000000005ce4       0x30 _build_lpc40xx_freertos/objects/tasks.o
                0x0000000000005ce4                vTaskPlaceOnEventList
 .text.xTaskRemoveFromEventList
                0x0000000000005d14       0x80 _build_lpc40xx_freertos/objects/tasks.o
                0x0000000000005d14                xTaskRemoveFromEventList
 .text.vTaskInternalSetTimeOutState
                0x0000000000005d94       0x18 _build_lpc40xx_freertos/objects/tasks.o
                0x0000000000005d94                vTaskInternalSetTimeOutState
 .text.xTaskCheckForTimeOut
                0x0000000000005dac       0x74 _build_lpc40xx_freertos/objects/tasks.o
                0x0000000000005dac                xTaskCheckForTimeOut
 .text.vTaskMissedYield
                0x0000000000005e20        0xc _build_lpc40xx_freertos/objects/tasks.o
                0x0000000000005e20                vTaskMissedYield
 .text.vTaskGetInfo
                0x0000000000005e2c       0x7c _build_lpc40xx_freertos/objects/tasks.o
                0x0000000000005e2c                vTaskGetInfo
 .text.prvListTasksWithinSingleList
                0x0000000000005ea8       0x5a _build_lpc40xx_freertos/objects/tasks.o
 *fill*         0x0000000000005f02        0x2 ff
 .text.uxTaskGetSystemState
                0x0000000000005f04       0x98 _build_lpc40xx_freertos/objects/tasks.o
                0x0000000000005f04                uxTaskGetSystemState
 .text.xTaskGetSchedulerState
                0x0000000000005f9c       0x20 _build_lpc40xx_freertos/objects/tasks.o
                0x0000000000005f9c                xTaskGetSchedulerState
 .text.xTaskPriorityInherit
                0x0000000000005fbc       0xa4 _build_lpc40xx_freertos/objects/tasks.o
                0x0000000000005fbc                xTaskPriorityInherit
 .text.xTaskPriorityDisinherit
                0x0000000000006060       0x9c _build_lpc40xx_freertos/objects/tasks.o
                0x0000000000006060                xTaskPriorityDisinherit
 .text.vTaskPriorityDisinheritAfterTimeout
                0x00000000000060fc       0xb0 _build_lpc40xx_freertos/objects/tasks.o
                0x00000000000060fc                vTaskPriorityDisinheritAfterTimeout
 .text.pvTaskIncrementMutexHeldCount
                0x00000000000061ac       0x18 _build_lpc40xx_freertos/objects/tasks.o
                0x00000000000061ac                pvTaskIncrementMutexHeldCount
 .text.vTaskResetRunTimeStats
                0x00000000000061c4       0x6c _build_lpc40xx_freertos/objects/tasks.o
                0x00000000000061c4                vTaskResetRunTimeStats
 .text.vRunTimeStatIsrEntry
                0x0000000000006230       0x28 _build_lpc40xx_freertos/objects/tasks.o
                0x0000000000006230                vRunTimeStatIsrEntry
 .text.vRunTimeStatIsrExit
                0x0000000000006258       0x10 _build_lpc40xx_freertos/objects/tasks.o
                0x0000000000006258                vRunTimeStatIsrExit
 .text.board_io__initialize
                0x0000000000006268      0x104 _build_lpc40xx_freertos/objects/board_io.o
                0x0000000000006268                board_io__initialize
 .text.board_io__sd_card_cs
                0x000000000000636c       0x10 _build_lpc40xx_freertos/objects/board_io.o
                0x000000000000636c                board_io__sd_card_cs
 .text.board_io__sd_card_ds
                0x000000000000637c       0x10 _build_lpc40xx_freertos/objects/board_io.o
                0x000000000000637c                board_io__sd_card_ds
 .text.board_io__sd_card_is_present
                0x000000000000638c       0x14 _build_lpc40xx_freertos/objects/board_io.o
                0x000000000000638c                board_io__sd_card_is_present
 .text.board_io__get_led0
                0x00000000000063a0        0xc _build_lpc40xx_freertos/objects/board_io.o
                0x00000000000063a0                board_io__get_led0
 .text.board_io__get_led1
                0x00000000000063ac        0xc _build_lpc40xx_freertos/objects/board_io.o
                0x00000000000063ac                board_io__get_led1
 .text.board_io__get_led2
                0x00000000000063b8        0xc _build_lpc40xx_freertos/objects/board_io.o
                0x00000000000063b8                board_io__get_led2
 .text.board_io__get_led3
                0x00000000000063c4        0xc _build_lpc40xx_freertos/objects/board_io.o
                0x00000000000063c4                board_io__get_led3
 .text.gpio__set_function
                0x00000000000063d0       0x2a _build_lpc40xx_freertos/objects/gpio.o
                0x00000000000063d0                gpio__set_function
 .text.gpio__construct_with_function
                0x00000000000063fa       0x2a _build_lpc40xx_freertos/objects/gpio.o
                0x00000000000063fa                gpio__construct_with_function
 .text.gpio__enable_open_drain
                0x0000000000006424       0x20 _build_lpc40xx_freertos/objects/gpio.o
                0x0000000000006424                gpio__enable_open_drain
 .text.gpio__enable_pull_down_resistors
                0x0000000000006444       0x28 _build_lpc40xx_freertos/objects/gpio.o
                0x0000000000006444                gpio__enable_pull_down_resistors
 .text.gpio__set_as_input
                0x000000000000646c       0x24 _build_lpc40xx_freertos/objects/gpio.o
                0x000000000000646c                gpio__set_as_input
 .text.gpio__construct_as_input
                0x0000000000006490       0x28 _build_lpc40xx_freertos/objects/gpio.o
                0x0000000000006490                gpio__construct_as_input
 .text.gpio__set_as_output
                0x00000000000064b8       0x20 _build_lpc40xx_freertos/objects/gpio.o
                0x00000000000064b8                gpio__set_as_output
 .text.gpio__construct_as_output
                0x00000000000064d8       0x28 _build_lpc40xx_freertos/objects/gpio.o
                0x00000000000064d8                gpio__construct_as_output
 .text.gpio__get
                0x0000000000006500       0x24 _build_lpc40xx_freertos/objects/gpio.o
                0x0000000000006500                gpio__get
 .text.gpio__set
                0x0000000000006524       0x1c _build_lpc40xx_freertos/objects/gpio.o
                0x0000000000006524                gpio__set
 .text.gpio__reset
                0x0000000000006540       0x1c _build_lpc40xx_freertos/objects/gpio.o
                0x0000000000006540                gpio__reset
 .text.gpio__toggle
                0x000000000000655c       0x1e _build_lpc40xx_freertos/objects/gpio.o
                0x000000000000655c                gpio__toggle
 *fill*         0x000000000000657a        0x2 ff
 .text.hw_timer__enable
                0x000000000000657c       0x48 _build_lpc40xx_freertos/objects/hw_timer.o
                0x000000000000657c                hw_timer__enable
 .text.hw_timer__enable_match_isr
                0x00000000000065c4       0x24 _build_lpc40xx_freertos/objects/hw_timer.o
                0x00000000000065c4                hw_timer__enable_match_isr
 .text.hw_timer__acknowledge_interrupt
                0x00000000000065e8       0x18 _build_lpc40xx_freertos/objects/hw_timer.o
                0x00000000000065e8                hw_timer__acknowledge_interrupt
 .text.hw_timer__get_value
                0x0000000000006600       0x10 _build_lpc40xx_freertos/objects/hw_timer.o
                0x0000000000006600                hw_timer__get_value
 .text.hw_timer__set_value
                0x0000000000006610       0x10 _build_lpc40xx_freertos/objects/hw_timer.o
                0x0000000000006610                hw_timer__set_value
 .text.i2c__transfer_unprotected
                0x0000000000006620       0x5e _build_lpc40xx_freertos/objects/i2c.o
 *fill*         0x000000000000667e        0x2 ff
 .text.i2c__handle_interrupt
                0x0000000000006680      0x128 _build_lpc40xx_freertos/objects/i2c.o
 .text.i2c2_isr
                0x00000000000067a8        0xc _build_lpc40xx_freertos/objects/i2c.o
 .text.i2c1_isr
                0x00000000000067b4        0xc _build_lpc40xx_freertos/objects/i2c.o
 .text.i2c0_isr
                0x00000000000067c0        0xc _build_lpc40xx_freertos/objects/i2c.o
 .text.i2c__initialize
                0x00000000000067cc       0xb8 _build_lpc40xx_freertos/objects/i2c.o
                0x00000000000067cc                i2c__initialize
 .text.i2c__read_slave_data
                0x0000000000006884       0x54 _build_lpc40xx_freertos/objects/i2c.o
                0x0000000000006884                i2c__read_slave_data
 .text.i2c__read_single
                0x00000000000068d8       0x1e _build_lpc40xx_freertos/objects/i2c.o
                0x00000000000068d8                i2c__read_single
 *fill*         0x00000000000068f6        0x2 ff
 .text.i2c__write_slave_data
                0x00000000000068f8       0x50 _build_lpc40xx_freertos/objects/i2c.o
                0x00000000000068f8                i2c__write_slave_data
 .text.i2c__detect
                0x0000000000006948       0x18 _build_lpc40xx_freertos/objects/i2c.o
                0x0000000000006948                i2c__detect
 .text.i2c__write_single
                0x0000000000006960       0x18 _build_lpc40xx_freertos/objects/i2c.o
                0x0000000000006960                i2c__write_single
 .text.lpc_peripheral__halt_handler
                0x0000000000006978        0x2 _build_lpc40xx_freertos/objects/lpc_peripherals.o
 *fill*         0x000000000000697a        0x2 ff
 .text.lpc_peripheral__interrupt_dispatcher
                0x000000000000697c       0x34 _build_lpc40xx_freertos/objects/lpc_peripherals.o
                0x000000000000697c                lpc_peripheral__interrupt_dispatcher
 .text.lpc_peripheral__turn_on_power_to
                0x00000000000069b0       0x24 _build_lpc40xx_freertos/objects/lpc_peripherals.o
                0x00000000000069b0                lpc_peripheral__turn_on_power_to
 .text.lpc_peripheral__is_powered_on
                0x00000000000069d4       0x24 _build_lpc40xx_freertos/objects/lpc_peripherals.o
                0x00000000000069d4                lpc_peripheral__is_powered_on
 .text.lpc_peripheral__enable_interrupt
                0x00000000000069f8       0x30 _build_lpc40xx_freertos/objects/lpc_peripherals.o
                0x00000000000069f8                lpc_peripheral__enable_interrupt
 .text.ssp2__dma_transfer_block
                0x0000000000006a28       0x98 _build_lpc40xx_freertos/objects/ssp2.o
 .text.ssp2__set_max_clock
                0x0000000000006ac0       0x2c _build_lpc40xx_freertos/objects/ssp2.o
                0x0000000000006ac0                ssp2__set_max_clock
 .text.ssp2__initialize
                0x0000000000006aec       0x44 _build_lpc40xx_freertos/objects/ssp2.o
                0x0000000000006aec                ssp2__initialize
 .text.ssp0__exchange_byte
                0x0000000000006b30       0x14 _build_lpc40xx_freertos/objects/ssp2.o
                0x0000000000006b30                ssp0__exchange_byte
 .text.ssp2__exchange_byte
                0x0000000000006b44       0x14 _build_lpc40xx_freertos/objects/ssp2.o
                0x0000000000006b44                ssp2__exchange_byte
 .text.ssp2__dma_write_block
                0x0000000000006b58        0x6 _build_lpc40xx_freertos/objects/ssp2.o
                0x0000000000006b58                ssp2__dma_write_block
 .text.ssp2__dma_read_block
                0x0000000000006b5e        0x6 _build_lpc40xx_freertos/objects/ssp2.o
                0x0000000000006b5e                ssp2__dma_read_block
 .text.uart__isr_common
                0x0000000000006b64       0x94 _build_lpc40xx_freertos/objects/uart.o
 .text.uart3_isr
                0x0000000000006bf8        0xc _build_lpc40xx_freertos/objects/uart.o
 .text.uart2_isr
                0x0000000000006c04        0xc _build_lpc40xx_freertos/objects/uart.o
 .text.uart1_isr
                0x0000000000006c10        0xc _build_lpc40xx_freertos/objects/uart.o
 .text.uart0_isr
                0x0000000000006c1c        0xc _build_lpc40xx_freertos/objects/uart.o
 .text.uart__init
                0x0000000000006c28       0x60 _build_lpc40xx_freertos/objects/uart.o
                0x0000000000006c28                uart__init
 .text.uart__is_initialized
                0x0000000000006c88       0x28 _build_lpc40xx_freertos/objects/uart.o
                0x0000000000006c88                uart__is_initialized
 .text.uart__is_transmit_queue_initialized
                0x0000000000006cb0       0x14 _build_lpc40xx_freertos/objects/uart.o
                0x0000000000006cb0                uart__is_transmit_queue_initialized
 .text.uart__is_receive_queue_initialized
                0x0000000000006cc4       0x14 _build_lpc40xx_freertos/objects/uart.o
                0x0000000000006cc4                uart__is_receive_queue_initialized
 .text.uart__enable_queues
                0x0000000000006cd8       0x70 _build_lpc40xx_freertos/objects/uart.o
                0x0000000000006cd8                uart__enable_queues
 .text.uart__polled_put
                0x0000000000006d48       0x24 _build_lpc40xx_freertos/objects/uart.o
                0x0000000000006d48                uart__polled_put
 .text.uart__get
                0x0000000000006d6c       0x4c _build_lpc40xx_freertos/objects/uart.o
                0x0000000000006d6c                uart__get
 .text.uart__polled_get
                0x0000000000006db8       0x54 _build_lpc40xx_freertos/objects/uart.o
                0x0000000000006db8                uart__polled_get
 .text.uart__put
                0x0000000000006e0c       0x7c _build_lpc40xx_freertos/objects/uart.o
                0x0000000000006e0c                uart__put
 .text.reader_task
                0x0000000000006e88       0x34 _build_lpc40xx_freertos/objects/main.o
 .text.player_task
                0x0000000000006ebc      0x174 _build_lpc40xx_freertos/objects/main.o
 .text.display_task
                0x0000000000007030      0x1e8 _build_lpc40xx_freertos/objects/main.o
 .text.button_task
                0x0000000000007218       0xb4 _build_lpc40xx_freertos/objects/main.o
 .text.startup.main
                0x00000000000072cc      0x104 _build_lpc40xx_freertos/objects/main.o
                0x00000000000072cc                main
 .text          0x00000000000073d0      0x378 /Users/aaronrice/Documents/GitHub/Lab-Assignment-Watchdogs/toolchains/mac/gcc-arm-none-eabi-8-2019-q3-update/bin/../lib/gcc/arm-none-eabi/8.3.1/thumb/v7e-m+fp/hard/libgcc.a(_arm_addsubdf3.o)
                0x00000000000073d0                __aeabi_drsub
                0x00000000000073d8                __subdf3
                0x00000000000073d8                __aeabi_dsub
                0x00000000000073dc                __aeabi_dadd
                0x00000000000073dc                __adddf3
                0x0000000000007654                __aeabi_ui2d
                0x0000000000007654                __floatunsidf
                0x0000000000007674                __floatsidf
                0x0000000000007674                __aeabi_i2d
                0x0000000000007698                __extendsfdf2
                0x0000000000007698                __aeabi_f2d
                0x00000000000076dc                __aeabi_ul2d
                0x00000000000076dc                __floatundidf
                0x00000000000076ec                __aeabi_l2d
                0x00000000000076ec                __floatdidf
 .text          0x0000000000007748      0x424 /Users/aaronrice/Documents/GitHub/Lab-Assignment-Watchdogs/toolchains/mac/gcc-arm-none-eabi-8-2019-q3-update/bin/../lib/gcc/arm-none-eabi/8.3.1/thumb/v7e-m+fp/hard/libgcc.a(_arm_muldivdf3.o)
                0x0000000000007748                __aeabi_dmul
                0x0000000000007748                __muldf3
                0x000000000000799c                __aeabi_ddiv
                0x000000000000799c                __divdf3
 .text          0x0000000000007b6c       0x30 /Users/aaronrice/Documents/GitHub/Lab-Assignment-Watchdogs/toolchains/mac/gcc-arm-none-eabi-8-2019-q3-update/bin/../lib/gcc/arm-none-eabi/8.3.1/thumb/v7e-m+fp/hard/libgcc.a(_aeabi_uldivmod.o)
                0x0000000000007b6c                __aeabi_uldivmod
 .text          0x0000000000007b9c      0x2d0 /Users/aaronrice/Documents/GitHub/Lab-Assignment-Watchdogs/toolchains/mac/gcc-arm-none-eabi-8-2019-q3-update/bin/../lib/gcc/arm-none-eabi/8.3.1/thumb/v7e-m+fp/hard/libgcc.a(_udivmoddi4.o)
                0x0000000000007b9c                __udivmoddi4
 .text          0x0000000000007e6c        0x4 /Users/aaronrice/Documents/GitHub/Lab-Assignment-Watchdogs/toolchains/mac/gcc-arm-none-eabi-8-2019-q3-update/bin/../lib/gcc/arm-none-eabi/8.3.1/thumb/v7e-m+fp/hard/libgcc.a(_dvmd_tls.o)
                0x0000000000007e6c                __aeabi_ldiv0
                0x0000000000007e6c                __aeabi_idiv0
 .text.__sflush_r
                0x0000000000007e70      0x10c /Users/aaronrice/Documents/GitHub/Lab-Assignment-Watchdogs/toolchains/mac/gcc-arm-none-eabi-8-2019-q3-update/bin/../lib/gcc/arm-none-eabi/8.3.1/../../../../arm-none-eabi/lib/thumb/v7e-m+fp/hard/libg_nano.a(lib_a-fflush.o)
                0x0000000000007e70                __sflush_r
 .text._fflush_r
                0x0000000000007f7c       0x78 /Users/aaronrice/Documents/GitHub/Lab-Assignment-Watchdogs/toolchains/mac/gcc-arm-none-eabi-8-2019-q3-update/bin/../lib/gcc/arm-none-eabi/8.3.1/../../../../arm-none-eabi/lib/thumb/v7e-m+fp/hard/libg_nano.a(lib_a-fflush.o)
                0x0000000000007f7c                _fflush_r
 .text.fflush   0x0000000000007ff4       0x24 /Users/aaronrice/Documents/GitHub/Lab-Assignment-Watchdogs/toolchains/mac/gcc-arm-none-eabi-8-2019-q3-update/bin/../lib/gcc/arm-none-eabi/8.3.1/../../../../arm-none-eabi/lib/thumb/v7e-m+fp/hard/libg_nano.a(lib_a-fflush.o)
                0x0000000000007ff4                fflush
 .text.std      0x0000000000008018       0x48 /Users/aaronrice/Documents/GitHub/Lab-Assignment-Watchdogs/toolchains/mac/gcc-arm-none-eabi-8-2019-q3-update/bin/../lib/gcc/arm-none-eabi/8.3.1/../../../../arm-none-eabi/lib/thumb/v7e-m+fp/hard/libg_nano.a(lib_a-findfp.o)
 .text._cleanup_r
                0x0000000000008060        0xc /Users/aaronrice/Documents/GitHub/Lab-Assignment-Watchdogs/toolchains/mac/gcc-arm-none-eabi-8-2019-q3-update/bin/../lib/gcc/arm-none-eabi/8.3.1/../../../../arm-none-eabi/lib/thumb/v7e-m+fp/hard/libg_nano.a(lib_a-findfp.o)
                0x0000000000008060                _cleanup_r
 .text.__sfmoreglue
                0x000000000000806c       0x2c /Users/aaronrice/Documents/GitHub/Lab-Assignment-Watchdogs/toolchains/mac/gcc-arm-none-eabi-8-2019-q3-update/bin/../lib/gcc/arm-none-eabi/8.3.1/../../../../arm-none-eabi/lib/thumb/v7e-m+fp/hard/libg_nano.a(lib_a-findfp.o)
                0x000000000000806c                __sfmoreglue
 .text.__sfp_lock_acquire
                0x0000000000008098        0xc /Users/aaronrice/Documents/GitHub/Lab-Assignment-Watchdogs/toolchains/mac/gcc-arm-none-eabi-8-2019-q3-update/bin/../lib/gcc/arm-none-eabi/8.3.1/../../../../arm-none-eabi/lib/thumb/v7e-m+fp/hard/libg_nano.a(lib_a-findfp.o)
                0x0000000000008098                __sfp_lock_acquire
 .text.__sfp_lock_release
                0x00000000000080a4        0xc /Users/aaronrice/Documents/GitHub/Lab-Assignment-Watchdogs/toolchains/mac/gcc-arm-none-eabi-8-2019-q3-update/bin/../lib/gcc/arm-none-eabi/8.3.1/../../../../arm-none-eabi/lib/thumb/v7e-m+fp/hard/libg_nano.a(lib_a-findfp.o)
                0x00000000000080a4                __sfp_lock_release
 .text.__sinit_lock_acquire
                0x00000000000080b0        0xc /Users/aaronrice/Documents/GitHub/Lab-Assignment-Watchdogs/toolchains/mac/gcc-arm-none-eabi-8-2019-q3-update/bin/../lib/gcc/arm-none-eabi/8.3.1/../../../../arm-none-eabi/lib/thumb/v7e-m+fp/hard/libg_nano.a(lib_a-findfp.o)
                0x00000000000080b0                __sinit_lock_acquire
 .text.__sinit_lock_release
                0x00000000000080bc        0xc /Users/aaronrice/Documents/GitHub/Lab-Assignment-Watchdogs/toolchains/mac/gcc-arm-none-eabi-8-2019-q3-update/bin/../lib/gcc/arm-none-eabi/8.3.1/../../../../arm-none-eabi/lib/thumb/v7e-m+fp/hard/libg_nano.a(lib_a-findfp.o)
                0x00000000000080bc                __sinit_lock_release
 .text.__sinit  0x00000000000080c8       0x70 /Users/aaronrice/Documents/GitHub/Lab-Assignment-Watchdogs/toolchains/mac/gcc-arm-none-eabi-8-2019-q3-update/bin/../lib/gcc/arm-none-eabi/8.3.1/../../../../arm-none-eabi/lib/thumb/v7e-m+fp/hard/libg_nano.a(lib_a-findfp.o)
                0x00000000000080c8                __sinit
 .text.__sfp    0x0000000000008138       0x8c /Users/aaronrice/Documents/GitHub/Lab-Assignment-Watchdogs/toolchains/mac/gcc-arm-none-eabi-8-2019-q3-update/bin/../lib/gcc/arm-none-eabi/8.3.1/../../../../arm-none-eabi/lib/thumb/v7e-m+fp/hard/libg_nano.a(lib_a-findfp.o)
                0x0000000000008138                __sfp
 .text._fopen_r
                0x00000000000081c4       0xa8 /Users/aaronrice/Documents/GitHub/Lab-Assignment-Watchdogs/toolchains/mac/gcc-arm-none-eabi-8-2019-q3-update/bin/../lib/gcc/arm-none-eabi/8.3.1/../../../../arm-none-eabi/lib/thumb/v7e-m+fp/hard/libg_nano.a(lib_a-fopen.o)
                0x00000000000081c4                _fopen_r
 .text.fopen    0x000000000000826c       0x10 /Users/aaronrice/Documents/GitHub/Lab-Assignment-Watchdogs/toolchains/mac/gcc-arm-none-eabi-8-2019-q3-update/bin/../lib/gcc/arm-none-eabi/8.3.1/../../../../arm-none-eabi/lib/thumb/v7e-m+fp/hard/libg_nano.a(lib_a-fopen.o)
                0x000000000000826c                fopen
 .text.fprintf  0x000000000000827c       0x24 /Users/aaronrice/Documents/GitHub/Lab-Assignment-Watchdogs/toolchains/mac/gcc-arm-none-eabi-8-2019-q3-update/bin/../lib/gcc/arm-none-eabi/8.3.1/../../../../arm-none-eabi/lib/thumb/v7e-m+fp/hard/libg_nano.a(lib_a-fprintf.o)
                0x000000000000827c                fprintf
                0x000000000000827c                fiprintf
 .text._fputs_r
                0x00000000000082a0       0xcc /Users/aaronrice/Documents/GitHub/Lab-Assignment-Watchdogs/toolchains/mac/gcc-arm-none-eabi-8-2019-q3-update/bin/../lib/gcc/arm-none-eabi/8.3.1/../../../../arm-none-eabi/lib/thumb/v7e-m+fp/hard/libg_nano.a(lib_a-fputs.o)
                0x00000000000082a0                _fputs_r
 .text.fputs    0x000000000000836c       0x10 /Users/aaronrice/Documents/GitHub/Lab-Assignment-Watchdogs/toolchains/mac/gcc-arm-none-eabi-8-2019-q3-update/bin/../lib/gcc/arm-none-eabi/8.3.1/../../../../arm-none-eabi/lib/thumb/v7e-m+fp/hard/libg_nano.a(lib_a-fputs.o)
                0x000000000000836c                fputs
 .text._fseek_r
                0x000000000000837c        0x4 /Users/aaronrice/Documents/GitHub/Lab-Assignment-Watchdogs/toolchains/mac/gcc-arm-none-eabi-8-2019-q3-update/bin/../lib/gcc/arm-none-eabi/8.3.1/../../../../arm-none-eabi/lib/thumb/v7e-m+fp/hard/libg_nano.a(lib_a-fseek.o)
                0x000000000000837c                _fseek_r
 .text.fseek    0x0000000000008380       0x14 /Users/aaronrice/Documents/GitHub/Lab-Assignment-Watchdogs/toolchains/mac/gcc-arm-none-eabi-8-2019-q3-update/bin/../lib/gcc/arm-none-eabi/8.3.1/../../../../arm-none-eabi/lib/thumb/v7e-m+fp/hard/libg_nano.a(lib_a-fseek.o)
                0x0000000000008380                fseek
 .text._fseeko_r
                0x0000000000008394      0x164 /Users/aaronrice/Documents/GitHub/Lab-Assignment-Watchdogs/toolchains/mac/gcc-arm-none-eabi-8-2019-q3-update/bin/../lib/gcc/arm-none-eabi/8.3.1/../../../../arm-none-eabi/lib/thumb/v7e-m+fp/hard/libg_nano.a(lib_a-fseeko.o)
                0x0000000000008394                _fseeko_r
 .text._fwalk   0x00000000000084f8       0x38 /Users/aaronrice/Documents/GitHub/Lab-Assignment-Watchdogs/toolchains/mac/gcc-arm-none-eabi-8-2019-q3-update/bin/../lib/gcc/arm-none-eabi/8.3.1/../../../../arm-none-eabi/lib/thumb/v7e-m+fp/hard/libg_nano.a(lib_a-fwalk.o)
                0x00000000000084f8                _fwalk
 .text._fwalk_reent
                0x0000000000008530       0x3c /Users/aaronrice/Documents/GitHub/Lab-Assignment-Watchdogs/toolchains/mac/gcc-arm-none-eabi-8-2019-q3-update/bin/../lib/gcc/arm-none-eabi/8.3.1/../../../../arm-none-eabi/lib/thumb/v7e-m+fp/hard/libg_nano.a(lib_a-fwalk.o)
                0x0000000000008530                _fwalk_reent
 .text._fwrite_r
                0x000000000000856c       0xc0 /Users/aaronrice/Documents/GitHub/Lab-Assignment-Watchdogs/toolchains/mac/gcc-arm-none-eabi-8-2019-q3-update/bin/../lib/gcc/arm-none-eabi/8.3.1/../../../../arm-none-eabi/lib/thumb/v7e-m+fp/hard/libg_nano.a(lib_a-fwrite.o)
                0x000000000000856c                _fwrite_r
 .text.fwrite   0x000000000000862c       0x1c /Users/aaronrice/Documents/GitHub/Lab-Assignment-Watchdogs/toolchains/mac/gcc-arm-none-eabi-8-2019-q3-update/bin/../lib/gcc/arm-none-eabi/8.3.1/../../../../arm-none-eabi/lib/thumb/v7e-m+fp/hard/libg_nano.a(lib_a-fwrite.o)
                0x000000000000862c                fwrite
 .text.getchar  0x0000000000008648       0x24 /Users/aaronrice/Documents/GitHub/Lab-Assignment-Watchdogs/toolchains/mac/gcc-arm-none-eabi-8-2019-q3-update/bin/../lib/gcc/arm-none-eabi/8.3.1/../../../../arm-none-eabi/lib/thumb/v7e-m+fp/hard/libg_nano.a(lib_a-getchar.o)
                0x0000000000008648                getchar
 .text.__retarget_lock_init_recursive
                0x000000000000866c        0x2 /Users/aaronrice/Documents/GitHub/Lab-Assignment-Watchdogs/toolchains/mac/gcc-arm-none-eabi-8-2019-q3-update/bin/../lib/gcc/arm-none-eabi/8.3.1/../../../../arm-none-eabi/lib/thumb/v7e-m+fp/hard/libg_nano.a(lib_a-lock.o)
                0x000000000000866c                __retarget_lock_init_recursive
 .text.__retarget_lock_close_recursive
                0x000000000000866e        0x2 /Users/aaronrice/Documents/GitHub/Lab-Assignment-Watchdogs/toolchains/mac/gcc-arm-none-eabi-8-2019-q3-update/bin/../lib/gcc/arm-none-eabi/8.3.1/../../../../arm-none-eabi/lib/thumb/v7e-m+fp/hard/libg_nano.a(lib_a-lock.o)
                0x000000000000866e                __retarget_lock_close_recursive
 .text.__retarget_lock_acquire_recursive
                0x0000000000008670        0x2 /Users/aaronrice/Documents/GitHub/Lab-Assignment-Watchdogs/toolchains/mac/gcc-arm-none-eabi-8-2019-q3-update/bin/../lib/gcc/arm-none-eabi/8.3.1/../../../../arm-none-eabi/lib/thumb/v7e-m+fp/hard/libg_nano.a(lib_a-lock.o)
                0x0000000000008670                __retarget_lock_acquire_recursive
 .text.__retarget_lock_release_recursive
                0x0000000000008672        0x2 /Users/aaronrice/Documents/GitHub/Lab-Assignment-Watchdogs/toolchains/mac/gcc-arm-none-eabi-8-2019-q3-update/bin/../lib/gcc/arm-none-eabi/8.3.1/../../../../arm-none-eabi/lib/thumb/v7e-m+fp/hard/libg_nano.a(lib_a-lock.o)
                0x0000000000008672                __retarget_lock_release_recursive
 .text.__swhatbuf_r
                0x0000000000008674       0x48 /Users/aaronrice/Documents/GitHub/Lab-Assignment-Watchdogs/toolchains/mac/gcc-arm-none-eabi-8-2019-q3-update/bin/../lib/gcc/arm-none-eabi/8.3.1/../../../../arm-none-eabi/lib/thumb/v7e-m+fp/hard/libg_nano.a(lib_a-makebuf.o)
                0x0000000000008674                __swhatbuf_r
 .text.__smakebuf_r
                0x00000000000086bc       0x80 /Users/aaronrice/Documents/GitHub/Lab-Assignment-Watchdogs/toolchains/mac/gcc-arm-none-eabi-8-2019-q3-update/bin/../lib/gcc/arm-none-eabi/8.3.1/../../../../arm-none-eabi/lib/thumb/v7e-m+fp/hard/libg_nano.a(lib_a-makebuf.o)
                0x00000000000086bc                __smakebuf_r
 .text.malloc   0x000000000000873c       0x10 /Users/aaronrice/Documents/GitHub/Lab-Assignment-Watchdogs/toolchains/mac/gcc-arm-none-eabi-8-2019-q3-update/bin/../lib/gcc/arm-none-eabi/8.3.1/../../../../arm-none-eabi/lib/thumb/v7e-m+fp/hard/libg_nano.a(lib_a-malloc.o)
                0x000000000000873c                malloc
 .text.free     0x000000000000874c       0x10 /Users/aaronrice/Documents/GitHub/Lab-Assignment-Watchdogs/toolchains/mac/gcc-arm-none-eabi-8-2019-q3-update/bin/../lib/gcc/arm-none-eabi/8.3.1/../../../../arm-none-eabi/lib/thumb/v7e-m+fp/hard/libg_nano.a(lib_a-malloc.o)
                0x000000000000874c                free
 .text.memcpy   0x000000000000875c       0x1c /Users/aaronrice/Documents/GitHub/Lab-Assignment-Watchdogs/toolchains/mac/gcc-arm-none-eabi-8-2019-q3-update/bin/../lib/gcc/arm-none-eabi/8.3.1/../../../../arm-none-eabi/lib/thumb/v7e-m+fp/hard/libg_nano.a(lib_a-memcpy-stub.o)
                0x000000000000875c                memcpy
 .text.memmove  0x0000000000008778       0x34 /Users/aaronrice/Documents/GitHub/Lab-Assignment-Watchdogs/toolchains/mac/gcc-arm-none-eabi-8-2019-q3-update/bin/../lib/gcc/arm-none-eabi/8.3.1/../../../../arm-none-eabi/lib/thumb/v7e-m+fp/hard/libg_nano.a(lib_a-memmove.o)
                0x0000000000008778                memmove
 .text.memset   0x00000000000087ac       0x10 /Users/aaronrice/Documents/GitHub/Lab-Assignment-Watchdogs/toolchains/mac/gcc-arm-none-eabi-8-2019-q3-update/bin/../lib/gcc/arm-none-eabi/8.3.1/../../../../arm-none-eabi/lib/thumb/v7e-m+fp/hard/libg_nano.a(lib_a-memset.o)
                0x00000000000087ac                memset
 .text._free_r  0x00000000000087bc       0x9c /Users/aaronrice/Documents/GitHub/Lab-Assignment-Watchdogs/toolchains/mac/gcc-arm-none-eabi-8-2019-q3-update/bin/../lib/gcc/arm-none-eabi/8.3.1/../../../../arm-none-eabi/lib/thumb/v7e-m+fp/hard/libg_nano.a(lib_a-nano-freer.o)
                0x00000000000087bc                _free_r
 .text._malloc_r
                0x0000000000008858       0xb4 /Users/aaronrice/Documents/GitHub/Lab-Assignment-Watchdogs/toolchains/mac/gcc-arm-none-eabi-8-2019-q3-update/bin/../lib/gcc/arm-none-eabi/8.3.1/../../../../arm-none-eabi/lib/thumb/v7e-m+fp/hard/libg_nano.a(lib_a-nano-mallocr.o)
                0x0000000000008858                _malloc_r
 .text.__sfputc_r
                0x000000000000890c       0x2e /Users/aaronrice/Documents/GitHub/Lab-Assignment-Watchdogs/toolchains/mac/gcc-arm-none-eabi-8-2019-q3-update/bin/../lib/gcc/arm-none-eabi/8.3.1/../../../../arm-none-eabi/lib/thumb/v7e-m+fp/hard/libg_nano.a(lib_a-nano-vfprintf.o)
 .text.__sfputs_r
                0x000000000000893a       0x24 /Users/aaronrice/Documents/GitHub/Lab-Assignment-Watchdogs/toolchains/mac/gcc-arm-none-eabi-8-2019-q3-update/bin/../lib/gcc/arm-none-eabi/8.3.1/../../../../arm-none-eabi/lib/thumb/v7e-m+fp/hard/libg_nano.a(lib_a-nano-vfprintf.o)
                0x000000000000893a                __sfputs_r
 *fill*         0x000000000000895e        0x2 ff
 .text._vfprintf_r
                0x0000000000008960      0x250 /Users/aaronrice/Documents/GitHub/Lab-Assignment-Watchdogs/toolchains/mac/gcc-arm-none-eabi-8-2019-q3-update/bin/../lib/gcc/arm-none-eabi/8.3.1/../../../../arm-none-eabi/lib/thumb/v7e-m+fp/hard/libg_nano.a(lib_a-nano-vfprintf.o)
                0x0000000000008960                _vfiprintf_r
                0x0000000000008960                _vfprintf_r
 .text.__cvt    0x0000000000008bb0       0xba /Users/aaronrice/Documents/GitHub/Lab-Assignment-Watchdogs/toolchains/mac/gcc-arm-none-eabi-8-2019-q3-update/bin/../lib/gcc/arm-none-eabi/8.3.1/../../../../arm-none-eabi/lib/thumb/v7e-m+fp/hard/libg_nano.a(lib_a-nano-vfprintf_float.o)
                0x0000000000008bb0                __cvt
 .text.__exponent
                0x0000000000008c6a       0x64 /Users/aaronrice/Documents/GitHub/Lab-Assignment-Watchdogs/toolchains/mac/gcc-arm-none-eabi-8-2019-q3-update/bin/../lib/gcc/arm-none-eabi/8.3.1/../../../../arm-none-eabi/lib/thumb/v7e-m+fp/hard/libg_nano.a(lib_a-nano-vfprintf_float.o)
                0x0000000000008c6a                __exponent
 *fill*         0x0000000000008cce        0x2 ff
 .text._printf_float
                0x0000000000008cd0      0x454 /Users/aaronrice/Documents/GitHub/Lab-Assignment-Watchdogs/toolchains/mac/gcc-arm-none-eabi-8-2019-q3-update/bin/../lib/gcc/arm-none-eabi/8.3.1/../../../../arm-none-eabi/lib/thumb/v7e-m+fp/hard/libg_nano.a(lib_a-nano-vfprintf_float.o)
                0x0000000000008cd0                _printf_float
 .text._printf_common
                0x0000000000009124       0xea /Users/aaronrice/Documents/GitHub/Lab-Assignment-Watchdogs/toolchains/mac/gcc-arm-none-eabi-8-2019-q3-update/bin/../lib/gcc/arm-none-eabi/8.3.1/../../../../arm-none-eabi/lib/thumb/v7e-m+fp/hard/libg_nano.a(lib_a-nano-vfprintf_i.o)
                0x0000000000009124                _printf_common
 *fill*         0x000000000000920e        0x2 ff
 .text._printf_i
                0x0000000000009210      0x228 /Users/aaronrice/Documents/GitHub/Lab-Assignment-Watchdogs/toolchains/mac/gcc-arm-none-eabi-8-2019-q3-update/bin/../lib/gcc/arm-none-eabi/8.3.1/../../../../arm-none-eabi/lib/thumb/v7e-m+fp/hard/libg_nano.a(lib_a-nano-vfprintf_i.o)
                0x0000000000009210                _printf_i
 .text._scanf_float
                0x0000000000009438      0x3c0 /Users/aaronrice/Documents/GitHub/Lab-Assignment-Watchdogs/toolchains/mac/gcc-arm-none-eabi-8-2019-q3-update/bin/../lib/gcc/arm-none-eabi/8.3.1/../../../../arm-none-eabi/lib/thumb/v7e-m+fp/hard/libg_nano.a(lib_a-nano-vfscanf_float.o)
                0x0000000000009438                _scanf_float
 .text._open_r  0x00000000000097f8       0x24 /Users/aaronrice/Documents/GitHub/Lab-Assignment-Watchdogs/toolchains/mac/gcc-arm-none-eabi-8-2019-q3-update/bin/../lib/gcc/arm-none-eabi/8.3.1/../../../../arm-none-eabi/lib/thumb/v7e-m+fp/hard/libg_nano.a(lib_a-openr.o)
                0x00000000000097f8                _open_r
 .text.printf   0x000000000000981c       0x30 /Users/aaronrice/Documents/GitHub/Lab-Assignment-Watchdogs/toolchains/mac/gcc-arm-none-eabi-8-2019-q3-update/bin/../lib/gcc/arm-none-eabi/8.3.1/../../../../arm-none-eabi/lib/thumb/v7e-m+fp/hard/libg_nano.a(lib_a-printf.o)
                0x000000000000981c                printf
                0x000000000000981c                iprintf
 .text.putchar  0x000000000000984c       0x28 /Users/aaronrice/Documents/GitHub/Lab-Assignment-Watchdogs/toolchains/mac/gcc-arm-none-eabi-8-2019-q3-update/bin/../lib/gcc/arm-none-eabi/8.3.1/../../../../arm-none-eabi/lib/thumb/v7e-m+fp/hard/libg_nano.a(lib_a-putchar.o)
                0x000000000000984c                putchar
 .text._puts_r  0x0000000000009874       0xdc /Users/aaronrice/Documents/GitHub/Lab-Assignment-Watchdogs/toolchains/mac/gcc-arm-none-eabi-8-2019-q3-update/bin/../lib/gcc/arm-none-eabi/8.3.1/../../../../arm-none-eabi/lib/thumb/v7e-m+fp/hard/libg_nano.a(lib_a-puts.o)
                0x0000000000009874                _puts_r
 .text.puts     0x0000000000009950       0x10 /Users/aaronrice/Documents/GitHub/Lab-Assignment-Watchdogs/toolchains/mac/gcc-arm-none-eabi-8-2019-q3-update/bin/../lib/gcc/arm-none-eabi/8.3.1/../../../../arm-none-eabi/lib/thumb/v7e-m+fp/hard/libg_nano.a(lib_a-puts.o)
                0x0000000000009950                puts
 .text._sbrk_r  0x0000000000009960       0x20 /Users/aaronrice/Documents/GitHub/Lab-Assignment-Watchdogs/toolchains/mac/gcc-arm-none-eabi-8-2019-q3-update/bin/../lib/gcc/arm-none-eabi/8.3.1/../../../../arm-none-eabi/lib/thumb/v7e-m+fp/hard/libg_nano.a(lib_a-sbrkr.o)
                0x0000000000009960                _sbrk_r
 .text.setvbuf  0x0000000000009980      0x184 /Users/aaronrice/Documents/GitHub/Lab-Assignment-Watchdogs/toolchains/mac/gcc-arm-none-eabi-8-2019-q3-update/bin/../lib/gcc/arm-none-eabi/8.3.1/../../../../arm-none-eabi/lib/thumb/v7e-m+fp/hard/libg_nano.a(lib_a-setvbuf.o)
                0x0000000000009980                setvbuf
 .text.nanf     0x0000000000009b04        0xc /Users/aaronrice/Documents/GitHub/Lab-Assignment-Watchdogs/toolchains/mac/gcc-arm-none-eabi-8-2019-q3-update/bin/../lib/gcc/arm-none-eabi/8.3.1/../../../../arm-none-eabi/lib/thumb/v7e-m+fp/hard/libg_nano.a(lib_a-sf_nan.o)
                0x0000000000009b04                nanf
 .text.sprintf  0x0000000000009b10       0x40 /Users/aaronrice/Documents/GitHub/Lab-Assignment-Watchdogs/toolchains/mac/gcc-arm-none-eabi-8-2019-q3-update/bin/../lib/gcc/arm-none-eabi/8.3.1/../../../../arm-none-eabi/lib/thumb/v7e-m+fp/hard/libg_nano.a(lib_a-sprintf.o)
                0x0000000000009b10                sprintf
                0x0000000000009b10                siprintf
 .text.__sread  0x0000000000009b50       0x22 /Users/aaronrice/Documents/GitHub/Lab-Assignment-Watchdogs/toolchains/mac/gcc-arm-none-eabi-8-2019-q3-update/bin/../lib/gcc/arm-none-eabi/8.3.1/../../../../arm-none-eabi/lib/thumb/v7e-m+fp/hard/libg_nano.a(lib_a-stdio.o)
                0x0000000000009b50                __sread
 .text.__seofread
                0x0000000000009b72        0x4 /Users/aaronrice/Documents/GitHub/Lab-Assignment-Watchdogs/toolchains/mac/gcc-arm-none-eabi-8-2019-q3-update/bin/../lib/gcc/arm-none-eabi/8.3.1/../../../../arm-none-eabi/lib/thumb/v7e-m+fp/hard/libg_nano.a(lib_a-stdio.o)
                0x0000000000009b72                __seofread
 .text.__swrite
                0x0000000000009b76       0x38 /Users/aaronrice/Documents/GitHub/Lab-Assignment-Watchdogs/toolchains/mac/gcc-arm-none-eabi-8-2019-q3-update/bin/../lib/gcc/arm-none-eabi/8.3.1/../../../../arm-none-eabi/lib/thumb/v7e-m+fp/hard/libg_nano.a(lib_a-stdio.o)
                0x0000000000009b76                __swrite
 .text.__sseek  0x0000000000009bae       0x24 /Users/aaronrice/Documents/GitHub/Lab-Assignment-Watchdogs/toolchains/mac/gcc-arm-none-eabi-8-2019-q3-update/bin/../lib/gcc/arm-none-eabi/8.3.1/../../../../arm-none-eabi/lib/thumb/v7e-m+fp/hard/libg_nano.a(lib_a-stdio.o)
                0x0000000000009bae                __sseek
 .text.__sclose
                0x0000000000009bd2        0x8 /Users/aaronrice/Documents/GitHub/Lab-Assignment-Watchdogs/toolchains/mac/gcc-arm-none-eabi-8-2019-q3-update/bin/../lib/gcc/arm-none-eabi/8.3.1/../../../../arm-none-eabi/lib/thumb/v7e-m+fp/hard/libg_nano.a(lib_a-stdio.o)
                0x0000000000009bd2                __sclose
 *fill*         0x0000000000009bda        0x2 ff
 .text.strcasecmp
                0x0000000000009bdc       0x38 /Users/aaronrice/Documents/GitHub/Lab-Assignment-Watchdogs/toolchains/mac/gcc-arm-none-eabi-8-2019-q3-update/bin/../lib/gcc/arm-none-eabi/8.3.1/../../../../arm-none-eabi/lib/thumb/v7e-m+fp/hard/libg_nano.a(lib_a-strcasecmp.o)
                0x0000000000009bdc                strcasecmp
 .text.strchr   0x0000000000009c14       0x1a /Users/aaronrice/Documents/GitHub/Lab-Assignment-Watchdogs/toolchains/mac/gcc-arm-none-eabi-8-2019-q3-update/bin/../lib/gcc/arm-none-eabi/8.3.1/../../../../arm-none-eabi/lib/thumb/v7e-m+fp/hard/libg_nano.a(lib_a-strchr.o)
                0x0000000000009c14                strchr
 .text.strcpy   0x0000000000009c2e       0x10 /Users/aaronrice/Documents/GitHub/Lab-Assignment-Watchdogs/toolchains/mac/gcc-arm-none-eabi-8-2019-q3-update/bin/../lib/gcc/arm-none-eabi/8.3.1/../../../../arm-none-eabi/lib/thumb/v7e-m+fp/hard/libg_nano.a(lib_a-strcpy.o)
                0x0000000000009c2e                strcpy
 .text          0x0000000000009c3e       0x10 /Users/aaronrice/Documents/GitHub/Lab-Assignment-Watchdogs/toolchains/mac/gcc-arm-none-eabi-8-2019-q3-update/bin/../lib/gcc/arm-none-eabi/8.3.1/../../../../arm-none-eabi/lib/thumb/v7e-m+fp/hard/libg_nano.a(lib_a-strlen.o)
                0x0000000000009c3e                strlen
 *fill*         0x0000000000009c4e        0x2 ff
 .text.strncasecmp
                0x0000000000009c50       0x44 /Users/aaronrice/Documents/GitHub/Lab-Assignment-Watchdogs/toolchains/mac/gcc-arm-none-eabi-8-2019-q3-update/bin/../lib/gcc/arm-none-eabi/8.3.1/../../../../arm-none-eabi/lib/thumb/v7e-m+fp/hard/libg_nano.a(lib_a-strncasecmp.o)
                0x0000000000009c50                strncasecmp
 .text.strncmp  0x0000000000009c94       0x24 /Users/aaronrice/Documents/GitHub/Lab-Assignment-Watchdogs/toolchains/mac/gcc-arm-none-eabi-8-2019-q3-update/bin/../lib/gcc/arm-none-eabi/8.3.1/../../../../arm-none-eabi/lib/thumb/v7e-m+fp/hard/libg_nano.a(lib_a-strncmp.o)
                0x0000000000009c94                strncmp
 .text.strncpy  0x0000000000009cb8       0x26 /Users/aaronrice/Documents/GitHub/Lab-Assignment-Watchdogs/toolchains/mac/gcc-arm-none-eabi-8-2019-q3-update/bin/../lib/gcc/arm-none-eabi/8.3.1/../../../../arm-none-eabi/lib/thumb/v7e-m+fp/hard/libg_nano.a(lib_a-strncpy.o)
                0x0000000000009cb8                strncpy
 .text.strstr   0x0000000000009cde       0x2e /Users/aaronrice/Documents/GitHub/Lab-Assignment-Watchdogs/toolchains/mac/gcc-arm-none-eabi-8-2019-q3-update/bin/../lib/gcc/arm-none-eabi/8.3.1/../../../../arm-none-eabi/lib/thumb/v7e-m+fp/hard/libg_nano.a(lib_a-strstr.o)
                0x0000000000009cde                strstr
 .text.sulp     0x0000000000009d0c       0x38 /Users/aaronrice/Documents/GitHub/Lab-Assignment-Watchdogs/toolchains/mac/gcc-arm-none-eabi-8-2019-q3-update/bin/../lib/gcc/arm-none-eabi/8.3.1/../../../../arm-none-eabi/lib/thumb/v7e-m+fp/hard/libg_nano.a(lib_a-strtod.o)
 *fill*         0x0000000000009d44        0x4 ff
 .text._strtod_l
                0x0000000000009d48      0xb98 /Users/aaronrice/Documents/GitHub/Lab-Assignment-Watchdogs/toolchains/mac/gcc-arm-none-eabi-8-2019-q3-update/bin/../lib/gcc/arm-none-eabi/8.3.1/../../../../arm-none-eabi/lib/thumb/v7e-m+fp/hard/libg_nano.a(lib_a-strtod.o)
                0x0000000000009d48                _strtod_l
 .text._strtod_r
                0x000000000000a8e0        0xc /Users/aaronrice/Documents/GitHub/Lab-Assignment-Watchdogs/toolchains/mac/gcc-arm-none-eabi-8-2019-q3-update/bin/../lib/gcc/arm-none-eabi/8.3.1/../../../../arm-none-eabi/lib/thumb/v7e-m+fp/hard/libg_nano.a(lib_a-strtod.o)
                0x000000000000a8e0                _strtod_r
 .text._strtol_l.isra.0
                0x000000000000a8ec       0xf0 /Users/aaronrice/Documents/GitHub/Lab-Assignment-Watchdogs/toolchains/mac/gcc-arm-none-eabi-8-2019-q3-update/bin/../lib/gcc/arm-none-eabi/8.3.1/../../../../arm-none-eabi/lib/thumb/v7e-m+fp/hard/libg_nano.a(lib_a-strtol.o)
 .text._strtol_r
                0x000000000000a9dc        0x4 /Users/aaronrice/Documents/GitHub/Lab-Assignment-Watchdogs/toolchains/mac/gcc-arm-none-eabi-8-2019-q3-update/bin/../lib/gcc/arm-none-eabi/8.3.1/../../../../arm-none-eabi/lib/thumb/v7e-m+fp/hard/libg_nano.a(lib_a-strtol.o)
                0x000000000000a9dc                _strtol_r
 .text.strtol   0x000000000000a9e0       0x14 /Users/aaronrice/Documents/GitHub/Lab-Assignment-Watchdogs/toolchains/mac/gcc-arm-none-eabi-8-2019-q3-update/bin/../lib/gcc/arm-none-eabi/8.3.1/../../../../arm-none-eabi/lib/thumb/v7e-m+fp/hard/libg_nano.a(lib_a-strtol.o)
                0x000000000000a9e0                strtol
 .text._vsnprintf_r
                0x000000000000a9f4       0x58 /Users/aaronrice/Documents/GitHub/Lab-Assignment-Watchdogs/toolchains/mac/gcc-arm-none-eabi-8-2019-q3-update/bin/../lib/gcc/arm-none-eabi/8.3.1/../../../../arm-none-eabi/lib/thumb/v7e-m+fp/hard/libg_nano.a(lib_a-vsnprintf.o)
                0x000000000000a9f4                _vsnprintf_r
                0x000000000000a9f4                _vsniprintf_r
 .text.vsnprintf
                0x000000000000aa4c       0x1c /Users/aaronrice/Documents/GitHub/Lab-Assignment-Watchdogs/toolchains/mac/gcc-arm-none-eabi-8-2019-q3-update/bin/../lib/gcc/arm-none-eabi/8.3.1/../../../../arm-none-eabi/lib/thumb/v7e-m+fp/hard/libg_nano.a(lib_a-vsnprintf.o)
                0x000000000000aa4c                vsnprintf
                0x000000000000aa4c                vsniprintf
 .text._vsscanf_r
                0x000000000000aa68       0x48 /Users/aaronrice/Documents/GitHub/Lab-Assignment-Watchdogs/toolchains/mac/gcc-arm-none-eabi-8-2019-q3-update/bin/../lib/gcc/arm-none-eabi/8.3.1/../../../../arm-none-eabi/lib/thumb/v7e-m+fp/hard/libg_nano.a(lib_a-vsscanf.o)
                0x000000000000aa68                _vsiscanf_r
                0x000000000000aa68                _vsscanf_r
 .text.vsscanf  0x000000000000aab0       0x14 /Users/aaronrice/Documents/GitHub/Lab-Assignment-Watchdogs/toolchains/mac/gcc-arm-none-eabi-8-2019-q3-update/bin/../lib/gcc/arm-none-eabi/8.3.1/../../../../arm-none-eabi/lib/thumb/v7e-m+fp/hard/libg_nano.a(lib_a-vsscanf.o)
                0x000000000000aab0                vsscanf
                0x000000000000aab0                vsiscanf
 .text.__swbuf_r
                0x000000000000aac4       0xa4 /Users/aaronrice/Documents/GitHub/Lab-Assignment-Watchdogs/toolchains/mac/gcc-arm-none-eabi-8-2019-q3-update/bin/../lib/gcc/arm-none-eabi/8.3.1/../../../../arm-none-eabi/lib/thumb/v7e-m+fp/hard/libg_nano.a(lib_a-wbuf.o)
                0x000000000000aac4                __swbuf_r
 .text._write_r
                0x000000000000ab68       0x24 /Users/aaronrice/Documents/GitHub/Lab-Assignment-Watchdogs/toolchains/mac/gcc-arm-none-eabi-8-2019-q3-update/bin/../lib/gcc/arm-none-eabi/8.3.1/../../../../arm-none-eabi/lib/thumb/v7e-m+fp/hard/libg_nano.a(lib_a-writer.o)
                0x000000000000ab68                _write_r
 .text.__swsetup_r
                0x000000000000ab8c       0xdc /Users/aaronrice/Documents/GitHub/Lab-Assignment-Watchdogs/toolchains/mac/gcc-arm-none-eabi-8-2019-q3-update/bin/../lib/gcc/arm-none-eabi/8.3.1/../../../../arm-none-eabi/lib/thumb/v7e-m+fp/hard/libg_nano.a(lib_a-wsetup.o)
                0x000000000000ab8c                __swsetup_r
 .text._close_r
                0x000000000000ac68       0x20 /Users/aaronrice/Documents/GitHub/Lab-Assignment-Watchdogs/toolchains/mac/gcc-arm-none-eabi-8-2019-q3-update/bin/../lib/gcc/arm-none-eabi/8.3.1/../../../../arm-none-eabi/lib/thumb/v7e-m+fp/hard/libg_nano.a(lib_a-closer.o)
                0x000000000000ac68                _close_r
 .text.quorem   0x000000000000ac88      0x112 /Users/aaronrice/Documents/GitHub/Lab-Assignment-Watchdogs/toolchains/mac/gcc-arm-none-eabi-8-2019-q3-update/bin/../lib/gcc/arm-none-eabi/8.3.1/../../../../arm-none-eabi/lib/thumb/v7e-m+fp/hard/libg_nano.a(lib_a-dtoa.o)
 *fill*         0x000000000000ad9a        0x6 ff
 .text._dtoa_r  0x000000000000ada0      0xb74 /Users/aaronrice/Documents/GitHub/Lab-Assignment-Watchdogs/toolchains/mac/gcc-arm-none-eabi-8-2019-q3-update/bin/../lib/gcc/arm-none-eabi/8.3.1/../../../../arm-none-eabi/lib/thumb/v7e-m+fp/hard/libg_nano.a(lib_a-dtoa.o)
                0x000000000000ada0                _dtoa_r
 .text.__sflags
                0x000000000000b914       0x6c /Users/aaronrice/Documents/GitHub/Lab-Assignment-Watchdogs/toolchains/mac/gcc-arm-none-eabi-8-2019-q3-update/bin/../lib/gcc/arm-none-eabi/8.3.1/../../../../arm-none-eabi/lib/thumb/v7e-m+fp/hard/libg_nano.a(lib_a-flags.o)
                0x000000000000b914                __sflags
 .text._fstat_r
                0x000000000000b980       0x24 /Users/aaronrice/Documents/GitHub/Lab-Assignment-Watchdogs/toolchains/mac/gcc-arm-none-eabi-8-2019-q3-update/bin/../lib/gcc/arm-none-eabi/8.3.1/../../../../arm-none-eabi/lib/thumb/v7e-m+fp/hard/libg_nano.a(lib_a-fstatr.o)
                0x000000000000b980                _fstat_r