Archive member included to satisfy reference by file (symbol)

/Users/aaronrice/Documents/GitHub/Lab-Assignment-Watchdogs/toolchains/mac/gcc-arm-none-eabi-8-2019-q3-update/bin/../lib/gcc/arm-none-eabi/8.3.1/thumb/v7e-m+fp/hard/libgcc.a(_arm_addsubdf3.o)
                              _build_lpc40xx_freertos/objects/player1053.o (__aeabi_ui2d)
/Users/aaronrice/Documents/GitHub/Lab-Assignment-Watchdogs/toolchains/mac/gcc-arm-none-eabi-8-2019-q3-update/bin/../lib/gcc/arm-none-eabi/8.3.1/thumb/v7e-m+fp/hard/libgcc.a(_arm_muldivdf3.o)
                              _build_lpc40xx_freertos/objects/player1053.o (__aeabi_dmul)
/Users/aaronrice/Documents/GitHub/Lab-Assignment-Watchdogs/toolchains/mac/gcc-arm-none-eabi-8-2019-q3-update/bin/../lib/gcc/arm-none-eabi/8.3.1/thumb/v7e-m+fp/hard/libgcc.a(_aeabi_ldivmod.o)
                              _build_lpc40xx_freertos/objects/tasks.o (__aeabi_ldivmod)
/Users/aaronrice/Documents/GitHub/Lab-Assignment-Watchdogs/toolchains/mac/gcc-arm-none-eabi-8-2019-q3-update/bin/../lib/gcc/arm-none-eabi/8.3.1/thumb/v7e-m+fp/hard/libgcc.a(_aeabi_uldivmod.o)
                              _build_lpc40xx_freertos/objects/delay.o (__aeabi_uldivmod)
/Users/aaronrice/Documents/GitHub/Lab-Assignment-Watchdogs/toolchains/mac/gcc-arm-none-eabi-8-2019-q3-update/bin/../lib/gcc/arm-none-eabi/8.3.1/thumb/v7e-m+fp/hard/libgcc.a(_udivmoddi4.o)
                              /Users/aaronrice/Documents/GitHub/Lab-Assignment-Watchdogs/toolchains/mac/gcc-arm-none-eabi-8-2019-q3-update/bin/../lib/gcc/arm-none-eabi/8.3.1/thumb/v7e-m+fp/hard/libgcc.a(_aeabi_ldivmod.o) (__udivmoddi4)
/Users/aaronrice/Documents/GitHub/Lab-Assignment-Watchdogs/toolchains/mac/gcc-arm-none-eabi-8-2019-q3-update/bin/../lib/gcc/arm-none-eabi/8.3.1/thumb/v7e-m+fp/hard/libgcc.a(_dvmd_tls.o)
                              /Users/aaronrice/Documents/GitHub/Lab-Assignment-Watchdogs/toolchains/mac/gcc-arm-none-eabi-8-2019-q3-update/bin/../lib/gcc/arm-none-eabi/8.3.1/thumb/v7e-m+fp/hard/libgcc.a(_aeabi_ldivmod.o) (__aeabi_ldiv0)
/Users/aaronrice/Documents/GitHub/Lab-Assignment-Watchdogs/toolchains/mac/gcc-arm-none-eabi-8-2019-q3-update/bin/../lib/gcc/arm-none-eabi/8.3.1/../../../../arm-none-eabi/lib/thumb/v7e-m+fp/hard/libg_nano.a(lib_a-atoi.o)
                              _build_lpc40xx_freertos/objects/esp32_task.o (atoi)
/Users/aaronrice/Documents/GitHub/Lab-Assignment-Watchdogs/toolchains/mac/gcc-arm-none-eabi-8-2019-q3-update/bin/../lib/gcc/arm-none-eabi/8.3.1/../../../../arm-none-eabi/lib/thumb/v7e-m+fp/hard/libg_nano.a(lib_a-ctype_.o)
                              _build_lpc40xx_freertos/objects/sl_string.o (_ctype_)
/Users/aaronrice/Documents/GitHub/Lab-Assignment-Watchdogs/toolchains/mac/gcc-arm-none-eabi-8-2019-q3-update/bin/../lib/gcc/arm-none-eabi/8.3.1/../../../../arm-none-eabi/lib/thumb/v7e-m+fp/hard/libg_nano.a(lib_a-fflush.o)
                              _build_lpc40xx_freertos/objects/player1053.o (fflush)
/Users/aaronrice/Documents/GitHub/Lab-Assignment-Watchdogs/toolchains/mac/gcc-arm-none-eabi-8-2019-q3-update/bin/../lib/gcc/arm-none-eabi/8.3.1/../../../../arm-none-eabi/lib/thumb/v7e-m+fp/hard/libg_nano.a(lib_a-findfp.o)
                              /Users/aaronrice/Documents/GitHub/Lab-Assignment-Watchdogs/toolchains/mac/gcc-arm-none-eabi-8-2019-q3-update/bin/../lib/gcc/arm-none-eabi/8.3.1/../../../../arm-none-eabi/lib/thumb/v7e-m+fp/hard/libg_nano.a(lib_a-fflush.o) (__sinit)
/Users/aaronrice/Documents/GitHub/Lab-Assignment-Watchdogs/toolchains/mac/gcc-arm-none-eabi-8-2019-q3-update/bin/../lib/gcc/arm-none-eabi/8.3.1/../../../../arm-none-eabi/lib/thumb/v7e-m+fp/hard/libg_nano.a(lib_a-fopen.o)
                              _build_lpc40xx_freertos/objects/player1053.o (fopen)
/Users/aaronrice/Documents/GitHub/Lab-Assignment-Watchdogs/toolchains/mac/gcc-arm-none-eabi-8-2019-q3-update/bin/../lib/gcc/arm-none-eabi/8.3.1/../../../../arm-none-eabi/lib/thumb/v7e-m+fp/hard/libg_nano.a(lib_a-fprintf.o)
                              _build_lpc40xx_freertos/objects/interrupt_vector_table.o (fprintf)
/Users/aaronrice/Documents/GitHub/Lab-Assignment-Watchdogs/toolchains/mac/gcc-arm-none-eabi-8-2019-q3-update/bin/../lib/gcc/arm-none-eabi/8.3.1/../../../../arm-none-eabi/lib/thumb/v7e-m+fp/hard/libg_nano.a(lib_a-fputs.o)
                              _build_lpc40xx_freertos/objects/entry_point.o (fputs)
/Users/aaronrice/Documents/GitHub/Lab-Assignment-Watchdogs/toolchains/mac/gcc-arm-none-eabi-8-2019-q3-update/bin/../lib/gcc/arm-none-eabi/8.3.1/../../../../arm-none-eabi/lib/thumb/v7e-m+fp/hard/libg_nano.a(lib_a-fseek.o)
                              /Users/aaronrice/Documents/GitHub/Lab-Assignment-Watchdogs/toolchains/mac/gcc-arm-none-eabi-8-2019-q3-update/bin/../lib/gcc/arm-none-eabi/8.3.1/../../../../arm-none-eabi/lib/thumb/v7e-m+fp/hard/libg_nano.a(lib_a-fopen.o) (_fseek_r)
[...]
Memory Configuration

Name             Origin             Length             Attributes
flash_512k       0x0000000000000000 0x0000000000080000 xr
ram_64k          0x0000000010000000 0x0000000000010000 xrw
ram_32k          0x0000000020000000 0x0000000000008000 xrw
*default*        0x0000000000000000 0xffffffffffffffff

Linker script and memory map

LOAD _build_lpc40xx_freertos/objects/entry_point.o
LOAD _build_lpc40xx_freertos/objects/interrupt_vector_table.o
LOAD _build_lpc40xx_freertos/objects/clock.o
LOAD _build_lpc40xx_freertos/objects/crash.o
LOAD _build_lpc40xx_freertos/objects/sbrk.o
LOAD _build_lpc40xx_freertos/objects/startup.o
LOAD _build_lpc40xx_freertos/objects/acceleration.o
LOAD _build_lpc40xx_freertos/objects/sensors.o
LOAD _build_lpc40xx_freertos/objects/ff.o
LOAD _build_lpc40xx_freertos/objects/ffsystem.o
LOAD _build_lpc40xx_freertos/objects/ffunicode.o
LOAD _build_lpc40xx_freertos/objects/disk_glue_logic.o
LOAD _build_lpc40xx_freertos/objects/fatfs_time.o
LOAD _build_lpc40xx_freertos/objects/sd_card.o
LOAD _build_lpc40xx_freertos/objects/system_calls.o
LOAD _build_lpc40xx_freertos/objects/app_cli.o
LOAD _build_lpc40xx_freertos/objects/sj2_cli.o
LOAD _build_lpc40xx_freertos/objects/handler_i2c.o
LOAD _build_lpc40xx_freertos/objects/handlers_general.o
LOAD _build_lpc40xx_freertos/objects/esp32.o
LOAD _build_lpc40xx_freertos/objects/esp32_task.o
LOAD _build_lpc40xx_freertos/objects/file_io_example.o
LOAD _build_lpc40xx_freertos/objects/delay.o
LOAD _build_lpc40xx_freertos/objects/peripherals_init.o
LOAD _build_lpc40xx_freertos/objects/ssp2_mutex.o
LOAD _build_lpc40xx_freertos/objects/sys_time.o
LOAD _build_lpc40xx_freertos/objects/uart_printf.o
LOAD _build_lpc40xx_freertos/objects/rtos_hooks.o
LOAD _build_lpc40xx_freertos/objects/periodic_callbacks.o
LOAD _build_lpc40xx_freertos/objects/periodic_scheduler.o
LOAD _build_lpc40xx_freertos/objects/player1053.o
LOAD _build_lpc40xx_freertos/objects/vs1053b-patches-flac.o
LOAD _build_lpc40xx_freertos/objects/song_list.o
LOAD _build_lpc40xx_freertos/objects/leightweight_lock.o
LOAD _build_lpc40xx_freertos/objects/sl_string.o
LOAD _build_lpc40xx_freertos/objects/freertos_interrupt_handlers.o
LOAD _build_lpc40xx_freertos/objects/heap_selector.o
LOAD _build_lpc40xx_freertos/objects/trcKernelPort.o
LOAD _build_lpc40xx_freertos/objects/trcSnapshotRecorder.o
LOAD _build_lpc40xx_freertos/objects/trcStreamingPort.o
LOAD _build_lpc40xx_freertos/objects/trcStreamingRecorder.o
LOAD _build_lpc40xx_freertos/objects/port.o
LOAD _build_lpc40xx_freertos/objects/croutine.o
LOAD _build_lpc40xx_freertos/objects/event_groups.o
LOAD _build_lpc40xx_freertos/objects/list.o
LOAD _build_lpc40xx_freertos/objects/queue.o
LOAD _build_lpc40xx_freertos/objects/stream_buffer.o
LOAD _build_lpc40xx_freertos/objects/tasks.o
LOAD _build_lpc40xx_freertos/objects/timers.o
LOAD _build_lpc40xx_freertos/objects/adc.o
LOAD _build_lpc40xx_freertos/objects/board_io.o
LOAD _build_lpc40xx_freertos/objects/can_bus.o
LOAD _build_lpc40xx_freertos/objects/gpio.o
LOAD _build_lpc40xx_freertos/objects/hw_timer.o
LOAD _build_lpc40xx_freertos/objects/i2c.o
LOAD _build_lpc40xx_freertos/objects/lpc_peripherals.o
LOAD _build_lpc40xx_freertos/objects/pwm1.o
LOAD _build_lpc40xx_freertos/objects/ssp2.o
LOAD _build_lpc40xx_freertos/objects/uart.o
LOAD _build_lpc40xx_freertos/objects/main.o
LOAD /Users/aaronrice/Documents/GitHub/Lab-Assignment-Watchdogs/toolchains/mac/gcc-arm-none-eabi-8-2019-q3-update/bin/../lib/gcc/arm-none-eabi/8.3.1/../../../../arm-none-eabi/lib/thumb/v7e-m+fp/hard/libm.a
START GROUP
LOAD /Users/aaronrice/Documents/GitHub/Lab-Assignment-Watchdogs/toolchains/mac/gcc-arm-none-eabi-8-2019-q3-update/bin/../lib/gcc/arm-none-eabi/8.3.1/thumb/v7e-m+fp/hard/libgcc.a
LOAD /Users/aaronrice/Documents/GitHub/Lab-Assignment-Watchdogs/toolchains/mac/gcc-arm-none-eabi-8-2019-q3-update/bin/../lib/gcc/arm-none-eabi/8.3.1/../../../../arm-none-eabi/lib/thumb/v7e-m+fp/hard/libg_nano.a
LOAD /Users/aaronrice/Documents/GitHub/Lab-Assignment-Watchdogs/toolchains/mac/gcc-arm-none-eabi-8-2019-q3-update/bin/../lib/gcc/arm-none-eabi/8.3.1/../../../../arm-none-eabi/lib/thumb/v7e-m+fp/hard/libc_nano.a
END GROUP
START GROUP
LOAD /Users/aaronrice/Documents/GitHub/Lab-Assignment-Watchdogs/toolchains/mac/gcc-arm-none-eabi-8-2019-q3-update/bin/../lib/gcc/arm-none-eabi/8.3.1/thumb/v7e-m+fp/hard/libgcc.a
LOAD /Users/aaronrice/Documents/GitHub/Lab-Assignment-Watchdogs/toolchains/mac/gcc-arm-none-eabi-8-2019-q3-update/bin/../lib/gcc/arm-none-eabi/8.3.1/../../../../arm-none-eabi/lib/thumb/v7e-m+fp/hard/libc_nano.a
END GROUP
                0x0000000000000000                __base_flash = ORIGIN (flash_512k)
                0x0000000000080000                __top_flash = (__base_flash + LENGTH (flash_512k))
                0x0000000010000000                __base_ram_64k = ORIGIN (ram_64k)
                0x0000000010010000                __top_ram_64k = (__base_ram_64k + LENGTH (ram_64k))
                0x0000000020000000                __base_ram_32k = ORIGIN (ram_32k)
                0x0000000020008000                __top_ram_32k = (__base_ram_32k + LENGTH (ram_32k))

.text           0x0000000000000000    0x1971c
 FILL mask 0xff
 *(.interrupt_vector_table)
 .interrupt_vector_table
                0x0000000000000000       0xe4 _build_lpc40xx_freertos/objects/interrupt_vector_table.o
                0x0000000000000000                interrupt_vector_table
                0x00000000000000e4                . = ALIGN (0x4)
 *(.init)
                0x00000000000000e4                . = ALIGN (0x4)
                0x00000000000000e4                __preinit_array_start = .
 *(.preinit_array)
                0x00000000000000e4                __preinit_array_end = .
                0x00000000000000e4                . = ALIGN (0x4)
                0x00000000000000e4                __init_array_start = .
 *(SORT_BY_NAME(.init_array.*))
 *(.init_array)
                0x00000000000000e4                __init_array_end = .
 *(.fini)
                0x00000000000000e4                . = ALIGN (0x4)
 *crtbegin.o(.ctors)
 *(EXCLUDE_FILE(*crtend.o) .ctors)
 *(SORT_BY_NAME(.ctors.*))
 *crtend.o(.ctors)
                0x00000000000000e4                . = ALIGN (0x4)
 *crtbegin.o(.dtors)
 *(EXCLUDE_FILE(*crtend.o) .dtors)
 *(SORT_BY_NAME(.dtors.*))
 *crtend.o(.dtors)
 *(.text*)
 .text.entry_point
                0x00000000000000e4       0x74 _build_lpc40xx_freertos/objects/entry_point.o
                0x00000000000000e4                entry_point
 .text.isr_hard_fault
                0x0000000000000158       0x1a _build_lpc40xx_freertos/objects/interrupt_vector_table.o
 *fill*         0x0000000000000172        0x2 ff
 .text.halt     0x0000000000000174       0x5c _build_lpc40xx_freertos/objects/interrupt_vector_table.o
 .text.isr_hard_fault_handler
                0x00000000000001d0       0x4c _build_lpc40xx_freertos/objects/interrupt_vector_table.o
                0x00000000000001d0                isr_hard_fault_handler
 .text.clock__get_core_clock_hz
                0x000000000000021c        0x8 _build_lpc40xx_freertos/objects/clock.o
                0x000000000000021c                clock__get_core_clock_hz
 .text.clock__get_peripheral_clock_hz
                0x0000000000000224        0x8 _build_lpc40xx_freertos/objects/clock.o
                0x0000000000000224                clock__get_peripheral_clock_hz
 .text.clock__initialize_system_clock_96mhz
                0x000000000000022c       0x40 _build_lpc40xx_freertos/objects/clock.o
                0x000000000000022c                clock__initialize_system_clock_96mhz
 .text.crash__record_get
                0x000000000000026c       0x18 _build_lpc40xx_freertos/objects/crash.o
                0x000000000000026c                crash__record_get
 .text.crash__report_if_occurred
                0x0000000000000284       0xc0 _build_lpc40xx_freertos/objects/crash.o
                0x0000000000000284                crash__report_if_occurred
 .text._sbrk    0x0000000000000344       0x54 _build_lpc40xx_freertos/objects/sbrk.o
                0x0000000000000344                _sbrk
 .text.startup__initialize_ram
                0x0000000000000398       0x3c _build_lpc40xx_freertos/objects/startup.o
                0x0000000000000398                startup__initialize_ram
 .text.startup__initialize_fpu
                0x00000000000003d4       0x14 _build_lpc40xx_freertos/objects/startup.o
                0x00000000000003d4                startup__initialize_fpu
 .text.startup__initialize_interrupts
                0x00000000000003e8       0x18 _build_lpc40xx_freertos/objects/startup.o
                0x00000000000003e8                startup__initialize_interrupts
 .text.acceleration__init
                0x0000000000000400       0x22 _build_lpc40xx_freertos/objects/acceleration.o
                0x0000000000000400                acceleration__init
 .text.sensors__init
                0x0000000000000422        0x4 _build_lpc40xx_freertos/objects/sensors.o
                0x0000000000000422                sensors__init
 .text.ld_dword
                0x0000000000000426       0x10 _build_lpc40xx_freertos/objects/ff.o
 .text.st_dword
                0x0000000000000436       0x10 _build_lpc40xx_freertos/objects/ff.o
 .text.mem_cmp  0x0000000000000446       0x1c _build_lpc40xx_freertos/objects/ff.o
 .text.clst2sect
                0x0000000000000462       0x16 _build_lpc40xx_freertos/objects/ff.o
 .text.sum_sfn  0x0000000000000478       0x1e _build_lpc40xx_freertos/objects/ff.o
 .text.get_ldnumber
                0x0000000000000496       0x2a _build_lpc40xx_freertos/objects/ff.o
 .text.mem_cpy.part.0
                0x00000000000004c0       0x12 _build_lpc40xx_freertos/objects/ff.o
 .text.ld_clust.isra.3
                0x00000000000004d2       0x1c _build_lpc40xx_freertos/objects/ff.o
 .text.st_clust.isra.4
                0x00000000000004ee       0x18 _build_lpc40xx_freertos/objects/ff.o
 .text.sync_window.part.6
                0x0000000000000506       0x40 _build_lpc40xx_freertos/objects/ff.o
 .text.move_window
                0x0000000000000546       0x44 _build_lpc40xx_freertos/objects/ff.o
 *fill*         0x000000000000058a        0x2 ff
 .text.check_fs
                0x000000000000058c       0x74 _build_lpc40xx_freertos/objects/ff.o
 .text.find_volume
                0x0000000000000600      0x2c0 _build_lpc40xx_freertos/objects/ff.o
 .text.put_fat  0x00000000000008c0       0xf8 _build_lpc40xx_freertos/objects/ff.o
 .text.get_fat.isra.10
                0x00000000000009b8       0xb4 _build_lpc40xx_freertos/objects/ff.o
 .text.dir_sdi  0x0000000000000a6c       0x82 _build_lpc40xx_freertos/objects/ff.o
 .text.create_chain
                0x0000000000000aee       0xe8 _build_lpc40xx_freertos/objects/ff.o
 .text.remove_chain
                0x0000000000000bd6       0x6e _build_lpc40xx_freertos/objects/ff.o
 .text.unlock_fs
                0x0000000000000c44       0x16 _build_lpc40xx_freertos/objects/ff.o
 .text.validate
                0x0000000000000c5a       0x50 _build_lpc40xx_freertos/objects/ff.o
 .text.get_fileinfo
                0x0000000000000caa      0x13c _build_lpc40xx_freertos/objects/ff.o
 .text.dir_clear
                0x0000000000000de6       0x5c _build_lpc40xx_freertos/objects/ff.o
 .text.dir_next
                0x0000000000000e42       0xaa _build_lpc40xx_freertos/objects/ff.o
 .text.dir_find
                0x0000000000000eec      0x148 _build_lpc40xx_freertos/objects/ff.o
 .text.dir_read.constprop.15
                0x0000000000001034      0x11c _build_lpc40xx_freertos/objects/ff.o
 .text.follow_path
                0x0000000000001150      0x294 _build_lpc40xx_freertos/objects/ff.o
 .text.sync_fs  0x00000000000013e4       0xa0 _build_lpc40xx_freertos/objects/ff.o
 .text.dir_register
                0x0000000000001484      0x288 _build_lpc40xx_freertos/objects/ff.o
 .text.f_mount  0x000000000000170c       0x70 _build_lpc40xx_freertos/objects/ff.o
                0x000000000000170c                f_mount
 .text.f_open   0x000000000000177c      0x1cc _build_lpc40xx_freertos/objects/ff.o
                0x000000000000177c                f_open
 .text.f_read   0x0000000000001948      0x17c _build_lpc40xx_freertos/objects/ff.o
                0x0000000000001948                f_read
 .text.f_sync   0x0000000000001ac4       0xa2 _build_lpc40xx_freertos/objects/ff.o
                0x0000000000001ac4                f_sync
 .text.f_close  0x0000000000001b66       0x28 _build_lpc40xx_freertos/objects/ff.o
                0x0000000000001b66                f_close
 .text.f_opendir
                0x0000000000001b8e       0x7e _build_lpc40xx_freertos/objects/ff.o
                0x0000000000001b8e                f_opendir
 .text.f_closedir
                0x0000000000001c0c       0x1e _build_lpc40xx_freertos/objects/ff.o
                0x0000000000001c0c                f_closedir
 .text.f_readdir
                0x0000000000001c2a       0x5a _build_lpc40xx_freertos/objects/ff.o
                0x0000000000001c2a                f_readdir
 .text.ff_cre_syncobj
                0x0000000000001c84       0x1c _build_lpc40xx_freertos/objects/ffsystem.o
                0x0000000000001c84                ff_cre_syncobj
 .text.ff_del_syncobj
                0x0000000000001ca0        0xa _build_lpc40xx_freertos/objects/ffsystem.o
                0x0000000000001ca0                ff_del_syncobj
 .text.ff_req_grant
                0x0000000000001caa       0x12 _build_lpc40xx_freertos/objects/ffsystem.o
                0x0000000000001caa                ff_req_grant
 .text.ff_rel_grant
                0x0000000000001cbc        0xa _build_lpc40xx_freertos/objects/ffsystem.o
                0x0000000000001cbc                ff_rel_grant
 *fill*         0x0000000000001cc6        0x2 ff
 .text.ff_uni2oem
                0x0000000000001cc8       0x40 _build_lpc40xx_freertos/objects/ffunicode.o
                0x0000000000001cc8                ff_uni2oem
 .text.ff_oem2uni
                0x0000000000001d08       0x28 _build_lpc40xx_freertos/objects/ffunicode.o
                0x0000000000001d08                ff_oem2uni
 .text.ff_wtoupper
                0x0000000000001d30       0x8c _build_lpc40xx_freertos/objects/ffunicode.o
                0x0000000000001d30                ff_wtoupper
 .text.disk_initialize
                0x0000000000001dbc       0x1c _build_lpc40xx_freertos/objects/disk_glue_logic.o
                0x0000000000001dbc                disk_initialize
 .text.disk_status
                0x0000000000001dd8        0xa _build_lpc40xx_freertos/objects/disk_glue_logic.o
                0x0000000000001dd8                disk_status
 .text.disk_read
                0x0000000000001de2       0x28 _build_lpc40xx_freertos/objects/disk_glue_logic.o
                0x0000000000001de2                disk_read
 .text.disk_write
                0x0000000000001e0a       0x28 _build_lpc40xx_freertos/objects/disk_glue_logic.o
                0x0000000000001e0a                disk_write
 .text.disk_ioctl
                0x0000000000001e32       0x24 _build_lpc40xx_freertos/objects/disk_glue_logic.o
                0x0000000000001e32                disk_ioctl
 .text.get_fattime
                0x0000000000001e56        0x4 _build_lpc40xx_freertos/objects/fatfs_time.o
                0x0000000000001e56                get_fattime
 .text.sd_card__wait_for_ready
                0x0000000000001e5a       0x28 _build_lpc40xx_freertos/objects/sd_card.o
 *fill*         0x0000000000001e82        0x2 ff
 .text.sd_card__power_off
                0x0000000000001e84       0x20 _build_lpc40xx_freertos/objects/sd_card.o
 .text.sd_card__transmit_datablock
                0x0000000000001ea4       0x5a _build_lpc40xx_freertos/objects/sd_card.o
 .text.sd_card__send_command
                0x0000000000001efe       0x86 _build_lpc40xx_freertos/objects/sd_card.o
 .text.sd_card__read_datablock
                0x0000000000001f84       0x42 _build_lpc40xx_freertos/objects/sd_card.o
 *fill*         0x0000000000001fc6        0x2 ff
 .text.sd_card__update_status
                0x0000000000001fc8       0x20 _build_lpc40xx_freertos/objects/sd_card.o
                0x0000000000001fc8                sd_card__update_status
 .text.sd_card__initialize
                0x0000000000001fe8      0x13c _build_lpc40xx_freertos/objects/sd_card.o
                0x0000000000001fe8                sd_card__initialize
 .text.sd_card__status
                0x0000000000002124       0x10 _build_lpc40xx_freertos/objects/sd_card.o
                0x0000000000002124                sd_card__status
 .text.sd_card__read
                0x0000000000002134       0x8c _build_lpc40xx_freertos/objects/sd_card.o
                0x0000000000002134                sd_card__read
 .text.sd_card__write
                0x00000000000021c0       0xa8 _build_lpc40xx_freertos/objects/sd_card.o
                0x00000000000021c0                sd_card__write
 .text.sd_card__ioctl
                0x0000000000002268      0x200 _build_lpc40xx_freertos/objects/sd_card.o
                0x0000000000002268                sd_card__ioctl
 .text.system_calls__print_and_halt
                0x0000000000002468       0x1e _build_lpc40xx_freertos/objects/system_calls.o
 *fill*         0x0000000000002486        0x2 ff
 .text._isatty  0x0000000000002488       0x28 _build_lpc40xx_freertos/objects/system_calls.o
                0x0000000000002488                _isatty
 .text._open    0x00000000000024b0       0x10 _build_lpc40xx_freertos/objects/system_calls.o
                0x00000000000024b0                _open
 .text._close   0x00000000000024c0        0xc _build_lpc40xx_freertos/objects/system_calls.o
                0x00000000000024c0                _close
 .text._fstat   0x00000000000024cc        0x4 _build_lpc40xx_freertos/objects/system_calls.o
                0x00000000000024cc                _fstat
 .text._lseek   0x00000000000024d0        0x4 _build_lpc40xx_freertos/objects/system_calls.o
                0x00000000000024d0                _lseek
 .text._write   0x00000000000024d4       0x70 _build_lpc40xx_freertos/objects/system_calls.o
                0x00000000000024d4                _write
 .text._read    0x0000000000002544       0x40 _build_lpc40xx_freertos/objects/system_calls.o
                0x0000000000002544                _read
 .text.app_cli__private_print_list_of_all_commands
                0x0000000000002584       0xbc _build_lpc40xx_freertos/objects/app_cli.o
 .text.app_cli__initialize
                0x0000000000002640       0x16 _build_lpc40xx_freertos/objects/app_cli.o
                0x0000000000002640                app_cli__initialize
 .text.app_cli__add_command_handler
                0x0000000000002656        0xa _build_lpc40xx_freertos/objects/app_cli.o
                0x0000000000002656                app_cli__add_command_handler
 .text.app_cli__process_input
                0x0000000000002660      0x1b8 _build_lpc40xx_freertos/objects/app_cli.o
                0x0000000000002660                app_cli__process_input
 .text.sj2_cli__output_function
                0x0000000000002818       0x12 _build_lpc40xx_freertos/objects/sj2_cli.o
 *fill*         0x000000000000282a        0x2 ff
 .text.sj2_cli__task
                0x000000000000282c       0x98 _build_lpc40xx_freertos/objects/sj2_cli.o
 .text.sj2_cli__init
                0x00000000000028c4       0x94 _build_lpc40xx_freertos/objects/sj2_cli.o
                0x00000000000028c4                sj2_cli__init
 .text.cli__i2c_read
                0x0000000000002958      0x104 _build_lpc40xx_freertos/objects/handler_i2c.o
 .text.cli__i2c_write
                0x0000000000002a5c      0x12c _build_lpc40xx_freertos/objects/handler_i2c.o
 .text.cli__i2c
                0x0000000000002b88       0x68 _build_lpc40xx_freertos/objects/handler_i2c.o
                0x0000000000002b88                cli__i2c
 .text.cli__uart3_transmit
                0x0000000000002bf0       0x44 _build_lpc40xx_freertos/objects/handlers_general.o
                0x0000000000002bf0                cli__uart3_transmit
 .text.cli__mp3_play
                0x0000000000002c34       0x30 _build_lpc40xx_freertos/objects/handlers_general.o
                0x0000000000002c34                cli__mp3_play
 .text.cli__crash_me
                0x0000000000002c64       0x18 _build_lpc40xx_freertos/objects/handlers_general.o
                0x0000000000002c64                cli__crash_me
 .text.cli__task_list
                0x0000000000002c7c      0x10c _build_lpc40xx_freertos/objects/handlers_general.o
                0x0000000000002c7c                cli__task_list
 .text.delay__us
                0x0000000000002d88       0x40 _build_lpc40xx_freertos/objects/delay.o
                0x0000000000002d88                delay__us
 .text.delay__ms
                0x0000000000002dc8        0xc _build_lpc40xx_freertos/objects/delay.o
                0x0000000000002dc8                delay__ms
 .text.peripherals_init
                0x0000000000002dd4      0x12c _build_lpc40xx_freertos/objects/peripherals_init.o
                0x0000000000002dd4                peripherals_init
 .text.spi2_mutex__acquire
                0x0000000000002f00       0x34 _build_lpc40xx_freertos/objects/ssp2_mutex.o
                0x0000000000002f00                spi2_mutex__acquire
 .text.spi2_mutex__release
                0x0000000000002f34       0x24 _build_lpc40xx_freertos/objects/ssp2_mutex.o
                0x0000000000002f34                spi2_mutex__release
 .text.sys_time__one_minute_isr
                0x0000000000002f58       0x24 _build_lpc40xx_freertos/objects/sys_time.o
 .text.sys_time__init
                0x0000000000002f7c       0x2c _build_lpc40xx_freertos/objects/sys_time.o
                0x0000000000002f7c                sys_time__init
 .text.sys_time__get_uptime_us
                0x0000000000002fa8       0x2c _build_lpc40xx_freertos/objects/sys_time.o
                0x0000000000002fa8                sys_time__get_uptime_us
 .text.sys_time__get_uptime_ms
                0x0000000000002fd4       0x12 _build_lpc40xx_freertos/objects/sys_time.o
                0x0000000000002fd4                sys_time__get_uptime_ms
 .text.uart_puts
                0x0000000000002fe6       0x3a _build_lpc40xx_freertos/objects/uart_printf.o
                0x0000000000002fe6                uart_puts
 .text.uart_puts__polled
                0x0000000000003020       0x2a _build_lpc40xx_freertos/objects/uart_printf.o
                0x0000000000003020                uart_puts__polled
 *fill*         0x000000000000304a        0x2 ff
 .text.vApplicationStackOverflowHook
                0x000000000000304c       0x1c _build_lpc40xx_freertos/objects/rtos_hooks.o
                0x000000000000304c                vApplicationStackOverflowHook
 .text.vApplicationMallocFailedHook
                0x0000000000003068       0x10 _build_lpc40xx_freertos/objects/rtos_hooks.o
                0x0000000000003068                vApplicationMallocFailedHook
 .text.vApplicationIdleHook
                0x0000000000003078       0x10 _build_lpc40xx_freertos/objects/rtos_hooks.o
                0x0000000000003078                vApplicationIdleHook
 .text.configASSERT_callback
                0x0000000000003088       0x40 _build_lpc40xx_freertos/objects/rtos_hooks.o
                0x0000000000003088                configASSERT_callback
 .text.vApplicationGetIdleTaskMemory
                0x00000000000030c8       0x18 _build_lpc40xx_freertos/objects/rtos_hooks.o
                0x00000000000030c8                vApplicationGetIdleTaskMemory
 .text.freertos_hooks__get_run_time_counter_value
                0x00000000000030e0       0x14 _build_lpc40xx_freertos/objects/rtos_hooks.o
                0x00000000000030e0                freertos_hooks__get_run_time_counter_value
 .text.freertos_hooks__reset_run_time_stats
                0x00000000000030f4       0x14 _build_lpc40xx_freertos/objects/rtos_hooks.o
                0x00000000000030f4                freertos_hooks__reset_run_time_stats
 .text.LinToDB  0x0000000000003108       0x30 _build_lpc40xx_freertos/objects/player1053.o
 .text.WriteSci
                0x0000000000003138       0x56 _build_lpc40xx_freertos/objects/player1053.o
                0x0000000000003138                WriteSci
 .text.ReadSci  0x000000000000318e       0x5c _build_lpc40xx_freertos/objects/player1053.o
                0x000000000000318e                ReadSci
 .text.WriteSdi
                0x00000000000031ea       0x5e _build_lpc40xx_freertos/objects/player1053.o
                0x00000000000031ea                WriteSdi
 .text.ReadVS10xxMem32Counter
                0x0000000000003248       0x3a _build_lpc40xx_freertos/objects/player1053.o
                0x0000000000003248                ReadVS10xxMem32Counter
 .text.ReadVS10xxMem32
                0x0000000000003282       0x1e _build_lpc40xx_freertos/objects/player1053.o
                0x0000000000003282                ReadVS10xxMem32
 .text.ReadVS10xxMem
                0x00000000000032a0       0x14 _build_lpc40xx_freertos/objects/player1053.o
                0x00000000000032a0                ReadVS10xxMem
 .text.WriteVS10xxMem
                0x00000000000032b4       0x18 _build_lpc40xx_freertos/objects/player1053.o
                0x00000000000032b4                WriteVS10xxMem
 .text.LoadPlugin
                0x00000000000032cc       0x6c _build_lpc40xx_freertos/objects/player1053.o
                0x00000000000032cc                LoadPlugin
 .text.VS1053PlayFile
                0x0000000000003338      0x194 _build_lpc40xx_freertos/objects/player1053.o
                0x0000000000003338                VS1053PlayFile
 .text.Set32    0x00000000000034cc       0x10 _build_lpc40xx_freertos/objects/player1053.o
                0x00000000000034cc                Set32
 .text.VSTestInitHardware
                0x00000000000034dc       0xac _build_lpc40xx_freertos/objects/player1053.o
                0x00000000000034dc                VSTestInitHardware
 .text.VSTestInitSoftware
                0x0000000000003588       0xfc _build_lpc40xx_freertos/objects/player1053.o
                0x0000000000003588                VSTestInitSoftware
 *fill*         0x0000000000003684        0x4 ff
 .text.VS1053RecordFile
                0x0000000000003688      0x2e8 _build_lpc40xx_freertos/objects/player1053.o
                0x0000000000003688                VS1053RecordFile
 .text.VSTestHandleFile
                0x0000000000003970       0x80 _build_lpc40xx_freertos/objects/player1053.o
                0x0000000000003970                VSTestHandleFile
 .text.song_list__populate
                0x00000000000039f0       0x74 _build_lpc40xx_freertos/objects/song_list.o
                0x00000000000039f0                song_list__populate
 .text.song_list__get_item_count
                0x0000000000003a64        0xc _build_lpc40xx_freertos/objects/song_list.o
                0x0000000000003a64                song_list__get_item_count
 .text.song_list__get_name_for_item
                0x0000000000003a70       0x20 _build_lpc40xx_freertos/objects/song_list.o
                0x0000000000003a70                song_list__get_name_for_item
 .text.sl_utils__pointer_distance
                0x0000000000003a90        0xc _build_lpc40xx_freertos/objects/sl_string.o
                0x0000000000003a90                sl_utils__pointer_distance
 .text.sl_string__initialize
                0x0000000000003a9c       0x26 _build_lpc40xx_freertos/objects/sl_string.o
                0x0000000000003a9c                sl_string__initialize
 .text.sl_string__get_capacity
                0x0000000000003ac2       0x1a _build_lpc40xx_freertos/objects/sl_string.o
                0x0000000000003ac2                sl_string__get_capacity
 .text.sl_string__get_length
                0x0000000000003adc       0x16 _build_lpc40xx_freertos/objects/sl_string.o
                0x0000000000003adc                sl_string__get_length
 .text.sl_string__is_full
                0x0000000000003af2       0x32 _build_lpc40xx_freertos/objects/sl_string.o
                0x0000000000003af2                sl_string__is_full
 .text.sl_string__c_str
                0x0000000000003b24        0xe _build_lpc40xx_freertos/objects/sl_string.o
                0x0000000000003b24                sl_string__c_str
 .text.sl_string__clear
                0x0000000000003b32       0x1e _build_lpc40xx_freertos/objects/sl_string.o
                0x0000000000003b32                sl_string__clear
 .text.sl_string__vprintf
                0x0000000000003b50       0x24 _build_lpc40xx_freertos/objects/sl_string.o
                0x0000000000003b50                sl_string__vprintf
 .text.sl_string__printf
                0x0000000000003b74       0x2e _build_lpc40xx_freertos/objects/sl_string.o
                0x0000000000003b74                sl_string__printf
 .text.sl_string__scanf
                0x0000000000003ba2       0x28 _build_lpc40xx_freertos/objects/sl_string.o
                0x0000000000003ba2                sl_string__scanf
 .text.sl_string__set
                0x0000000000003bca       0x3c _build_lpc40xx_freertos/objects/sl_string.o
                0x0000000000003bca                sl_string__set
 .text.sl_string__initialize_from
                0x0000000000003c06       0x26 _build_lpc40xx_freertos/objects/sl_string.o
                0x0000000000003c06                sl_string__initialize_from
 .text.sl_string__insert_at
                0x0000000000003c2c       0x8e _build_lpc40xx_freertos/objects/sl_string.o
                0x0000000000003c2c                sl_string__insert_at
 .text.sl_string__append
                0x0000000000003cba       0x4e _build_lpc40xx_freertos/objects/sl_string.o
                0x0000000000003cba                sl_string__append
 .text.sl_string__append_char
                0x0000000000003d08       0x28 _build_lpc40xx_freertos/objects/sl_string.o
                0x0000000000003d08                sl_string__append_char
 .text.sl_string__equals_to_ignore_case
                0x0000000000003d30       0x24 _build_lpc40xx_freertos/objects/sl_string.o
                0x0000000000003d30                sl_string__equals_to_ignore_case
 .text.sl_string__begins_with_limited_chars
                0x0000000000003d54       0x36 _build_lpc40xx_freertos/objects/sl_string.o
                0x0000000000003d54                sl_string__begins_with_limited_chars
 .text.sl_string__begins_with_ignore_case
                0x0000000000003d8a       0x3c _build_lpc40xx_freertos/objects/sl_string.o
                0x0000000000003d8a                sl_string__begins_with_ignore_case
 *fill*         0x0000000000003dc6        0x2 ff
 .text.sl_string__to_int
                0x0000000000003dc8       0x34 _build_lpc40xx_freertos/objects/sl_string.o
                0x0000000000003dc8                sl_string__to_int
 .text.sl_string__begins_with_whole_word
                0x0000000000003dfc       0x52 _build_lpc40xx_freertos/objects/sl_string.o
                0x0000000000003dfc                sl_string__begins_with_whole_word
 .text.sl_string__ends_with_newline
                0x0000000000003e4e       0x30 _build_lpc40xx_freertos/objects/sl_string.o
                0x0000000000003e4e                sl_string__ends_with_newline
 .text.sl_string__erase_after
                0x0000000000003e7e       0x40 _build_lpc40xx_freertos/objects/sl_string.o
                0x0000000000003e7e                sl_string__erase_after
 .text.sl_string__erase_first
                0x0000000000003ebe       0x28 _build_lpc40xx_freertos/objects/sl_string.o
                0x0000000000003ebe                sl_string__erase_first
 .text.sl_string__erase_last
                0x0000000000003ee6       0x36 _build_lpc40xx_freertos/objects/sl_string.o
                0x0000000000003ee6                sl_string__erase_last
 .text.sl_string__erase_at_substring
                0x0000000000003f1c       0x34 _build_lpc40xx_freertos/objects/sl_string.o
                0x0000000000003f1c                sl_string__erase_at_substring
 .text.sl_string__erase_first_word
                0x0000000000003f50       0x32 _build_lpc40xx_freertos/objects/sl_string.o
                0x0000000000003f50                sl_string__erase_first_word
 *fill*         0x0000000000003f82        0x2 ff
 .text.sl_string__erase_int
                0x0000000000003f84       0x70 _build_lpc40xx_freertos/objects/sl_string.o
                0x0000000000003f84                sl_string__erase_int
 .text.sl_string__trim_end
                0x0000000000003ff4       0x52 _build_lpc40xx_freertos/objects/sl_string.o
                0x0000000000003ff4                sl_string__trim_end
 .text.vPortSVCHandler_wrapper
                0x0000000000004046        0x4 _build_lpc40xx_freertos/objects/freertos_interrupt_handlers.o
                0x0000000000004046                vPortSVCHandler_wrapper
 .text.xPortPendSVHandler_wrapper
                0x000000000000404a        0x4 _build_lpc40xx_freertos/objects/freertos_interrupt_handlers.o
                0x000000000000404a                xPortPendSVHandler_wrapper
 .text.xPortSysTickHandler_wrapper
                0x000000000000404e        0x4 _build_lpc40xx_freertos/objects/freertos_interrupt_handlers.o
                0x000000000000404e                xPortSysTickHandler_wrapper
 .text.pvPortMalloc
                0x0000000000004052       0x1e _build_lpc40xx_freertos/objects/heap_selector.o
                0x0000000000004052                pvPortMalloc
 .text.vPortFree
                0x0000000000004070       0x1a _build_lpc40xx_freertos/objects/heap_selector.o
                0x0000000000004070                vPortFree
 *fill*         0x000000000000408a        0x2 ff
 .text.prvPortStartFirstTask
                0x000000000000408c       0x28 _build_lpc40xx_freertos/objects/port.o
 .text.vPortEnableVFP
                0x00000000000040b4       0x14 _build_lpc40xx_freertos/objects/port.o
 .text.prvTaskExitError
                0x00000000000040c8       0x3c _build_lpc40xx_freertos/objects/port.o
 .text.pxPortInitialiseStack
                0x0000000000004104       0x2c _build_lpc40xx_freertos/objects/port.o
                0x0000000000004104                pxPortInitialiseStack
 .text.vPortSVCHandler
                0x0000000000004130       0x24 _build_lpc40xx_freertos/objects/port.o
                0x0000000000004130                vPortSVCHandler
 .text.vPortEnterCritical
                0x0000000000004154       0x44 _build_lpc40xx_freertos/objects/port.o
                0x0000000000004154                vPortEnterCritical
 .text.vPortExitCritical
                0x0000000000004198       0x28 _build_lpc40xx_freertos/objects/port.o
                0x0000000000004198                vPortExitCritical
 .text.xPortPendSVHandler
                0x00000000000041c0       0x64 _build_lpc40xx_freertos/objects/port.o
                0x00000000000041c0                xPortPendSVHandler
 .text.xPortSysTickHandler
                0x0000000000004224       0x2c _build_lpc40xx_freertos/objects/port.o
                0x0000000000004224                xPortSysTickHandler
 .text.vPortSetupTimerInterrupt
                0x0000000000004250       0x30 _build_lpc40xx_freertos/objects/port.o
                0x0000000000004250                vPortSetupTimerInterrupt
 .text.xPortStartScheduler
                0x0000000000004280      0x100 _build_lpc40xx_freertos/objects/port.o
                0x0000000000004280                xPortStartScheduler
 .text.vPortValidateInterruptPriority
                0x0000000000004380       0x58 _build_lpc40xx_freertos/objects/port.o
                0x0000000000004380                vPortValidateInterruptPriority
 .text.vListInitialise
                0x00000000000043d8       0x16 _build_lpc40xx_freertos/objects/list.o
                0x00000000000043d8                vListInitialise
 .text.vListInitialiseItem
                0x00000000000043ee        0x6 _build_lpc40xx_freertos/objects/list.o
                0x00000000000043ee                vListInitialiseItem
 .text.vListInsertEnd
                0x00000000000043f4       0x18 _build_lpc40xx_freertos/objects/list.o
                0x00000000000043f4                vListInsertEnd
 .text.vListInsert
                0x000000000000440c       0x2e _build_lpc40xx_freertos/objects/list.o
                0x000000000000440c                vListInsert
 .text.uxListRemove
                0x000000000000443a       0x20 _build_lpc40xx_freertos/objects/list.o
                0x000000000000443a                uxListRemove
 .text.prvIsQueueEmpty
                0x000000000000445a       0x16 _build_lpc40xx_freertos/objects/queue.o
 .text.prvCopyDataToQueue
                0x0000000000004470       0x6a _build_lpc40xx_freertos/objects/queue.o
 .text.prvCopyDataFromQueue
                0x00000000000044da       0x2a _build_lpc40xx_freertos/objects/queue.o
 .text.prvUnlockQueue
                0x0000000000004504       0x70 _build_lpc40xx_freertos/objects/queue.o
 .text.xQueueGenericReset
                0x0000000000004574       0x7c _build_lpc40xx_freertos/objects/queue.o
                0x0000000000004574                xQueueGenericReset
 .text.xQueueGenericCreateStatic
                0x00000000000045f0       0x94 _build_lpc40xx_freertos/objects/queue.o
                0x00000000000045f0                xQueueGenericCreateStatic
 .text.xQueueGenericCreate
                0x0000000000004684       0x4c _build_lpc40xx_freertos/objects/queue.o
                0x0000000000004684                xQueueGenericCreate
 .text.xQueueGenericSend
                0x00000000000046d0      0x15c _build_lpc40xx_freertos/objects/queue.o
                0x00000000000046d0                xQueueGenericSend
 .text.xQueueCreateMutexStatic
                0x000000000000482c       0x2a _build_lpc40xx_freertos/objects/queue.o
                0x000000000000482c                xQueueCreateMutexStatic
 *fill*         0x0000000000004856        0x2 ff
 .text.xQueueGenericSendFromISR
                0x0000000000004858       0xbc _build_lpc40xx_freertos/objects/queue.o
                0x0000000000004858                xQueueGenericSendFromISR
 .text.xQueueGiveFromISR
                0x0000000000004914       0xa4 _build_lpc40xx_freertos/objects/queue.o
                0x0000000000004914                xQueueGiveFromISR
 .text.xQueueReceive
                0x00000000000049b8      0x13c _build_lpc40xx_freertos/objects/queue.o
                0x00000000000049b8                xQueueReceive
 .text.xQueueSemaphoreTake
                0x0000000000004af4      0x180 _build_lpc40xx_freertos/objects/queue.o
                0x0000000000004af4                xQueueSemaphoreTake
 .text.xQueueReceiveFromISR
                0x0000000000004c74       0x9c _build_lpc40xx_freertos/objects/queue.o
                0x0000000000004c74                xQueueReceiveFromISR
 .text.uxQueueMessagesWaiting
                0x0000000000004d10       0x24 _build_lpc40xx_freertos/objects/queue.o
                0x0000000000004d10                uxQueueMessagesWaiting
 .text.vQueueDelete
                0x0000000000004d34       0x24 _build_lpc40xx_freertos/objects/queue.o
                0x0000000000004d34                vQueueDelete
 .text.prvResetRunTimeStatsInList
                0x0000000000004d58       0x2e _build_lpc40xx_freertos/objects/tasks.o
 *fill*         0x0000000000004d86        0x2 ff
 .text.prvAddNewTaskToReadyList
                0x0000000000004d88       0xf4 _build_lpc40xx_freertos/objects/tasks.o
 .text.prvIdleTask
                0x0000000000004e7c       0x28 _build_lpc40xx_freertos/objects/tasks.o
 .text.prvResetNextTaskUnblockTime
                0x0000000000004ea4       0x24 _build_lpc40xx_freertos/objects/tasks.o
 .text.prvInitialiseNewTask.isra.2
                0x0000000000004ec8       0x98 _build_lpc40xx_freertos/objects/tasks.o
 .text.prvAddCurrentTaskToDelayedList
                0x0000000000004f60       0x8c _build_lpc40xx_freertos/objects/tasks.o
 .text.xTaskCreateStatic
                0x0000000000004fec       0x6c _build_lpc40xx_freertos/objects/tasks.o
                0x0000000000004fec                xTaskCreateStatic
 .text.xTaskCreate
                0x0000000000005058       0x5a _build_lpc40xx_freertos/objects/tasks.o
                0x0000000000005058                xTaskCreate
 *fill*         0x00000000000050b2        0x2 ff
 .text.eTaskGetState
                0x00000000000050b4       0x6c _build_lpc40xx_freertos/objects/tasks.o
                0x00000000000050b4                eTaskGetState
 .text.vTaskStartScheduler
                0x0000000000005120       0x74 _build_lpc40xx_freertos/objects/tasks.o
                0x0000000000005120                vTaskStartScheduler
 .text.vTaskSuspendAll
                0x0000000000005194       0x10 _build_lpc40xx_freertos/objects/tasks.o
                0x0000000000005194                vTaskSuspendAll
 .text.xTaskIncrementTick
                0x00000000000051a4      0x124 _build_lpc40xx_freertos/objects/tasks.o
                0x00000000000051a4                xTaskIncrementTick
 .text.xTaskResumeAll
                0x00000000000052c8       0xec _build_lpc40xx_freertos/objects/tasks.o
                0x00000000000052c8                xTaskResumeAll
 .text.vTaskDelay
                0x00000000000053b4       0x48 _build_lpc40xx_freertos/objects/tasks.o
                0x00000000000053b4                vTaskDelay
 .text.vTaskSwitchContext
                0x00000000000053fc       0xbc _build_lpc40xx_freertos/objects/tasks.o
                0x00000000000053fc                vTaskSwitchContext
 .text.vTaskPlaceOnEventList
                0x00000000000054b8       0x30 _build_lpc40xx_freertos/objects/tasks.o
                0x00000000000054b8                vTaskPlaceOnEventList
 .text.xTaskRemoveFromEventList
                0x00000000000054e8       0x80 _build_lpc40xx_freertos/objects/tasks.o
                0x00000000000054e8                xTaskRemoveFromEventList
 .text.vTaskInternalSetTimeOutState
                0x0000000000005568       0x18 _build_lpc40xx_freertos/objects/tasks.o
                0x0000000000005568                vTaskInternalSetTimeOutState
 .text.xTaskCheckForTimeOut
                0x0000000000005580       0x74 _build_lpc40xx_freertos/objects/tasks.o
                0x0000000000005580                xTaskCheckForTimeOut
 .text.vTaskMissedYield
                0x00000000000055f4        0xc _build_lpc40xx_freertos/objects/tasks.o
                0x00000000000055f4                vTaskMissedYield
 .text.vTaskGetInfo
                0x0000000000005600       0x7c _build_lpc40xx_freertos/objects/tasks.o
                0x0000000000005600                vTaskGetInfo
 .text.prvListTasksWithinSingleList
                0x000000000000567c       0x5a _build_lpc40xx_freertos/objects/tasks.o
 *fill*         0x00000000000056d6        0x2 ff
 .text.uxTaskGetSystemState
                0x00000000000056d8       0x98 _build_lpc40xx_freertos/objects/tasks.o
                0x00000000000056d8                uxTaskGetSystemState
 .text.xTaskGetSchedulerState
                0x0000000000005770       0x20 _build_lpc40xx_freertos/objects/tasks.o
                0x0000000000005770                xTaskGetSchedulerState
 .text.xTaskPriorityInherit
                0x0000000000005790       0xa4 _build_lpc40xx_freertos/objects/tasks.o
                0x0000000000005790                xTaskPriorityInherit
 .text.xTaskPriorityDisinherit
                0x0000000000005834       0x9c _build_lpc40xx_freertos/objects/tasks.o
                0x0000000000005834                xTaskPriorityDisinherit
 .text.vTaskPriorityDisinheritAfterTimeout
                0x00000000000058d0       0xb0 _build_lpc40xx_freertos/objects/tasks.o
                0x00000000000058d0                vTaskPriorityDisinheritAfterTimeout
 .text.pvTaskIncrementMutexHeldCount
                0x0000000000005980       0x18 _build_lpc40xx_freertos/objects/tasks.o
                0x0000000000005980                pvTaskIncrementMutexHeldCount
 .text.vTaskResetRunTimeStats
                0x0000000000005998       0x6c _build_lpc40xx_freertos/objects/tasks.o
                0x0000000000005998                vTaskResetRunTimeStats
 .text.vRunTimeStatIsrEntry
                0x0000000000005a04       0x28 _build_lpc40xx_freertos/objects/tasks.o
                0x0000000000005a04                vRunTimeStatIsrEntry
 .text.vRunTimeStatIsrExit
                0x0000000000005a2c       0x10 _build_lpc40xx_freertos/objects/tasks.o
                0x0000000000005a2c                vRunTimeStatIsrExit
 .text.board_io__initialize
                0x0000000000005a3c      0x104 _build_lpc40xx_freertos/objects/board_io.o
                0x0000000000005a3c                board_io__initialize
 .text.board_io__sd_card_cs
                0x0000000000005b40       0x10 _build_lpc40xx_freertos/objects/board_io.o
                0x0000000000005b40                board_io__sd_card_cs
 .text.board_io__sd_card_ds
                0x0000000000005b50       0x10 _build_lpc40xx_freertos/objects/board_io.o
                0x0000000000005b50                board_io__sd_card_ds
 .text.board_io__sd_card_is_present
                0x0000000000005b60       0x14 _build_lpc40xx_freertos/objects/board_io.o
                0x0000000000005b60                board_io__sd_card_is_present
 .text.board_io__get_led0
                0x0000000000005b74        0xc _build_lpc40xx_freertos/objects/board_io.o
                0x0000000000005b74                board_io__get_led0
 .text.board_io__get_led1
                0x0000000000005b80        0xc _build_lpc40xx_freertos/objects/board_io.o
                0x0000000000005b80                board_io__get_led1
 .text.board_io__get_led2
                0x0000000000005b8c        0xc _build_lpc40xx_freertos/objects/board_io.o
                0x0000000000005b8c                board_io__get_led2
 .text.board_io__get_led3
                0x0000000000005b98        0xc _build_lpc40xx_freertos/objects/board_io.o
                0x0000000000005b98                board_io__get_led3
 .text.gpio__set_function
                0x0000000000005ba4       0x2a _build_lpc40xx_freertos/objects/gpio.o
                0x0000000000005ba4                gpio__set_function
 .text.gpio__construct_with_function
                0x0000000000005bce       0x2a _build_lpc40xx_freertos/objects/gpio.o
                0x0000000000005bce                gpio__construct_with_function
 .text.gpio__enable_open_drain
                0x0000000000005bf8       0x20 _build_lpc40xx_freertos/objects/gpio.o
                0x0000000000005bf8                gpio__enable_open_drain
 .text.gpio__enable_pull_down_resistors
                0x0000000000005c18       0x28 _build_lpc40xx_freertos/objects/gpio.o
                0x0000000000005c18                gpio__enable_pull_down_resistors
 .text.gpio__set_as_input
                0x0000000000005c40       0x24 _build_lpc40xx_freertos/objects/gpio.o
                0x0000000000005c40                gpio__set_as_input
 .text.gpio__construct_as_input
                0x0000000000005c64       0x28 _build_lpc40xx_freertos/objects/gpio.o
                0x0000000000005c64                gpio__construct_as_input
 .text.gpio__set_as_output
                0x0000000000005c8c       0x20 _build_lpc40xx_freertos/objects/gpio.o
                0x0000000000005c8c                gpio__set_as_output
 .text.gpio__construct_as_output
                0x0000000000005cac       0x28 _build_lpc40xx_freertos/objects/gpio.o
                0x0000000000005cac                gpio__construct_as_output
 .text.gpio__get
                0x0000000000005cd4       0x24 _build_lpc40xx_freertos/objects/gpio.o
                0x0000000000005cd4                gpio__get
 .text.gpio__set
                0x0000000000005cf8       0x1c _build_lpc40xx_freertos/objects/gpio.o
                0x0000000000005cf8                gpio__set
 .text.gpio__reset
                0x0000000000005d14       0x1c _build_lpc40xx_freertos/objects/gpio.o
                0x0000000000005d14                gpio__reset
 .text.gpio__toggle
                0x0000000000005d30       0x1e _build_lpc40xx_freertos/objects/gpio.o
                0x0000000000005d30                gpio__toggle
 *fill*         0x0000000000005d4e        0x2 ff
 .text.hw_timer__enable
                0x0000000000005d50       0x48 _build_lpc40xx_freertos/objects/hw_timer.o
                0x0000000000005d50                hw_timer__enable
 .text.hw_timer__enable_match_isr
                0x0000000000005d98       0x24 _build_lpc40xx_freertos/objects/hw_timer.o
                0x0000000000005d98                hw_timer__enable_match_isr
 .text.hw_timer__acknowledge_interrupt
                0x0000000000005dbc       0x18 _build_lpc40xx_freertos/objects/hw_timer.o
                0x0000000000005dbc                hw_timer__acknowledge_interrupt
 .text.hw_timer__get_value
                0x0000000000005dd4       0x10 _build_lpc40xx_freertos/objects/hw_timer.o
                0x0000000000005dd4                hw_timer__get_value
 .text.hw_timer__set_value
                0x0000000000005de4       0x10 _build_lpc40xx_freertos/objects/hw_timer.o
                0x0000000000005de4                hw_timer__set_value
 .text.i2c__transfer_unprotected
                0x0000000000005df4       0x5e _build_lpc40xx_freertos/objects/i2c.o
 *fill*         0x0000000000005e52        0x2 ff
 .text.i2c__handle_interrupt
                0x0000000000005e54      0x128 _build_lpc40xx_freertos/objects/i2c.o
 .text.i2c2_isr
                0x0000000000005f7c        0xc _build_lpc40xx_freertos/objects/i2c.o
 .text.i2c1_isr
                0x0000000000005f88        0xc _build_lpc40xx_freertos/objects/i2c.o
 .text.i2c0_isr
                0x0000000000005f94        0xc _build_lpc40xx_freertos/objects/i2c.o
 .text.i2c__initialize
                0x0000000000005fa0       0xb8 _build_lpc40xx_freertos/objects/i2c.o
                0x0000000000005fa0                i2c__initialize
 .text.i2c__read_slave_data
                0x0000000000006058       0x54 _build_lpc40xx_freertos/objects/i2c.o
                0x0000000000006058                i2c__read_slave_data
 .text.i2c__read_single
                0x00000000000060ac       0x1e _build_lpc40xx_freertos/objects/i2c.o
                0x00000000000060ac                i2c__read_single
 *fill*         0x00000000000060ca        0x2 ff
 .text.i2c__write_slave_data
                0x00000000000060cc       0x50 _build_lpc40xx_freertos/objects/i2c.o
                0x00000000000060cc                i2c__write_slave_data
 .text.i2c__detect
                0x000000000000611c       0x18 _build_lpc40xx_freertos/objects/i2c.o
                0x000000000000611c                i2c__detect
 .text.i2c__write_single
                0x0000000000006134       0x18 _build_lpc40xx_freertos/objects/i2c.o
                0x0000000000006134                i2c__write_single
 .text.lpc_peripheral__halt_handler
                0x000000000000614c        0x2 _build_lpc40xx_freertos/objects/lpc_peripherals.o
 *fill*         0x000000000000614e        0x2 ff
 .text.lpc_peripheral__interrupt_dispatcher
                0x0000000000006150       0x34 _build_lpc40xx_freertos/objects/lpc_peripherals.o
                0x0000000000006150                lpc_peripheral__interrupt_dispatcher
 .text.lpc_peripheral__turn_on_power_to
                0x0000000000006184       0x24 _build_lpc40xx_freertos/objects/lpc_peripherals.o
                0x0000000000006184                lpc_peripheral__turn_on_power_to
 .text.lpc_peripheral__is_powered_on
                0x00000000000061a8       0x24 _build_lpc40xx_freertos/objects/lpc_peripherals.o
                0x00000000000061a8                lpc_peripheral__is_powered_on
 .text.lpc_peripheral__enable_interrupt
                0x00000000000061cc       0x30 _build_lpc40xx_freertos/objects/lpc_peripherals.o
                0x00000000000061cc                lpc_peripheral__enable_interrupt
 .text.ssp2__dma_transfer_block
                0x00000000000061fc       0x98 _build_lpc40xx_freertos/objects/ssp2.o
 .text.ssp2__set_max_clock
                0x0000000000006294       0x2c _build_lpc40xx_freertos/objects/ssp2.o
                0x0000000000006294                ssp2__set_max_clock
 .text.ssp2__initialize
                0x00000000000062c0       0x44 _build_lpc40xx_freertos/objects/ssp2.o
                0x00000000000062c0                ssp2__initialize
 .text.ssp0__exchange_byte
                0x0000000000006304       0x14 _build_lpc40xx_freertos/objects/ssp2.o
                0x0000000000006304                ssp0__exchange_byte
 .text.ssp2__exchange_byte
                0x0000000000006318       0x14 _build_lpc40xx_freertos/objects/ssp2.o
                0x0000000000006318                ssp2__exchange_byte
 .text.ssp2__dma_write_block
                0x000000000000632c        0x6 _build_lpc40xx_freertos/objects/ssp2.o
                0x000000000000632c                ssp2__dma_write_block
 .text.ssp2__dma_read_block
                0x0000000000006332        0x6 _build_lpc40xx_freertos/objects/ssp2.o
                0x0000000000006332                ssp2__dma_read_block
 .text.uart__isr_common
                0x0000000000006338       0x94 _build_lpc40xx_freertos/objects/uart.o
 .text.uart3_isr
                0x00000000000063cc        0xc _build_lpc40xx_freertos/objects/uart.o
 .text.uart2_isr
                0x00000000000063d8        0xc _build_lpc40xx_freertos/objects/uart.o
 .text.uart1_isr
                0x00000000000063e4        0xc _build_lpc40xx_freertos/objects/uart.o
 .text.uart0_isr
                0x00000000000063f0        0xc _build_lpc40xx_freertos/objects/uart.o
 .text.uart__init
                0x00000000000063fc       0x60 _build_lpc40xx_freertos/objects/uart.o
                0x00000000000063fc                uart__init
 .text.uart__is_initialized
                0x000000000000645c       0x28 _build_lpc40xx_freertos/objects/uart.o
                0x000000000000645c                uart__is_initialized
 .text.uart__is_transmit_queue_initialized
                0x0000000000006484       0x14 _build_lpc40xx_freertos/objects/uart.o
                0x0000000000006484                uart__is_transmit_queue_initialized
 .text.uart__is_receive_queue_initialized
                0x0000000000006498       0x14 _build_lpc40xx_freertos/objects/uart.o
                0x0000000000006498                uart__is_receive_queue_initialized
 .text.uart__enable_queues
                0x00000000000064ac       0x70 _build_lpc40xx_freertos/objects/uart.o
                0x00000000000064ac                uart__enable_queues
 .text.uart__polled_put
                0x000000000000651c       0x24 _build_lpc40xx_freertos/objects/uart.o
                0x000000000000651c                uart__polled_put
 .text.uart__get
                0x0000000000006540       0x4c _build_lpc40xx_freertos/objects/uart.o
                0x0000000000006540                uart__get
 .text.uart__polled_get
                0x000000000000658c       0x54 _build_lpc40xx_freertos/objects/uart.o
                0x000000000000658c                uart__polled_get
 .text.uart__put
                0x00000000000065e0       0x7c _build_lpc40xx_freertos/objects/uart.o
                0x00000000000065e0                uart__put
 .text.reader_task
                0x000000000000665c       0x30 _build_lpc40xx_freertos/objects/main.o
 .text.player_task
                0x000000000000668c       0x3c _build_lpc40xx_freertos/objects/main.o
 .text.startup.main
                0x00000000000066c8       0xb4 _build_lpc40xx_freertos/objects/main.o
                0x00000000000066c8                main
 .text          0x000000000000677c      0x378 /Users/aaronrice/Documents/GitHub/Lab-Assignment-Watchdogs/toolchains/mac/gcc-arm-none-eabi-8-2019-q3-update/bin/../lib/gcc/arm-none-eabi/8.3.1/thumb/v7e-m+fp/hard/libgcc.a(_arm_addsubdf3.o)
                0x000000000000677c                __aeabi_drsub
                0x0000000000006784                __subdf3
                0x0000000000006784                __aeabi_dsub
                0x0000000000006788                __aeabi_dadd
                0x0000000000006788                __adddf3
                0x0000000000006a00                __aeabi_ui2d
                0x0000000000006a00                __floatunsidf
                0x0000000000006a20                __floatsidf
                0x0000000000006a20                __aeabi_i2d
                0x0000000000006a44                __extendsfdf2
                0x0000000000006a44                __aeabi_f2d
                0x0000000000006a88                __aeabi_ul2d
                0x0000000000006a88                __floatundidf
                0x0000000000006a98                __aeabi_l2d
                0x0000000000006a98                __floatdidf
 .text          0x0000000000006af4      0x424 /Users/aaronrice/Documents/GitHub/Lab-Assignment-Watchdogs/toolchains/mac/gcc-arm-none-eabi-8-2019-q3-update/bin/../lib/gcc/arm-none-eabi/8.3.1/thumb/v7e-m+fp/hard/libgcc.a(_arm_muldivdf3.o)
                0x0000000000006af4                __aeabi_dmul
                0x0000000000006af4                __muldf3
                0x0000000000006d48                __aeabi_ddiv
                0x0000000000006d48                __divdf3
 .text          0x0000000000006f18       0x30 /Users/aaronrice/Documents/GitHub/Lab-Assignment-Watchdogs/toolchains/mac/gcc-arm-none-eabi-8-2019-q3-update/bin/../lib/gcc/arm-none-eabi/8.3.1/thumb/v7e-m+fp/hard/libgcc.a(_aeabi_uldivmod.o)
                0x0000000000006f18                __aeabi_uldivmod
 .text          0x0000000000006f48      0x2d0 /Users/aaronrice/Documents/GitHub/Lab-Assignment-Watchdogs/toolchains/mac/gcc-arm-none-eabi-8-2019-q3-update/bin/../lib/gcc/arm-none-eabi/8.3.1/thumb/v7e-m+fp/hard/libgcc.a(_udivmoddi4.o)
                0x0000000000006f48                __udivmoddi4
 .text          0x0000000000007218        0x4 /Users/aaronrice/Documents/GitHub/Lab-Assignment-Watchdogs/toolchains/mac/gcc-arm-none-eabi-8-2019-q3-update/bin/../lib/gcc/arm-none-eabi/8.3.1/thumb/v7e-m+fp/hard/libgcc.a(_dvmd_tls.o)
                0x0000000000007218                __aeabi_ldiv0
                0x0000000000007218                __aeabi_idiv0
 .text.__sflush_r
                0x000000000000721c      0x10c /Users/aaronrice/Documents/GitHub/Lab-Assignment-Watchdogs/toolchains/mac/gcc-arm-none-eabi-8-2019-q3-update/bin/../lib/gcc/arm-none-eabi/8.3.1/../../../../arm-none-eabi/lib/thumb/v7e-m+fp/hard/libg_nano.a(lib_a-fflush.o)
                0x000000000000721c                __sflush_r
 .text._fflush_r
                0x0000000000007328       0x78 /Users/aaronrice/Documents/GitHub/Lab-Assignment-Watchdogs/toolchains/mac/gcc-arm-none-eabi-8-2019-q3-update/bin/../lib/gcc/arm-none-eabi/8.3.1/../../../../arm-none-eabi/lib/thumb/v7e-m+fp/hard/libg_nano.a(lib_a-fflush.o)
                0x0000000000007328                _fflush_r
 .text.fflush   0x00000000000073a0       0x24 /Users/aaronrice/Documents/GitHub/Lab-Assignment-Watchdogs/toolchains/mac/gcc-arm-none-eabi-8-2019-q3-update/bin/../lib/gcc/arm-none-eabi/8.3.1/../../../../arm-none-eabi/lib/thumb/v7e-m+fp/hard/libg_nano.a(lib_a-fflush.o)
                0x00000000000073a0                fflush
 .text.std      0x00000000000073c4       0x48 /Users/aaronrice/Documents/GitHub/Lab-Assignment-Watchdogs/toolchains/mac/gcc-arm-none-eabi-8-2019-q3-update/bin/../lib/gcc/arm-none-eabi/8.3.1/../../../../arm-none-eabi/lib/thumb/v7e-m+fp/hard/libg_nano.a(lib_a-findfp.o)
 .text._cleanup_r
                0x000000000000740c        0xc /Users/aaronrice/Documents/GitHub/Lab-Assignment-Watchdogs/toolchains/mac/gcc-arm-none-eabi-8-2019-q3-update/bin/../lib/gcc/arm-none-eabi/8.3.1/../../../../arm-none-eabi/lib/thumb/v7e-m+fp/hard/libg_nano.a(lib_a-findfp.o)
                0x000000000000740c                _cleanup_r
 .text.__sfmoreglue
                0x0000000000007418       0x2c /Users/aaronrice/Documents/GitHub/Lab-Assignment-Watchdogs/toolchains/mac/gcc-arm-none-eabi-8-2019-q3-update/bin/../lib/gcc/arm-none-eabi/8.3.1/../../../../arm-none-eabi/lib/thumb/v7e-m+fp/hard/libg_nano.a(lib_a-findfp.o)
                0x0000000000007418                __sfmoreglue
 .text.__sfp_lock_acquire
                0x0000000000007444        0xc /Users/aaronrice/Documents/GitHub/Lab-Assignment-Watchdogs/toolchains/mac/gcc-arm-none-eabi-8-2019-q3-update/bin/../lib/gcc/arm-none-eabi/8.3.1/../../../../arm-none-eabi/lib/thumb/v7e-m+fp/hard/libg_nano.a(lib_a-findfp.o)
                0x0000000000007444                __sfp_lock_acquire
 .text.__sfp_lock_release
                0x0000000000007450        0xc /Users/aaronrice/Documents/GitHub/Lab-Assignment-Watchdogs/toolchains/mac/gcc-arm-none-eabi-8-2019-q3-update/bin/../lib/gcc/arm-none-eabi/8.3.1/../../../../arm-none-eabi/lib/thumb/v7e-m+fp/hard/libg_nano.a(lib_a-findfp.o)
                0x0000000000007450                __sfp_lock_release
 .text.__sinit_lock_acquire
                0x000000000000745c        0xc /Users/aaronrice/Documents/GitHub/Lab-Assignment-Watchdogs/toolchains/mac/gcc-arm-none-eabi-8-2019-q3-update/bin/../lib/gcc/arm-none-eabi/8.3.1/../../../../arm-none-eabi/lib/thumb/v7e-m+fp/hard/libg_nano.a(lib_a-findfp.o)
                0x000000000000745c                __sinit_lock_acquire
 .text.__sinit_lock_release
                0x0000000000007468        0xc /Users/aaronrice/Documents/GitHub/Lab-Assignment-Watchdogs/toolchains/mac/gcc-arm-none-eabi-8-2019-q3-update/bin/../lib/gcc/arm-none-eabi/8.3.1/../../../../arm-none-eabi/lib/thumb/v7e-m+fp/hard/libg_nano.a(lib_a-findfp.o)
                0x0000000000007468                __sinit_lock_release
 .text.__sinit  0x0000000000007474       0x70 /Users/aaronrice/Documents/GitHub/Lab-Assignment-Watchdogs/toolchains/mac/gcc-arm-none-eabi-8-2019-q3-update/bin/../lib/gcc/arm-none-eabi/8.3.1/../../../../arm-none-eabi/lib/thumb/v7e-m+fp/hard/libg_nano.a(lib_a-findfp.o)
                0x0000000000007474                __sinit
 .text.__sfp    0x00000000000074e4       0x8c /Users/aaronrice/Documents/GitHub/Lab-Assignment-Watchdogs/toolchains/mac/gcc-arm-none-eabi-8-2019-q3-update/bin/../lib/gcc/arm-none-eabi/8.3.1/../../../../arm-none-eabi/lib/thumb/v7e-m+fp/hard/libg_nano.a(lib_a-findfp.o)
                0x00000000000074e4                __sfp
 .text._fopen_r
                0x0000000000007570       0xa8 /Users/aaronrice/Documents/GitHub/Lab-Assignment-Watchdogs/toolchains/mac/gcc-arm-none-eabi-8-2019-q3-update/bin/../lib/gcc/arm-none-eabi/8.3.1/../../../../arm-none-eabi/lib/thumb/v7e-m+fp/hard/libg_nano.a(lib_a-fopen.o)
                0x0000000000007570                _fopen_r
 .text.fopen    0x0000000000007618       0x10 /Users/aaronrice/Documents/GitHub/Lab-Assignment-Watchdogs/toolchains/mac/gcc-arm-none-eabi-8-2019-q3-update/bin/../lib/gcc/arm-none-eabi/8.3.1/../../../../arm-none-eabi/lib/thumb/v7e-m+fp/hard/libg_nano.a(lib_a-fopen.o)
                0x0000000000007618                fopen
 .text.fprintf  0x0000000000007628       0x24 /Users/aaronrice/Documents/GitHub/Lab-Assignment-Watchdogs/toolchains/mac/gcc-arm-none-eabi-8-2019-q3-update/bin/../lib/gcc/arm-none-eabi/8.3.1/../../../../arm-none-eabi/lib/thumb/v7e-m+fp/hard/libg_nano.a(lib_a-fprintf.o)
                0x0000000000007628                fprintf
                0x0000000000007628                fiprintf
 .text._fputs_r
                0x000000000000764c       0xcc /Users/aaronrice/Documents/GitHub/Lab-Assignment-Watchdogs/toolchains/mac/gcc-arm-none-eabi-8-2019-q3-update/bin/../lib/gcc/arm-none-eabi/8.3.1/../../../../arm-none-eabi/lib/thumb/v7e-m+fp/hard/libg_nano.a(lib_a-fputs.o)
                0x000000000000764c                _fputs_r
 .text.fputs    0x0000000000007718       0x10 /Users/aaronrice/Documents/GitHub/Lab-Assignment-Watchdogs/toolchains/mac/gcc-arm-none-eabi-8-2019-q3-update/bin/../lib/gcc/arm-none-eabi/8.3.1/../../../../arm-none-eabi/lib/thumb/v7e-m+fp/hard/libg_nano.a(lib_a-fputs.o)
                0x0000000000007718                fputs
 .text._fseek_r
                0x0000000000007728        0x4 /Users/aaronrice/Documents/GitHub/Lab-Assignment-Watchdogs/toolchains/mac/gcc-arm-none-eabi-8-2019-q3-update/bin/../lib/gcc/arm-none-eabi/8.3.1/../../../../arm-none-eabi/lib/thumb/v7e-m+fp/hard/libg_nano.a(lib_a-fseek.o)
                0x0000000000007728                _fseek_r
 .text.fseek    0x000000000000772c       0x14 /Users/aaronrice/Documents/GitHub/Lab-Assignment-Watchdogs/toolchains/mac/gcc-arm-none-eabi-8-2019-q3-update/bin/../lib/gcc/arm-none-eabi/8.3.1/../../../../arm-none-eabi/lib/thumb/v7e-m+fp/hard/libg_nano.a(lib_a-fseek.o)
                0x000000000000772c                fseek
 .text._fseeko_r
                0x0000000000007740      0x164 /Users/aaronrice/Documents/GitHub/Lab-Assignment-Watchdogs/toolchains/mac/gcc-arm-none-eabi-8-2019-q3-update/bin/../lib/gcc/arm-none-eabi/8.3.1/../../../../arm-none-eabi/lib/thumb/v7e-m+fp/hard/libg_nano.a(lib_a-fseeko.o)
                0x0000000000007740                _fseeko_r
 .text._fwalk   0x00000000000078a4       0x38 /Users/aaronrice/Documents/GitHub/Lab-Assignment-Watchdogs/toolchains/mac/gcc-arm-none-eabi-8-2019-q3-update/bin/../lib/gcc/arm-none-eabi/8.3.1/../../../../arm-none-eabi/lib/thumb/v7e-m+fp/hard/libg_nano.a(lib_a-fwalk.o)
                0x00000000000078a4                _fwalk
 .text._fwalk_reent
                0x00000000000078dc       0x3c /Users/aaronrice/Documents/GitHub/Lab-Assignment-Watchdogs/toolchains/mac/gcc-arm-none-eabi-8-2019-q3-update/bin/../lib/gcc/arm-none-eabi/8.3.1/../../../../arm-none-eabi/lib/thumb/v7e-m+fp/hard/libg_nano.a(lib_a-fwalk.o)
                0x00000000000078dc                _fwalk_reent
 .text._fwrite_r
                0x0000000000007918       0xc0 /Users/aaronrice/Documents/GitHub/Lab-Assignment-Watchdogs/toolchains/mac/gcc-arm-none-eabi-8-2019-q3-update/bin/../lib/gcc/arm-none-eabi/8.3.1/../../../../arm-none-eabi/lib/thumb/v7e-m+fp/hard/libg_nano.a(lib_a-fwrite.o)
                0x0000000000007918                _fwrite_r
 .text.fwrite   0x00000000000079d8       0x1c /Users/aaronrice/Documents/GitHub/Lab-Assignment-Watchdogs/toolchains/mac/gcc-arm-none-eabi-8-2019-q3-update/bin/../lib/gcc/arm-none-eabi/8.3.1/../../../../arm-none-eabi/lib/thumb/v7e-m+fp/hard/libg_nano.a(lib_a-fwrite.o)
                0x00000000000079d8                fwrite
 .text.getchar  0x00000000000079f4       0x24 /Users/aaronrice/Documents/GitHub/Lab-Assignment-Watchdogs/toolchains/mac/gcc-arm-none-eabi-8-2019-q3-update/bin/../lib/gcc/arm-none-eabi/8.3.1/../../../../arm-none-eabi/lib/thumb/v7e-m+fp/hard/libg_nano.a(lib_a-getchar.o)
                0x00000000000079f4                getchar
 .text.__retarget_lock_init_recursive
                0x0000000000007a18        0x2 /Users/aaronrice/Documents/GitHub/Lab-Assignment-Watchdogs/toolchains/mac/gcc-arm-none-eabi-8-2019-q3-update/bin/../lib/gcc/arm-none-eabi/8.3.1/../../../../arm-none-eabi/lib/thumb/v7e-m+fp/hard/libg_nano.a(lib_a-lock.o)
                0x0000000000007a18                __retarget_lock_init_recursive
 .text.__retarget_lock_close_recursive
                0x0000000000007a1a        0x2 /Users/aaronrice/Documents/GitHub/Lab-Assignment-Watchdogs/toolchains/mac/gcc-arm-none-eabi-8-2019-q3-update/bin/../lib/gcc/arm-none-eabi/8.3.1/../../../../arm-none-eabi/lib/thumb/v7e-m+fp/hard/libg_nano.a(lib_a-lock.o)
                0x0000000000007a1a                __retarget_lock_close_recursive
 .text.__retarget_lock_acquire_recursive
                0x0000000000007a1c        0x2 /Users/aaronrice/Documents/GitHub/Lab-Assignment-Watchdogs/toolchains/mac/gcc-arm-none-eabi-8-2019-q3-update/bin/../lib/gcc/arm-none-eabi/8.3.1/../../../../arm-none-eabi/lib/thumb/v7e-m+fp/hard/libg_nano.a(lib_a-lock.o)
                0x0000000000007a1c                __retarget_lock_acquire_recursive
 .text.__retarget_lock_release_recursive
                0x0000000000007a1e        0x2 /Users/aaronrice/Documents/GitHub/Lab-Assignment-Watchdogs/toolchains/mac/gcc-arm-none-eabi-8-2019-q3-update/bin/../lib/gcc/arm-none-eabi/8.3.1/../../../../arm-none-eabi/lib/thumb/v7e-m+fp/hard/libg_nano.a(lib_a-lock.o)
                0x0000000000007a1e                __retarget_lock_release_recursive
 .text.__swhatbuf_r
                0x0000000000007a20       0x48 /Users/aaronrice/Documents/GitHub/Lab-Assignment-Watchdogs/toolchains/mac/gcc-arm-none-eabi-8-2019-q3-update/bin/../lib/gcc/arm-none-eabi/8.3.1/../../../../arm-none-eabi/lib/thumb/v7e-m+fp/hard/libg_nano.a(lib_a-makebuf.o)
                0x0000000000007a20                __swhatbuf_r
 .text.__smakebuf_r
                0x0000000000007a68       0x80 /Users/aaronrice/Documents/GitHub/Lab-Assignment-Watchdogs/toolchains/mac/gcc-arm-none-eabi-8-2019-q3-update/bin/../lib/gcc/arm-none-eabi/8.3.1/../../../../arm-none-eabi/lib/thumb/v7e-m+fp/hard/libg_nano.a(lib_a-makebuf.o)
                0x0000000000007a68                __smakebuf_r
 .text.malloc   0x0000000000007ae8       0x10 /Users/aaronrice/Documents/GitHub/Lab-Assignment-Watchdogs/toolchains/mac/gcc-arm-none-eabi-8-2019-q3-update/bin/../lib/gcc/arm-none-eabi/8.3.1/../../../../arm-none-eabi/lib/thumb/v7e-m+fp/hard/libg_nano.a(lib_a-malloc.o)
                0x0000000000007ae8                malloc
 .text.free     0x0000000000007af8       0x10 /Users/aaronrice/Documents/GitHub/Lab-Assignment-Watchdogs/toolchains/mac/gcc-arm-none-eabi-8-2019-q3-update/bin/../lib/gcc/arm-none-eabi/8.3.1/../../../../arm-none-eabi/lib/thumb/v7e-m+fp/hard/libg_nano.a(lib_a-malloc.o)
                0x0000000000007af8                free
 .text.memcpy   0x0000000000007b08       0x1c /Users/aaronrice/Documents/GitHub/Lab-Assignment-Watchdogs/toolchains/mac/gcc-arm-none-eabi-8-2019-q3-update/bin/../lib/gcc/arm-none-eabi/8.3.1/../../../../arm-none-eabi/lib/thumb/v7e-m+fp/hard/libg_nano.a(lib_a-memcpy-stub.o)
                0x0000000000007b08                memcpy
 .text.memmove  0x0000000000007b24       0x34 /Users/aaronrice/Documents/GitHub/Lab-Assignment-Watchdogs/toolchains/mac/gcc-arm-none-eabi-8-2019-q3-update/bin/../lib/gcc/arm-none-eabi/8.3.1/../../../../arm-none-eabi/lib/thumb/v7e-m+fp/hard/libg_nano.a(lib_a-memmove.o)
                0x0000000000007b24                memmove
 .text.memset   0x0000000000007b58       0x10 /Users/aaronrice/Documents/GitHub/Lab-Assignment-Watchdogs/toolchains/mac/gcc-arm-none-eabi-8-2019-q3-update/bin/../lib/gcc/arm-none-eabi/8.3.1/../../../../arm-none-eabi/lib/thumb/v7e-m+fp/hard/libg_nano.a(lib_a-memset.o)
                0x0000000000007b58                memset
 .text._free_r  0x0000000000007b68       0x9c /Users/aaronrice/Documents/GitHub/Lab-Assignment-Watchdogs/toolchains/mac/gcc-arm-none-eabi-8-2019-q3-update/bin/../lib/gcc/arm-none-eabi/8.3.1/../../../../arm-none-eabi/lib/thumb/v7e-m+fp/hard/libg_nano.a(lib_a-nano-freer.o)
                0x0000000000007b68                _free_r
 .text._malloc_r
                0x0000000000007c04       0xb4 /Users/aaronrice/Documents/GitHub/Lab-Assignment-Watchdogs/toolchains/mac/gcc-arm-none-eabi-8-2019-q3-update/bin/../lib/gcc/arm-none-eabi/8.3.1/../../../../arm-none-eabi/lib/thumb/v7e-m+fp/hard/libg_nano.a(lib_a-nano-mallocr.o)
                0x0000000000007c04                _malloc_r
 .text.__sfputc_r
                0x0000000000007cb8       0x2e /Users/aaronrice/Documents/GitHub/Lab-Assignment-Watchdogs/toolchains/mac/gcc-arm-none-eabi-8-2019-q3-update/bin/../lib/gcc/arm-none-eabi/8.3.1/../../../../arm-none-eabi/lib/thumb/v7e-m+fp/hard/libg_nano.a(lib_a-nano-vfprintf.o)
 .text.__sfputs_r
                0x0000000000007ce6       0x24 /Users/aaronrice/Documents/GitHub/Lab-Assignment-Watchdogs/toolchains/mac/gcc-arm-none-eabi-8-2019-q3-update/bin/../lib/gcc/arm-none-eabi/8.3.1/../../../../arm-none-eabi/lib/thumb/v7e-m+fp/hard/libg_nano.a(lib_a-nano-vfprintf.o)
                0x0000000000007ce6                __sfputs_r
 *fill*         0x0000000000007d0a        0x2 ff
 .text._vfprintf_r
                0x0000000000007d0c      0x250 /Users/aaronrice/Documents/GitHub/Lab-Assignment-Watchdogs/toolchains/mac/gcc-arm-none-eabi-8-2019-q3-update/bin/../lib/gcc/arm-none-eabi/8.3.1/../../../../arm-none-eabi/lib/thumb/v7e-m+fp/hard/libg_nano.a(lib_a-nano-vfprintf.o)
                0x0000000000007d0c                _vfiprintf_r
                0x0000000000007d0c                _vfprintf_r
 .text.__cvt    0x0000000000007f5c       0xba /Users/aaronrice/Documents/GitHub/Lab-Assignment-Watchdogs/toolchains/mac/gcc-arm-none-eabi-8-2019-q3-update/bin/../lib/gcc/arm-none-eabi/8.3.1/../../../../arm-none-eabi/lib/thumb/v7e-m+fp/hard/libg_nano.a(lib_a-nano-vfprintf_float.o)
                0x0000000000007f5c                __cvt
 .text.__exponent
                0x0000000000008016       0x64 /Users/aaronrice/Documents/GitHub/Lab-Assignment-Watchdogs/toolchains/mac/gcc-arm-none-eabi-8-2019-q3-update/bin/../lib/gcc/arm-none-eabi/8.3.1/../../../../arm-none-eabi/lib/thumb/v7e-m+fp/hard/libg_nano.a(lib_a-nano-vfprintf_float.o)
                0x0000000000008016                __exponent
 *fill*         0x000000000000807a        0x2 ff
 .text._printf_float
                0x000000000000807c      0x454 /Users/aaronrice/Documents/GitHub/Lab-Assignment-Watchdogs/toolchains/mac/gcc-arm-none-eabi-8-2019-q3-update/bin/../lib/gcc/arm-none-eabi/8.3.1/../../../../arm-none-eabi/lib/thumb/v7e-m+fp/hard/libg_nano.a(lib_a-nano-vfprintf_float.o)
                0x000000000000807c                _printf_float
 .text._printf_common
                0x00000000000084d0       0xea /Users/aaronrice/Documents/GitHub/Lab-Assignment-Watchdogs/toolchains/mac/gcc-arm-none-eabi-8-2019-q3-update/bin/../lib/gcc/arm-none-eabi/8.3.1/../../../../arm-none-eabi/lib/thumb/v7e-m+fp/hard/libg_nano.a(lib_a-nano-vfprintf_i.o)
                0x00000000000084d0                _printf_common
 *fill*         0x00000000000085ba        0x2 ff
 .text._printf_i
                0x00000000000085bc      0x228 /Users/aaronrice/Documents/GitHub/Lab-Assignment-Watchdogs/toolchains/mac/gcc-arm-none-eabi-8-2019-q3-update/bin/../lib/gcc/arm-none-eabi/8.3.1/../../../../arm-none-eabi/lib/thumb/v7e-m+fp/hard/libg_nano.a(lib_a-nano-vfprintf_i.o)
                0x00000000000085bc                _printf_i
 .text._scanf_float
                0x00000000000087e4      0x3c0 /Users/aaronrice/Documents/GitHub/Lab-Assignment-Watchdogs/toolchains/mac/gcc-arm-none-eabi-8-2019-q3-update/bin/../lib/gcc/arm-none-eabi/8.3.1/../../../../arm-none-eabi/lib/thumb/v7e-m+fp/hard/libg_nano.a(lib_a-nano-vfscanf_float.o)
                0x00000000000087e4                _scanf_float
 .text._open_r  0x0000000000008ba4       0x24 /Users/aaronrice/Documents/GitHub/Lab-Assignment-Watchdogs/toolchains/mac/gcc-arm-none-eabi-8-2019-q3-update/bin/../lib/gcc/arm-none-eabi/8.3.1/../../../../arm-none-eabi/lib/thumb/v7e-m+fp/hard/libg_nano.a(lib_a-openr.o)
                0x0000000000008ba4                _open_r
 .text.printf   0x0000000000008bc8       0x30 /Users/aaronrice/Documents/GitHub/Lab-Assignment-Watchdogs/toolchains/mac/gcc-arm-none-eabi-8-2019-q3-update/bin/../lib/gcc/arm-none-eabi/8.3.1/../../../../arm-none-eabi/lib/thumb/v7e-m+fp/hard/libg_nano.a(lib_a-printf.o)
                0x0000000000008bc8                printf
                0x0000000000008bc8                iprintf
 .text.putchar  0x0000000000008bf8       0x28 /Users/aaronrice/Documents/GitHub/Lab-Assignment-Watchdogs/toolchains/mac/gcc-arm-none-eabi-8-2019-q3-update/bin/../lib/gcc/arm-none-eabi/8.3.1/../../../../arm-none-eabi/lib/thumb/v7e-m+fp/hard/libg_nano.a(lib_a-putchar.o)
                0x0000000000008bf8                putchar
 .text._puts_r  0x0000000000008c20       0xdc /Users/aaronrice/Documents/GitHub/Lab-Assignment-Watchdogs/toolchains/mac/gcc-arm-none-eabi-8-2019-q3-update/bin/../lib/gcc/arm-none-eabi/8.3.1/../../../../arm-none-eabi/lib/thumb/v7e-m+fp/hard/libg_nano.a(lib_a-puts.o)
                0x0000000000008c20                _puts_r
 .text.puts     0x0000000000008cfc       0x10 /Users/aaronrice/Documents/GitHub/Lab-Assignment-Watchdogs/toolchains/mac/gcc-arm-none-eabi-8-2019-q3-update/bin/../lib/gcc/arm-none-eabi/8.3.1/../../../../arm-none-eabi/lib/thumb/v7e-m+fp/hard/libg_nano.a(lib_a-puts.o)
                0x0000000000008cfc                puts
 .text._sbrk_r  0x0000000000008d0c       0x20 /Users/aaronrice/Documents/GitHub/Lab-Assignment-Watchdogs/toolchains/mac/gcc-arm-none-eabi-8-2019-q3-update/bin/../lib/gcc/arm-none-eabi/8.3.1/../../../../arm-none-eabi/lib/thumb/v7e-m+fp/hard/libg_nano.a(lib_a-sbrkr.o)
                0x0000000000008d0c                _sbrk_r
 .text.setvbuf  0x0000000000008d2c      0x184 /Users/aaronrice/Documents/GitHub/Lab-Assignment-Watchdogs/toolchains/mac/gcc-arm-none-eabi-8-2019-q3-update/bin/../lib/gcc/arm-none-eabi/8.3.1/../../../../arm-none-eabi/lib/thumb/v7e-m+fp/hard/libg_nano.a(lib_a-setvbuf.o)
                0x0000000000008d2c                setvbuf
 .text.nanf     0x0000000000008eb0        0xc /Users/aaronrice/Documents/GitHub/Lab-Assignment-Watchdogs/toolchains/mac/gcc-arm-none-eabi-8-2019-q3-update/bin/../lib/gcc/arm-none-eabi/8.3.1/../../../../arm-none-eabi/lib/thumb/v7e-m+fp/hard/libg_nano.a(lib_a-sf_nan.o)
                0x0000000000008eb0                nanf
 .text.sprintf  0x0000000000008ebc       0x40 /Users/aaronrice/Documents/GitHub/Lab-Assignment-Watchdogs/toolchains/mac/gcc-arm-none-eabi-8-2019-q3-update/bin/../lib/gcc/arm-none-eabi/8.3.1/../../../../arm-none-eabi/lib/thumb/v7e-m+fp/hard/libg_nano.a(lib_a-sprintf.o)
                0x0000000000008ebc                sprintf
                0x0000000000008ebc                siprintf
 .text.__sread  0x0000000000008efc       0x22 /Users/aaronrice/Documents/GitHub/Lab-Assignment-Watchdogs/toolchains/mac/gcc-arm-none-eabi-8-2019-q3-update/bin/../lib/gcc/arm-none-eabi/8.3.1/../../../../arm-none-eabi/lib/thumb/v7e-m+fp/hard/libg_nano.a(lib_a-stdio.o)
                0x0000000000008efc                __sread
 .text.__seofread
                0x0000000000008f1e        0x4 /Users/aaronrice/Documents/GitHub/Lab-Assignment-Watchdogs/toolchains/mac/gcc-arm-none-eabi-8-2019-q3-update/bin/../lib/gcc/arm-none-eabi/8.3.1/../../../../arm-none-eabi/lib/thumb/v7e-m+fp/hard/libg_nano.a(lib_a-stdio.o)
                0x0000000000008f1e                __seofread
 .text.__swrite
                0x0000000000008f22       0x38 /Users/aaronrice/Documents/GitHub/Lab-Assignment-Watchdogs/toolchains/mac/gcc-arm-none-eabi-8-2019-q3-update/bin/../lib/gcc/arm-none-eabi/8.3.1/../../../../arm-none-eabi/lib/thumb/v7e-m+fp/hard/libg_nano.a(lib_a-stdio.o)
                0x0000000000008f22                __swrite
 .text.__sseek  0x0000000000008f5a       0x24 /Users/aaronrice/Documents/GitHub/Lab-Assignment-Watchdogs/toolchains/mac/gcc-arm-none-eabi-8-2019-q3-update/bin/../lib/gcc/arm-none-eabi/8.3.1/../../../../arm-none-eabi/lib/thumb/v7e-m+fp/hard/libg_nano.a(lib_a-stdio.o)
                0x0000000000008f5a                __sseek
 .text.__sclose
                0x0000000000008f7e        0x8 /Users/aaronrice/Documents/GitHub/Lab-Assignment-Watchdogs/toolchains/mac/gcc-arm-none-eabi-8-2019-q3-update/bin/../lib/gcc/arm-none-eabi/8.3.1/../../../../arm-none-eabi/lib/thumb/v7e-m+fp/hard/libg_nano.a(lib_a-stdio.o)
                0x0000000000008f7e                __sclose
 *fill*         0x0000000000008f86        0x2 ff
 .text.strcasecmp
                0x0000000000008f88       0x38 /Users/aaronrice/Documents/GitHub/Lab-Assignment-Watchdogs/toolchains/mac/gcc-arm-none-eabi-8-2019-q3-update/bin/../lib/gcc/arm-none-eabi/8.3.1/../../../../arm-none-eabi/lib/thumb/v7e-m+fp/hard/libg_nano.a(lib_a-strcasecmp.o)
                0x0000000000008f88                strcasecmp
 .text.strchr   0x0000000000008fc0       0x1a /Users/aaronrice/Documents/GitHub/Lab-Assignment-Watchdogs/toolchains/mac/gcc-arm-none-eabi-8-2019-q3-update/bin/../lib/gcc/arm-none-eabi/8.3.1/../../../../arm-none-eabi/lib/thumb/v7e-m+fp/hard/libg_nano.a(lib_a-strchr.o)
                0x0000000000008fc0                strchr
 .text          0x0000000000008fda       0x10 /Users/aaronrice/Documents/GitHub/Lab-Assignment-Watchdogs/toolchains/mac/gcc-arm-none-eabi-8-2019-q3-update/bin/../lib/gcc/arm-none-eabi/8.3.1/../../../../arm-none-eabi/lib/thumb/v7e-m+fp/hard/libg_nano.a(lib_a-strlen.o)
                0x0000000000008fda                strlen
 *fill*         0x0000000000008fea        0x2 ff
 .text.strncasecmp
                0x0000000000008fec       0x44 /Users/aaronrice/Documents/GitHub/Lab-Assignment-Watchdogs/toolchains/mac/gcc-arm-none-eabi-8-2019-q3-update/bin/../lib/gcc/arm-none-eabi/8.3.1/../../../../arm-none-eabi/lib/thumb/v7e-m+fp/hard/libg_nano.a(lib_a-strncasecmp.o)
                0x0000000000008fec                strncasecmp
 .text.strncmp  0x0000000000009030       0x24 /Users/aaronrice/Documents/GitHub/Lab-Assignment-Watchdogs/toolchains/mac/gcc-arm-none-eabi-8-2019-q3-update/bin/../lib/gcc/arm-none-eabi/8.3.1/../../../../arm-none-eabi/lib/thumb/v7e-m+fp/hard/libg_nano.a(lib_a-strncmp.o)
                0x0000000000009030                strncmp
 .text.strncpy  0x0000000000009054       0x26 /Users/aaronrice/Documents/GitHub/Lab-Assignment-Watchdogs/toolchains/mac/gcc-arm-none-eabi-8-2019-q3-update/bin/../lib/gcc/arm-none-eabi/8.3.1/../../../../arm-none-eabi/lib/thumb/v7e-m+fp/hard/libg_nano.a(lib_a-strncpy.o)
                0x0000000000009054                strncpy
 .text.strstr   0x000000000000907a       0x2e /Users/aaronrice/Documents/GitHub/Lab-Assignment-Watchdogs/toolchains/mac/gcc-arm-none-eabi-8-2019-q3-update/bin/../lib/gcc/arm-none-eabi/8.3.1/../../../../arm-none-eabi/lib/thumb/v7e-m+fp/hard/libg_nano.a(lib_a-strstr.o)
                0x000000000000907a                strstr
 .text.sulp     0x00000000000090a8       0x38 /Users/aaronrice/Documents/GitHub/Lab-Assignment-Watchdogs/toolchains/mac/gcc-arm-none-eabi-8-2019-q3-update/bin/../lib/gcc/arm-none-eabi/8.3.1/../../../../arm-none-eabi/lib/thumb/v7e-m+fp/hard/libg_nano.a(lib_a-strtod.o)
 .text._strtod_l
                0x00000000000090e0      0xb98 /Users/aaronrice/Documents/GitHub/Lab-Assignment-Watchdogs/toolchains/mac/gcc-arm-none-eabi-8-2019-q3-update/bin/../lib/gcc/arm-none-eabi/8.3.1/../../../../arm-none-eabi/lib/thumb/v7e-m+fp/hard/libg_nano.a(lib_a-strtod.o)
                0x00000000000090e0                _strtod_l
 .text._strtod_r
                0x0000000000009c78        0xc /Users/aaronrice/Documents/GitHub/Lab-Assignment-Watchdogs/toolchains/mac/gcc-arm-none-eabi-8-2019-q3-update/bin/../lib/gcc/arm-none-eabi/8.3.1/../../../../arm-none-eabi/lib/thumb/v7e-m+fp/hard/libg_nano.a(lib_a-strtod.o)
                0x0000000000009c78                _strtod_r
 .text._strtol_l.isra.0
                0x0000000000009c84       0xf0 /Users/aaronrice/Documents/GitHub/Lab-Assignment-Watchdogs/toolchains/mac/gcc-arm-none-eabi-8-2019-q3-update/bin/../lib/gcc/arm-none-eabi/8.3.1/../../../../arm-none-eabi/lib/thumb/v7e-m+fp/hard/libg_nano.a(lib_a-strtol.o)
 .text._strtol_r
                0x0000000000009d74        0x4 /Users/aaronrice/Documents/GitHub/Lab-Assignment-Watchdogs/toolchains/mac/gcc-arm-none-eabi-8-2019-q3-update/bin/../lib/gcc/arm-none-eabi/8.3.1/../../../../arm-none-eabi/lib/thumb/v7e-m+fp/hard/libg_nano.a(lib_a-strtol.o)
                0x0000000000009d74                _strtol_r
 .text.strtol   0x0000000000009d78       0x14 /Users/aaronrice/Documents/GitHub/Lab-Assignment-Watchdogs/toolchains/mac/gcc-arm-none-eabi-8-2019-q3-update/bin/../lib/gcc/arm-none-eabi/8.3.1/../../../../arm-none-eabi/lib/thumb/v7e-m+fp/hard/libg_nano.a(lib_a-strtol.o)
                0x0000000000009d78                strtol
 .text._vsnprintf_r
                0x0000000000009d8c       0x58 /Users/aaronrice/Documents/GitHub/Lab-Assignment-Watchdogs/toolchains/mac/gcc-arm-none-eabi-8-2019-q3-update/bin/../lib/gcc/arm-none-eabi/8.3.1/../../../../arm-none-eabi/lib/thumb/v7e-m+fp/hard/libg_nano.a(lib_a-vsnprintf.o)
                0x0000000000009d8c                _vsnprintf_r
                0x0000000000009d8c                _vsniprintf_r
 .text.vsnprintf
                0x0000000000009de4       0x1c /Users/aaronrice/Documents/GitHub/Lab-Assignment-Watchdogs/toolchains/mac/gcc-arm-none-eabi-8-2019-q3-update/bin/../lib/gcc/arm-none-eabi/8.3.1/../../../../arm-none-eabi/lib/thumb/v7e-m+fp/hard/libg_nano.a(lib_a-vsnprintf.o)
                0x0000000000009de4                vsnprintf
                0x0000000000009de4                vsniprintf
 .text._vsscanf_r
                0x0000000000009e00       0x48 /Users/aaronrice/Documents/GitHub/Lab-Assignment-Watchdogs/toolchains/mac/gcc-arm-none-eabi-8-2019-q3-update/bin/../lib/gcc/arm-none-eabi/8.3.1/../../../../arm-none-eabi/lib/thumb/v7e-m+fp/hard/libg_nano.a(lib_a-vsscanf.o)
                0x0000000000009e00                _vsiscanf_r
                0x0000000000009e00                _vsscanf_r
 .text.vsscanf  0x0000000000009e48       0x14 /Users/aaronrice/Documents/GitHub/Lab-Assignment-Watchdogs/toolchains/mac/gcc-arm-none-eabi-8-2019-q3-update/bin/../lib/gcc/arm-none-eabi/8.3.1/../../../../arm-none-eabi/lib/thumb/v7e-m+fp/hard/libg_nano.a(lib_a-vsscanf.o)
                0x0000000000009e48                vsscanf
                0x0000000000009e48                vsiscanf
 .text.__swbuf_r
                0x0000000000009e5c       0xa4 /Users/aaronrice/Documents/GitHub/Lab-Assignment-Watchdogs/toolchains/mac/gcc-arm-none-eabi-8-2019-q3-update/bin/../lib/gcc/arm-none-eabi/8.3.1/../../../../arm-none-eabi/lib/thumb/v7e-m+fp/hard/libg_nano.a(lib_a-wbuf.o)
                0x0000000000009e5c                __swbuf_r
 .text._write_r
                0x0000000000009f00       0x24 /Users/aaronrice/Documents/GitHub/Lab-Assignment-Watchdogs/toolchains/mac/gcc-arm-none-eabi-8-2019-q3-update/bin/../lib/gcc/arm-none-eabi/8.3.1/../../../../arm-none-eabi/lib/thumb/v7e-m+fp/hard/libg_nano.a(lib_a-writer.o)
                0x0000000000009f00                _write_r
 .text.__swsetup_r
                0x0000000000009f24       0xdc /Users/aaronrice/Documents/GitHub/Lab-Assignment-Watchdogs/toolchains/mac/gcc-arm-none-eabi-8-2019-q3-update/bin/../lib/gcc/arm-none-eabi/8.3.1/../../../../arm-none-eabi/lib/thumb/v7e-m+fp/hard/libg_nano.a(lib_a-wsetup.o)
                0x0000000000009f24                __swsetup_r
 .text._close_r
                0x000000000000a000       0x20 /Users/aaronrice/Documents/GitHub/Lab-Assignment-Watchdogs/toolchains/mac/gcc-arm-none-eabi-8-2019-q3-update/bin/../lib/gcc/arm-none-eabi/8.3.1/../../../../arm-none-eabi/lib/thumb/v7e-m+fp/hard/libg_nano.a(lib_a-closer.o)
                0x000000000000a000                _close_r
 .text.quorem   0x000000000000a020      0x112 /Users/aaronrice/Documents/GitHub/Lab-Assignment-Watchdogs/toolchains/mac/gcc-arm-none-eabi-8-2019-q3-update/bin/../lib/gcc/arm-none-eabi/8.3.1/../../../../arm-none-eabi/lib/thumb/v7e-m+fp/hard/libg_nano.a(lib_a-dtoa.o)
 *fill*         0x000000000000a132        0x6 ff
 .text._dtoa_r  0x000000000000a138      0xb74 /Users/aaronrice/Documents/GitHub/Lab-Assignment-Watchdogs/toolchains/mac/gcc-arm-none-eabi-8-2019-q3-update/bin/../lib/gcc/arm-none-eabi/8.3.1/../../../../arm-none-eabi/lib/thumb/v7e-m+fp/hard/libg_nano.a(lib_a-dtoa.o)
                0x000000000000a138                _dtoa_r
 .text.__sflags
                0x000000000000acac       0x6c /Users/aaronrice/Documents/GitHub/Lab-Assignment-Watchdogs/toolchains/mac/gcc-arm-none-eabi-8-2019-q3-update/bin/../lib/gcc/arm-none-eabi/8.3.1/../../../../arm-none-eabi/lib/thumb/v7e-m+fp/hard/libg_nano.a(lib_a-flags.o)
                0x000000000000acac                __sflags
 .text._fstat_r
                0x000000000000ad18       0x24 /Users/aaronrice/Documents/GitHub/Lab-Assignment-Watchdogs/toolchains/mac/gcc-arm-none-eabi-8-2019-q3-update/bin/../lib/gcc/arm-none-eabi/8.3.1/../../../../arm-none-eabi/lib/thumb/v7e-m+fp/hard/libg_nano.a(lib_a-fstatr.o)
                0x000000000000ad18                _fstat_r
 .text.rshift   0x000000000000ad3c       0x74 /Users/aaronrice/Documents/GitHub/Lab-Assignment-Watchdogs/toolchains/mac/gcc-arm-none-eabi-8-2019-q3-update/bin/../lib/gcc/arm-none-eabi/8.3.1/../../../../arm-none-eabi/lib/thumb/v7e-m+fp/hard/libg_nano.a(lib_a-gdtoa-gethex.o)
 .text.__hexdig_fun
                0x000000000000adb0       0x2a /Users/aaronrice/Documents/GitHub/Lab-Assignment-Watchdogs/toolchains/mac/gcc-arm-none-eabi-8-2019-q3-update/bin/../lib/gcc/arm-none-eabi/8.3.1/../../../../arm-none-eabi/lib/thumb/v7e-m+fp/hard/libg_nano.a(lib_a-gdtoa-gethex.o)
                0x000000000000adb0                __hexdig_fun
 *fill*         0x000000000000adda        0x2 ff
 .text.__gethex
                0x000000000000addc      0x448 /Users/aaronrice/Documents/GitHub/Lab-Assignment-Watchdogs/toolchains/mac/gcc-arm-none-eabi-8-2019-q3-update/bin/../lib/gcc/arm-none-eabi/8.3.1/../../../../arm-none-eabi/lib/thumb/v7e-m+fp/hard/libg_nano.a(lib_a-gdtoa-gethex.o)
                0x000000000000addc                __gethex
 .text.L_shift  0x000000000000b224       0x24 /Users/aaronrice/Documents/GitHub/Lab-Assignment-Watchdogs/toolchains/mac/gcc-arm-none-eabi-8-2019-q3-update/bin/../lib/gcc/arm-none-eabi/8.3.1/../../../../arm-none-eabi/lib/thumb/v7e-m+fp/hard/libg_nano.a(lib_a-gdtoa-hexnan.o)
 .text.__match  0x000000000000b248       0x28 /Users/aaronrice/Documents/GitHub/Lab-Assignment-Watchdogs/toolchains/mac/gcc-arm-none-eabi-8-2019-q3-update/bin/../lib/gcc/arm-none-eabi/8.3.1/../../../../arm-none-eabi/lib/thumb/v7e-m+fp/hard/libg_nano.a(lib_a-gdtoa-hexnan.o)
                0x000000000000b248                __match
 .text.__hexnan
                0x000000000000b270      0x120 /Users/aaronrice/Documents/GitHub/Lab-Assignment-Watchdogs/toolchains/mac/gcc-arm-none-eabi-8-2019-q3-update/bin/../lib/gcc/arm-none-eabi/8.3.1/../../../../arm-none-eabi/lib/thumb/v7e-m+fp/hard/libg_nano.a(lib_a-gdtoa-hexnan.o)
                0x000000000000b270                __hexnan
 .text._getc_r  0x000000000000b390       0x80 /Users/aaronrice/Documents/GitHub/Lab-Assignment-Watchdogs/toolchains/mac/gcc-arm-none-eabi-8-2019-q3-update/bin/../lib/gcc/arm-none-eabi/8.3.1/../../../../arm-none-eabi/lib/thumb/v7e-m+fp/hard/libg_nano.a(lib_a-getc.o)
                0x000000000000b390                _getc_r
 .text._isatty_r
                0x000000000000b410       0x20 /Users/aaronrice/Documents/GitHub/Lab-Assignment-Watchdogs/toolchains/mac/gcc-arm-none-eabi-8-2019-q3-update/bin/../lib/gcc/arm-none-eabi/8.3.1/../../../../arm-none-eabi/lib/thumb/v7e-m+fp/hard/libg_nano.a(lib_a-isattyr.o)
                0x000000000000b410                _isatty_r
 .text._localeconv_r
                0x000000000000b430        0x8 /Users/aaronrice/Documents/GitHub/Lab-Assignment-Watchdogs/toolchains/mac/gcc-arm-none-eabi-8-2019-q3-update/bin/../lib/gcc/arm-none-eabi/8.3.1/../../../../arm-none-eabi/lib/thumb/v7e-m+fp/hard/libg_nano.a(lib_a-localeconv.o)
                0x000000000000b430                _localeconv_r
 .text._lseek_r
                0x000000000000b438       0x24 /Users/aaronrice/Documents/GitHub/Lab-Assignment-Watchdogs/toolchains/mac/gcc-arm-none-eabi-8-2019-q3-update/bin/../lib/gcc/arm-none-eabi/8.3.1/../../../../arm-none-eabi/lib/thumb/v7e-m+fp/hard/libg_nano.a(lib_a-lseekr.o)
                0x000000000000b438                _lseek_r
 .text.__ascii_mbtowc
                0x000000000000b45c       0x24 /Users/aaronrice/Documents/GitHub/Lab-Assignment-Watchdogs/toolchains/mac/gcc-arm-none-eabi-8-2019-q3-update/bin/../lib/gcc/arm-none-eabi/8.3.1/../../../../arm-none-eabi/lib/thumb/v7e-m+fp/hard/libg_nano.a(lib_a-mbtowc_r.o)
                0x000000000000b45c                __ascii_mbtowc
 .text          0x000000000000b480       0xa0 /Users/aaronrice/Documents/GitHub/Lab-Assignment-Watchdogs/toolchains/mac/gcc-arm-none-eabi-8-2019-q3-update/bin/../lib/gcc/arm-none-eabi/8.3.1/../../../../arm-none-eabi/lib/thumb/v7e-m+fp/hard/libg_nano.a(lib_a-memchr.o)
                0x000000000000b480                memchr
 .text.__malloc_lock
                0x000000000000b520        0xc /Users/aaronrice/Documents/GitHub/Lab-Assignment-Watchdogs/toolchains/mac/gcc-arm-none-eabi-8-2019-q3-update/bin/../lib/gcc/arm-none-eabi/8.3.1/../../../../arm-none-eabi/lib/thumb/v7e-m+fp/hard/libg_nano.a(lib_a-mlock.o)
                0x000000000000b520                __malloc_lock
 .text.__malloc_unlock
                0x000000000000b52c        0xc /Users/aaronrice/Documents/GitHub/Lab-Assignment-Watchdogs/toolchains/mac/gcc-arm-none-eabi-8-2019-q3-update/bin/../lib/gcc/arm-none-eabi/8.3.1/../../../../arm-none-eabi/lib/thumb/v7e-m+fp/hard/libg_nano.a(lib_a-mlock.o)
                0x000000000000b52c                __malloc_unlock
 .text._Balloc  0x000000000000b538       0x68 /Users/aaronrice/Documents/GitHub/Lab-Assignment-Watchdogs/toolchains/mac/gcc-arm-none-eabi-8-2019-q3-update/bin/../lib/gcc/arm-none-eabi/8.3.1/../../../../arm-none-eabi/lib/thumb/v7e-m+fp/hard/libg_nano.a(lib_a-mprec.o)
                0x000000000000b538                _Balloc
 .text._Bfree   0x000000000000b5a0       0x2e /Users/aaronrice/Documents/GitHub/Lab-Assignment-Watchdogs/toolchains/mac/gcc-arm-none-eabi-8-2019-q3-update/bin/../lib/gcc/arm-none-eabi/8.3.1/../../../../arm-none-eabi/lib/thumb/v7e-m+fp/hard/libg_nano.a(lib_a-mprec.o)
                0x000000000000b5a0                _Bfree
 .text.__multadd
                0x000000000000b5ce       0x76 /Users/aaronrice/Documents/GitHub/Lab-Assignment-Watchdogs/toolchains/mac/gcc-arm-none-eabi-8-2019-q3-update/bin/../lib/gcc/arm-none-eabi/8.3.1/../../../../arm-none-eabi/lib/thumb/v7e-m+fp/hard/libg_nano.a(lib_a-mprec.o)
                0x000000000000b5ce                __multadd
 .text.__s2b    0x000000000000b644       0x7c /Users/aaronrice/Documents/GitHub/Lab-Assignment-Watchdogs/toolchains/mac/gcc-arm-none-eabi-8-2019-q3-update/bin/../lib/gcc/arm-none-eabi/8.3.1/../../../../arm-none-eabi/lib/thumb/v7e-m+fp/hard/libg_nano.a(lib_a-mprec.o)
                0x000000000000b644                __s2b
 .text.__hi0bits
                0x000000000000b6c0       0x40 /Users/aaronrice/Documents/GitHub/Lab-Assignment-Watchdogs/toolchains/mac/gcc-arm-none-eabi-8-2019-q3-update/bin/../lib/gcc/arm-none-eabi/8.3.1/../../../../arm-none-eabi/lib/thumb/v7e-m+fp/hard/libg_nano.a(lib_a-mprec.o)
                0x000000000000b6c0                __hi0bits
 .text.__lo0bits